Archive member included to satisfy reference by file (symbol)

../example1_bsp/\libhal_bsp.a(alt_load.o)
                              ../example1_bsp//obj/HAL/src/crt0.o (alt_load)
../example1_bsp/\libhal_bsp.a(alt_main.o)
                              ../example1_bsp//obj/HAL/src/crt0.o (alt_main)
../example1_bsp/\libhal_bsp.a(alt_sys_init.o)
                              ../example1_bsp/\libhal_bsp.a(alt_main.o) (alt_irq_init)
../example1_bsp/\libhal_bsp.a(altera_avalon_jtag_uart_fd.o)
                              ../example1_bsp/\libhal_bsp.a(alt_sys_init.o) (altera_avalon_jtag_uart_read_fd)
../example1_bsp/\libhal_bsp.a(altera_avalon_jtag_uart_init.o)
                              ../example1_bsp/\libhal_bsp.a(alt_sys_init.o) (altera_avalon_jtag_uart_init)
../example1_bsp/\libhal_bsp.a(altera_avalon_jtag_uart_ioctl.o)
                              ../example1_bsp/\libhal_bsp.a(altera_avalon_jtag_uart_fd.o) (altera_avalon_jtag_uart_ioctl)
../example1_bsp/\libhal_bsp.a(altera_avalon_jtag_uart_read.o)
                              ../example1_bsp/\libhal_bsp.a(altera_avalon_jtag_uart_fd.o) (altera_avalon_jtag_uart_read)
../example1_bsp/\libhal_bsp.a(altera_avalon_jtag_uart_write.o)
                              ../example1_bsp/\libhal_bsp.a(altera_avalon_jtag_uart_fd.o) (altera_avalon_jtag_uart_write)
../example1_bsp/\libhal_bsp.a(altera_avalon_timer_sc.o)
                              ../example1_bsp/\libhal_bsp.a(alt_sys_init.o) (alt_avalon_timer_sc_init)
../example1_bsp/\libhal_bsp.a(altera_up_avalon_character_lcd.o)
                              ../example1_bsp/\libhal_bsp.a(alt_sys_init.o) (alt_up_character_lcd_init)
../example1_bsp/\libhal_bsp.a(alt_alarm_start.o)
                              ../example1_bsp/\libhal_bsp.a(altera_avalon_jtag_uart_init.o) (alt_alarm_start)
../example1_bsp/\libhal_bsp.a(alt_close.o)
                              ../example1_bsp/\libhal_bsp.a(alt_main.o) (close)
../example1_bsp/\libhal_bsp.a(alt_dcache_flush_all.o)
                              ../example1_bsp/\libhal_bsp.a(alt_load.o) (alt_dcache_flush_all)
../example1_bsp/\libhal_bsp.a(alt_dev.o)
                              ../example1_bsp/\libhal_bsp.a(alt_sys_init.o) (alt_dev_list)
../example1_bsp/\libhal_bsp.a(alt_dev_llist_insert.o)
                              ../example1_bsp/\libhal_bsp.a(alt_sys_init.o) (alt_dev_llist_insert)
../example1_bsp/\libhal_bsp.a(alt_do_ctors.o)
                              ../example1_bsp/\libhal_bsp.a(alt_main.o) (_do_ctors)
../example1_bsp/\libhal_bsp.a(alt_do_dtors.o)
                              ../example1_bsp/\libhal_bsp.a(alt_main.o) (_do_dtors)
../example1_bsp/\libhal_bsp.a(alt_errno.o)
                              ../example1_bsp/\libhal_bsp.a(alt_close.o) (alt_errno)
../example1_bsp/\libhal_bsp.a(alt_find_dev.o)
                              ../example1_bsp/\libhal_bsp.a(altera_up_avalon_character_lcd.o) (alt_find_dev)
../example1_bsp/\libhal_bsp.a(alt_icache_flush_all.o)
                              ../example1_bsp/\libhal_bsp.a(alt_load.o) (alt_icache_flush_all)
../example1_bsp/\libhal_bsp.a(alt_iic.o)
                              ../example1_bsp/\libhal_bsp.a(altera_avalon_jtag_uart_init.o) (alt_ic_isr_register)
../example1_bsp/\libhal_bsp.a(alt_iic_isr_register.o)
                              ../example1_bsp/\libhal_bsp.a(alt_iic.o) (alt_iic_isr_register)
../example1_bsp/\libhal_bsp.a(alt_io_redirect.o)
                              ../example1_bsp/\libhal_bsp.a(alt_main.o) (alt_io_redirect)
../example1_bsp/\libhal_bsp.a(alt_irq_entry.o)
                              ../example1_bsp/\libhal_bsp.a(alt_iic_isr_register.o) (alt_irq_entry)
../example1_bsp/\libhal_bsp.a(alt_irq_handler.o)
                              ../example1_bsp/\libhal_bsp.a(alt_iic_isr_register.o) (alt_irq)
../example1_bsp/\libhal_bsp.a(alt_irq_vars.o)
                              ../example1_bsp/\libhal_bsp.a(alt_iic.o) (alt_irq_active)
../example1_bsp/\libhal_bsp.a(alt_open.o)
                              ../example1_bsp/\libhal_bsp.a(alt_io_redirect.o) (open)
../example1_bsp/\libhal_bsp.a(alt_release_fd.o)
                              ../example1_bsp/\libhal_bsp.a(alt_close.o) (alt_release_fd)
../example1_bsp/\libhal_bsp.a(alt_tick.o)
                              ../example1_bsp/\libhal_bsp.a(altera_avalon_jtag_uart_init.o) (_alt_tick_rate)
../example1_bsp/\libhal_bsp.a(altera_nios2_qsys_irq.o)
                              ../example1_bsp/\libhal_bsp.a(alt_sys_init.o) (altera_nios2_qsys_irq_init)
../example1_bsp/\libhal_bsp.a(alt_exception_entry.o)
                              ../example1_bsp/\libhal_bsp.a(alt_irq_entry.o) (alt_exception)
../example1_bsp/\libhal_bsp.a(alt_find_file.o)
                              ../example1_bsp/\libhal_bsp.a(alt_open.o) (alt_find_file)
../example1_bsp/\libhal_bsp.a(alt_get_fd.o)
                              ../example1_bsp/\libhal_bsp.a(alt_open.o) (alt_get_fd)
../example1_bsp/\libhal_bsp.a(alt_icache_flush.o)
                              ../example1_bsp/\libhal_bsp.a(alt_icache_flush_all.o) (alt_icache_flush)
c:/altera/15.0/_/nios2eds/bin/gnu/h-x86_64-mingw32/bin/../lib/gcc/nios2-elf/4.9.1/../../../../../H-x86_64-mingw32/nios2-elf/lib\libc.a(lib_a-atexit.o)
                              ../example1_bsp/\libhal_bsp.a(alt_main.o) (atexit)
c:/altera/15.0/_/nios2eds/bin/gnu/h-x86_64-mingw32/bin/../lib/gcc/nios2-elf/4.9.1/../../../../../H-x86_64-mingw32/nios2-elf/lib\libc.a(lib_a-exit.o)
                              ../example1_bsp/\libhal_bsp.a(alt_main.o) (exit)
c:/altera/15.0/_/nios2eds/bin/gnu/h-x86_64-mingw32/bin/../lib/gcc/nios2-elf/4.9.1/../../../../../H-x86_64-mingw32/nios2-elf/lib\libc.a(lib_a-impure.o)
                              c:/altera/15.0/_/nios2eds/bin/gnu/h-x86_64-mingw32/bin/../lib/gcc/nios2-elf/4.9.1/../../../../../H-x86_64-mingw32/nios2-elf/lib\libc.a(lib_a-exit.o) (_global_impure_ptr)
c:/altera/15.0/_/nios2eds/bin/gnu/h-x86_64-mingw32/bin/../lib/gcc/nios2-elf/4.9.1/../../../../../H-x86_64-mingw32/nios2-elf/lib\libc.a(lib_a-int_errno.o)
                              ../example1_bsp/\libhal_bsp.a(alt_close.o) (errno)
c:/altera/15.0/_/nios2eds/bin/gnu/h-x86_64-mingw32/bin/../lib/gcc/nios2-elf/4.9.1/../../../../../H-x86_64-mingw32/nios2-elf/lib\libc.a(lib_a-memcmp.o)
                              ../example1_bsp/\libhal_bsp.a(alt_find_dev.o) (memcmp)
c:/altera/15.0/_/nios2eds/bin/gnu/h-x86_64-mingw32/bin/../lib/gcc/nios2-elf/4.9.1/../../../../../H-x86_64-mingw32/nios2-elf/lib\libc.a(lib_a-memcpy.o)
                              ../example1_bsp/\libhal_bsp.a(altera_avalon_jtag_uart_read.o) (memcpy)
c:/altera/15.0/_/nios2eds/bin/gnu/h-x86_64-mingw32/bin/../lib/gcc/nios2-elf/4.9.1/../../../../../H-x86_64-mingw32/nios2-elf/lib\libc.a(lib_a-strlen.o)
                              ../example1_bsp/\libhal_bsp.a(alt_find_dev.o) (strlen)
c:/altera/15.0/_/nios2eds/bin/gnu/h-x86_64-mingw32/bin/../lib/gcc/nios2-elf/4.9.1/../../../../../H-x86_64-mingw32/nios2-elf/lib\libc.a(lib_a-__atexit.o)
                              c:/altera/15.0/_/nios2eds/bin/gnu/h-x86_64-mingw32/bin/../lib/gcc/nios2-elf/4.9.1/../../../../../H-x86_64-mingw32/nios2-elf/lib\libc.a(lib_a-atexit.o) (__register_exitproc)
c:/altera/15.0/_/nios2eds/bin/gnu/h-x86_64-mingw32/bin/../lib/gcc/nios2-elf/4.9.1/../../../../../H-x86_64-mingw32/nios2-elf/lib\libc.a(lib_a-__call_atexit.o)
                              c:/altera/15.0/_/nios2eds/bin/gnu/h-x86_64-mingw32/bin/../lib/gcc/nios2-elf/4.9.1/../../../../../H-x86_64-mingw32/nios2-elf/lib\libc.a(lib_a-exit.o) (__call_exitprocs)
../example1_bsp/\libhal_bsp.a(alt_exit.o)
                              c:/altera/15.0/_/nios2eds/bin/gnu/h-x86_64-mingw32/bin/../lib/gcc/nios2-elf/4.9.1/../../../../../H-x86_64-mingw32/nios2-elf/lib\libc.a(lib_a-exit.o) (_exit)

Allocating common symbols
Common symbol       size              file

alt_irq             0x100             ../example1_bsp/\libhal_bsp.a(alt_irq_handler.o)
errno               0x4               c:/altera/15.0/_/nios2eds/bin/gnu/h-x86_64-mingw32/bin/../lib/gcc/nios2-elf/4.9.1/../../../../../H-x86_64-mingw32/nios2-elf/lib\libc.a(lib_a-int_errno.o)

Memory Configuration

Name             Origin             Length             Attributes
reset            0x0000000008000000 0x0000000000000020
sdram            0x0000000008000020 0x0000000003ffffe0
*default*        0x0000000000000000 0xffffffffffffffff

Linker script and memory map

LOAD ../example1_bsp//obj/HAL/src/crt0.o
LOAD obj/default/hello_world.o
LOAD c:/altera/15.0/_/nios2eds/bin/gnu/h-x86_64-mingw32/bin/../lib/gcc/nios2-elf/4.9.1/../../../../../H-x86_64-mingw32/nios2-elf/lib\libstdc++.a
LOAD c:/altera/15.0/_/nios2eds/bin/gnu/h-x86_64-mingw32/bin/../lib/gcc/nios2-elf/4.9.1/../../../../../H-x86_64-mingw32/nios2-elf/lib\libm.a
LOAD c:/altera/15.0/_/nios2eds/bin/gnu/h-x86_64-mingw32/bin/../lib/gcc/nios2-elf/4.9.1\libgcc.a
START GROUP
LOAD c:/altera/15.0/_/nios2eds/bin/gnu/h-x86_64-mingw32/bin/../lib/gcc/nios2-elf/4.9.1/../../../../../H-x86_64-mingw32/nios2-elf/lib\libc.a
LOAD c:/altera/15.0/_/nios2eds/bin/gnu/h-x86_64-mingw32/bin/../lib/gcc/nios2-elf/4.9.1\libgcc.a
LOAD ../example1_bsp/\libhal_bsp.a
LOAD c:/altera/15.0/_/nios2eds/bin/gnu/h-x86_64-mingw32/bin/../lib/gcc/nios2-elf/4.9.1/../../../../../H-x86_64-mingw32/nios2-elf/lib\libm.a
END GROUP
LOAD c:/altera/15.0/_/nios2eds/bin/gnu/h-x86_64-mingw32/bin/../lib/gcc/nios2-elf/4.9.1\libgcc.a
                0x0000000008000000                __alt_mem_sdram = 0x8000000

.entry          0x0000000008000000       0x20
 *(.entry)
 .entry         0x0000000008000000       0x20 ../example1_bsp//obj/HAL/src/crt0.o
                0x0000000008000000                __reset

.exceptions     0x0000000008000020      0x19c
                0x0000000008000020                PROVIDE (__ram_exceptions_start, ABSOLUTE (.))
                0x0000000008000020                . = ALIGN (0x20)
 *(.irq)
 *(.exceptions.entry.label)
 .exceptions.entry.label
                0x0000000008000020        0x0 ../example1_bsp/\libhal_bsp.a(alt_irq_entry.o)
                0x0000000008000020                alt_irq_entry
 .exceptions.entry.label
                0x0000000008000020        0x0 ../example1_bsp/\libhal_bsp.a(alt_exception_entry.o)
                0x0000000008000020                alt_exception
 *(.exceptions.entry.user)
 *(.exceptions.entry.ecc_fatal)
 *(.exceptions.entry)
 .exceptions.entry
                0x0000000008000020       0x54 ../example1_bsp/\libhal_bsp.a(alt_exception_entry.o)
 *(.exceptions.irqtest.user)
 *(.exceptions.irqtest)
 .exceptions.irqtest
                0x0000000008000074       0x10 ../example1_bsp/\libhal_bsp.a(alt_irq_entry.o)
 *(.exceptions.irqhandler.user)
 *(.exceptions.irqhandler)
 .exceptions.irqhandler
                0x0000000008000084        0x4 ../example1_bsp/\libhal_bsp.a(alt_irq_entry.o)
 *(.exceptions.irqreturn.user)
 *(.exceptions.irqreturn)
 .exceptions.irqreturn
                0x0000000008000088        0x4 ../example1_bsp/\libhal_bsp.a(alt_irq_entry.o)
 *(.exceptions.notirq.label)
 .exceptions.notirq.label
                0x000000000800008c        0x0 ../example1_bsp/\libhal_bsp.a(alt_irq_entry.o)
 *(.exceptions.notirq.user)
 *(.exceptions.notirq)
 .exceptions.notirq
                0x000000000800008c        0x8 ../example1_bsp/\libhal_bsp.a(alt_exception_entry.o)
 *(.exceptions.soft.user)
 *(.exceptions.soft)
 *(.exceptions.unknown.user)
 *(.exceptions.unknown)
 .exceptions.unknown
                0x0000000008000094        0x4 ../example1_bsp/\libhal_bsp.a(alt_exception_entry.o)
 *(.exceptions.exit.label)
 .exceptions.exit.label
                0x0000000008000098        0x0 ../example1_bsp/\libhal_bsp.a(alt_irq_entry.o)
 .exceptions.exit.label
                0x0000000008000098        0x0 ../example1_bsp/\libhal_bsp.a(alt_exception_entry.o)
 *(.exceptions.exit.user)
 *(.exceptions.exit)
 .exceptions.exit
                0x0000000008000098       0x54 ../example1_bsp/\libhal_bsp.a(alt_exception_entry.o)
 *(.exceptions)
 .exceptions    0x00000000080000ec       0xd0 ../example1_bsp/\libhal_bsp.a(alt_irq_handler.o)
                0x00000000080000ec                alt_irq_handler
                0x00000000080001bc                PROVIDE (__ram_exceptions_end, ABSOLUTE (.))
                0x0000000008000020                PROVIDE (__flash_exceptions_start, LOADADDR (.exceptions))

.text           0x00000000080001bc     0x2828
                0x00000000080001bc                PROVIDE (stext, ABSOLUTE (.))
 *(.interp)
 *(.hash)
 *(.dynsym)
 *(.dynstr)
 *(.gnu.version)
 *(.gnu.version_d)
 *(.gnu.version_r)
 *(.rel.init)
 *(.rela.init)
 *(.rel.text .rel.text.* .rel.gnu.linkonce.t.*)
 *(.rela.text .rela.text.* .rela.gnu.linkonce.t.*)
 *(.rel.fini)
 *(.rela.fini)
 *(.rel.rodata .rel.rodata.* .rel.gnu.linkonce.r.*)
 *(.rela.rodata .rela.rodata.* .rela.gnu.linkonce.r.*)
 *(.rel.data .rel.data.* .rel.gnu.linkonce.d.*)
 *(.rela.data .rela.data.* .rela.gnu.linkonce.d.*)
 *(.rel.tdata .rel.tdata.* .rel.gnu.linkonce.td.*)
 *(.rela.tdata .rela.tdata.* .rela.gnu.linkonce.td.*)
 *(.rel.tbss .rel.tbss.* .rel.gnu.linkonce.tb.*)
 *(.rela.tbss .rela.tbss.* .rela.gnu.linkonce.tb.*)
 *(.rel.ctors)
 *(.rela.ctors)
 *(.rel.dtors)
 *(.rela.dtors)
 *(.rel.got)
 *(.rela.got)
 *(.rel.sdata .rel.sdata.* .rel.gnu.linkonce.s.*)
 *(.rela.sdata .rela.sdata.* .rela.gnu.linkonce.s.*)
 *(.rel.sbss .rel.sbss.* .rel.gnu.linkonce.sb.*)
 *(.rela.sbss .rela.sbss.* .rela.gnu.linkonce.sb.*)
 *(.rel.sdata2 .rel.sdata2.* .rel.gnu.linkonce.s2.*)
 *(.rela.sdata2 .rela.sdata2.* .rela.gnu.linkonce.s2.*)
 *(.rel.sbss2 .rel.sbss2.* .rel.gnu.linkonce.sb2.*)
 *(.rela.sbss2 .rela.sbss2.* .rela.gnu.linkonce.sb2.*)
 *(.rel.bss .rel.bss.* .rel.gnu.linkonce.b.*)
 *(.rela.bss .rela.bss.* .rela.gnu.linkonce.b.*)
 *(.rel.plt)
 *(.rela.plt)
 *(.rel.dyn)
 *(.init)
 *(.plt)
 *(.text .stub .text.* .gnu.linkonce.t.*)
 .text          0x00000000080001bc       0x3c ../example1_bsp//obj/HAL/src/crt0.o
                0x00000000080001bc                _start
 .text          0x00000000080001f8       0x20 obj/default/hello_world.o
                0x00000000080001f8                main
 .text          0x0000000008000218       0xe4 ../example1_bsp/\libhal_bsp.a(alt_load.o)
                0x000000000800027c                alt_load
 .text          0x00000000080002fc       0x78 ../example1_bsp/\libhal_bsp.a(alt_main.o)
                0x00000000080002fc                alt_main
 .text          0x0000000008000374       0xdc ../example1_bsp/\libhal_bsp.a(alt_sys_init.o)
                0x00000000080003ac                alt_irq_init
                0x00000000080003e0                alt_sys_init
 .text          0x0000000008000450      0x164 ../example1_bsp/\libhal_bsp.a(altera_avalon_jtag_uart_fd.o)
                0x0000000008000450                altera_avalon_jtag_uart_read_fd
                0x00000000080004b0                altera_avalon_jtag_uart_write_fd
                0x0000000008000510                altera_avalon_jtag_uart_close_fd
                0x0000000008000560                altera_avalon_jtag_uart_ioctl_fd
 .text          0x00000000080005b4      0x3d8 ../example1_bsp/\libhal_bsp.a(altera_avalon_jtag_uart_init.o)
                0x00000000080005b4                altera_avalon_jtag_uart_init
                0x0000000008000924                altera_avalon_jtag_uart_close
 .text          0x000000000800098c       0xec ../example1_bsp/\libhal_bsp.a(altera_avalon_jtag_uart_ioctl.o)
                0x000000000800098c                altera_avalon_jtag_uart_ioctl
 .text          0x0000000008000a78      0x20c ../example1_bsp/\libhal_bsp.a(altera_avalon_jtag_uart_read.o)
                0x0000000008000a78                altera_avalon_jtag_uart_read
 .text          0x0000000008000c84      0x218 ../example1_bsp/\libhal_bsp.a(altera_avalon_jtag_uart_write.o)
                0x0000000008000c84                altera_avalon_jtag_uart_write
 .text          0x0000000008000e9c       0xfc ../example1_bsp/\libhal_bsp.a(altera_avalon_timer_sc.o)
                0x0000000008000f10                alt_avalon_timer_sc_init
 .text          0x0000000008000f98      0x4d8 ../example1_bsp/\libhal_bsp.a(altera_up_avalon_character_lcd.o)
                0x0000000008000f98                get_DDRAM_addr
                0x000000000800100c                alt_up_character_lcd_send_cmd
                0x0000000008001048                alt_up_character_lcd_init
                0x000000000800107c                alt_up_character_lcd_open_dev
                0x00000000080010bc                alt_up_character_lcd_write
                0x0000000008001134                alt_up_character_lcd_string
                0x00000000080011a8                alt_up_character_lcd_write_fd
                0x00000000080011f8                alt_up_character_lcd_set_cursor_pos
                0x000000000800126c                alt_up_character_lcd_shift_cursor
                0x00000000080012f4                alt_up_character_lcd_shift_display
                0x000000000800137c                alt_up_character_lcd_erase_pos
                0x0000000008001408                alt_up_character_lcd_cursor_off
                0x000000000800143c                alt_up_character_lcd_cursor_blink_on
 .text          0x0000000008001470      0x140 ../example1_bsp/\libhal_bsp.a(alt_alarm_start.o)
                0x0000000008001470                alt_alarm_start
 .text          0x00000000080015b0      0x120 ../example1_bsp/\libhal_bsp.a(alt_close.o)
                0x0000000008001600                close
 .text          0x00000000080016d0       0x1c ../example1_bsp/\libhal_bsp.a(alt_dcache_flush_all.o)
                0x00000000080016d0                alt_dcache_flush_all
 .text          0x00000000080016ec       0x2c ../example1_bsp/\libhal_bsp.a(alt_dev.o)
 .text          0x0000000008001718       0xf4 ../example1_bsp/\libhal_bsp.a(alt_dev_llist_insert.o)
                0x0000000008001768                alt_dev_llist_insert
 .text          0x000000000800180c       0x5c ../example1_bsp/\libhal_bsp.a(alt_do_ctors.o)
                0x000000000800180c                _do_ctors
 .text          0x0000000008001868       0x5c ../example1_bsp/\libhal_bsp.a(alt_do_dtors.o)
                0x0000000008001868                _do_dtors
 .text          0x00000000080018c4        0x0 ../example1_bsp/\libhal_bsp.a(alt_errno.o)
 .text          0x00000000080018c4       0x90 ../example1_bsp/\libhal_bsp.a(alt_find_dev.o)
                0x00000000080018c4                alt_find_dev
 .text          0x0000000008001954       0x30 ../example1_bsp/\libhal_bsp.a(alt_icache_flush_all.o)
                0x0000000008001954                alt_icache_flush_all
 .text          0x0000000008001984      0x1e0 ../example1_bsp/\libhal_bsp.a(alt_iic.o)
                0x0000000008001984                alt_ic_isr_register
                0x00000000080019d4                alt_ic_irq_enable
                0x0000000008001a74                alt_ic_irq_disable
                0x0000000008001b18                alt_ic_irq_enabled
 .text          0x0000000008001b64       0xf0 ../example1_bsp/\libhal_bsp.a(alt_iic_isr_register.o)
                0x0000000008001b64                alt_iic_isr_register
 .text          0x0000000008001c54      0x138 ../example1_bsp/\libhal_bsp.a(alt_io_redirect.o)
                0x0000000008001d14                alt_io_redirect
 .text          0x0000000008001d8c        0x0 ../example1_bsp/\libhal_bsp.a(alt_irq_entry.o)
 .text          0x0000000008001d8c        0x0 ../example1_bsp/\libhal_bsp.a(alt_irq_handler.o)
 .text          0x0000000008001d8c        0x0 ../example1_bsp/\libhal_bsp.a(alt_irq_vars.o)
 .text          0x0000000008001d8c      0x274 ../example1_bsp/\libhal_bsp.a(alt_open.o)
                0x0000000008001ea8                open
 .text          0x0000000008002000       0x60 ../example1_bsp/\libhal_bsp.a(alt_release_fd.o)
                0x0000000008002000                alt_release_fd
 .text          0x0000000008002060      0x19c ../example1_bsp/\libhal_bsp.a(alt_tick.o)
                0x0000000008002060                alt_alarm_stop
                0x00000000080020f8                alt_tick
 .text          0x00000000080021fc       0x20 ../example1_bsp/\libhal_bsp.a(altera_nios2_qsys_irq.o)
                0x00000000080021fc                altera_nios2_qsys_irq_init
 .text          0x000000000800221c        0x0 ../example1_bsp/\libhal_bsp.a(alt_exception_entry.o)
 .text          0x000000000800221c      0x114 ../example1_bsp/\libhal_bsp.a(alt_find_file.o)
                0x000000000800221c                alt_find_file
 .text          0x0000000008002330       0xb4 ../example1_bsp/\libhal_bsp.a(alt_get_fd.o)
                0x0000000008002330                alt_get_fd
 .text          0x00000000080023e4       0x8c ../example1_bsp/\libhal_bsp.a(alt_icache_flush.o)
                0x00000000080023e4                alt_icache_flush
 .text          0x0000000008002470       0x14 c:/altera/15.0/_/nios2eds/bin/gnu/h-x86_64-mingw32/bin/../lib/gcc/nios2-elf/4.9.1/../../../../../H-x86_64-mingw32/nios2-elf/lib\libc.a(lib_a-atexit.o)
                0x0000000008002470                atexit
 .text          0x0000000008002484       0x38 c:/altera/15.0/_/nios2eds/bin/gnu/h-x86_64-mingw32/bin/../lib/gcc/nios2-elf/4.9.1/../../../../../H-x86_64-mingw32/nios2-elf/lib\libc.a(lib_a-exit.o)
                0x0000000008002484                exit
 .text          0x00000000080024bc        0x0 c:/altera/15.0/_/nios2eds/bin/gnu/h-x86_64-mingw32/bin/../lib/gcc/nios2-elf/4.9.1/../../../../../H-x86_64-mingw32/nios2-elf/lib\libc.a(lib_a-impure.o)
 .text          0x00000000080024bc        0x0 c:/altera/15.0/_/nios2eds/bin/gnu/h-x86_64-mingw32/bin/../lib/gcc/nios2-elf/4.9.1/../../../../../H-x86_64-mingw32/nios2-elf/lib\libc.a(lib_a-int_errno.o)
 .text          0x00000000080024bc       0x7c c:/altera/15.0/_/nios2eds/bin/gnu/h-x86_64-mingw32/bin/../lib/gcc/nios2-elf/4.9.1/../../../../../H-x86_64-mingw32/nios2-elf/lib\libc.a(lib_a-memcmp.o)
                0x00000000080024bc                memcmp
 .text          0x0000000008002538      0x138 c:/altera/15.0/_/nios2eds/bin/gnu/h-x86_64-mingw32/bin/../lib/gcc/nios2-elf/4.9.1/../../../../../H-x86_64-mingw32/nios2-elf/lib\libc.a(lib_a-memcpy.o)
                0x0000000008002538                memcpy
 .text          0x0000000008002670       0x98 c:/altera/15.0/_/nios2eds/bin/gnu/h-x86_64-mingw32/bin/../lib/gcc/nios2-elf/4.9.1/../../../../../H-x86_64-mingw32/nios2-elf/lib\libc.a(lib_a-strlen.o)
                0x0000000008002670                strlen
 .text          0x0000000008002708      0x114 c:/altera/15.0/_/nios2eds/bin/gnu/h-x86_64-mingw32/bin/../lib/gcc/nios2-elf/4.9.1/../../../../../H-x86_64-mingw32/nios2-elf/lib\libc.a(lib_a-__atexit.o)
                0x0000000008002708                __register_exitproc
 .text          0x000000000800281c      0x194 c:/altera/15.0/_/nios2eds/bin/gnu/h-x86_64-mingw32/bin/../lib/gcc/nios2-elf/4.9.1/../../../../../H-x86_64-mingw32/nios2-elf/lib\libc.a(lib_a-__call_atexit.o)
                0x000000000800281c                __call_exitprocs
 .text          0x00000000080029b0       0x34 ../example1_bsp/\libhal_bsp.a(alt_exit.o)
                0x00000000080029b0                _exit
 *(.gnu.warning.*)
 *(.fini)
                0x00000000080029e4                PROVIDE (__etext, ABSOLUTE (.))
                0x00000000080029e4                PROVIDE (_etext, ABSOLUTE (.))
                0x00000000080029e4                PROVIDE (etext, ABSOLUTE (.))
 *(.eh_frame_hdr)
                0x00000000080029e4                . = ALIGN (0x4)
                0x00000000080029e4                PROVIDE (__preinit_array_start, ABSOLUTE (.))
 *(.preinit_array)
                0x00000000080029e4                PROVIDE (__preinit_array_end, ABSOLUTE (.))
                0x00000000080029e4                PROVIDE (__init_array_start, ABSOLUTE (.))
 *(.init_array)
                0x00000000080029e4                PROVIDE (__init_array_end, ABSOLUTE (.))
                0x00000000080029e4                PROVIDE (__fini_array_start, ABSOLUTE (.))
 *(.fini_array)
                0x00000000080029e4                PROVIDE (__fini_array_end, ABSOLUTE (.))
 *(.eh_frame)
 *(.gcc_except_table .gcc_except_table.*)
 *(.dynamic)
                0x00000000080029e4                PROVIDE (__CTOR_LIST__, ABSOLUTE (.))
 *(.ctors)
 *(SORT(.ctors.*))
                0x00000000080029e4                PROVIDE (__CTOR_END__, ABSOLUTE (.))
                0x00000000080029e4                PROVIDE (__DTOR_LIST__, ABSOLUTE (.))
 *(.dtors)
 *(SORT(.dtors.*))
                0x00000000080029e4                PROVIDE (__DTOR_END__, ABSOLUTE (.))
 *(.jcr)
                0x00000000080029e4                . = ALIGN (0x4)

.rodata         0x00000000080029e4       0x50
                0x00000000080029e4                PROVIDE (__ram_rodata_start, ABSOLUTE (.))
                0x00000000080029e4                . = ALIGN (0x4)
 *(.rodata .rodata.* .gnu.linkonce.r.*)
 .rodata        0x00000000080029e4       0x14 ../example1_bsp/\libhal_bsp.a(alt_main.o)
 .rodata        0x00000000080029f8       0x2c ../example1_bsp/\libhal_bsp.a(alt_sys_init.o)
 .rodata        0x0000000008002a24        0xc ../example1_bsp/\libhal_bsp.a(alt_dev.o)
 .rodata.str1.4
                0x0000000008002a30        0x4 c:/altera/15.0/_/nios2eds/bin/gnu/h-x86_64-mingw32/bin/../lib/gcc/nios2-elf/4.9.1/../../../../../H-x86_64-mingw32/nios2-elf/lib\libc.a(lib_a-impure.o)
 *(.rodata1)
                0x0000000008002a34                . = ALIGN (0x4)
                0x0000000008002a34                PROVIDE (__ram_rodata_end, ABSOLUTE (.))
                0x00000000080029e4                PROVIDE (__flash_rodata_start, LOADADDR (.rodata))

.rwdata         0x0000000008002a34     0x1684 load address 0x00000000080040b8
                0x0000000008002a34                PROVIDE (__ram_rwdata_start, ABSOLUTE (.))
                0x0000000008002a34                . = ALIGN (0x4)
 *(.got.plt)
 *(.got)
 *(.data1)
 *(.data .data.* .gnu.linkonce.d.*)
 .data          0x0000000008002a34        0x0 ../example1_bsp//obj/HAL/src/crt0.o
 .data          0x0000000008002a34        0x0 obj/default/hello_world.o
 .data          0x0000000008002a34        0x0 ../example1_bsp/\libhal_bsp.a(alt_load.o)
 .data          0x0000000008002a34        0x0 ../example1_bsp/\libhal_bsp.a(alt_main.o)
 .data          0x0000000008002a34     0x108c ../example1_bsp/\libhal_bsp.a(alt_sys_init.o)
 .data          0x0000000008003ac0        0x0 ../example1_bsp/\libhal_bsp.a(altera_avalon_jtag_uart_fd.o)
 .data          0x0000000008003ac0        0x0 ../example1_bsp/\libhal_bsp.a(altera_avalon_jtag_uart_init.o)
 .data          0x0000000008003ac0        0x0 ../example1_bsp/\libhal_bsp.a(altera_avalon_jtag_uart_ioctl.o)
 .data          0x0000000008003ac0        0x0 ../example1_bsp/\libhal_bsp.a(altera_avalon_jtag_uart_read.o)
 .data          0x0000000008003ac0        0x0 ../example1_bsp/\libhal_bsp.a(altera_avalon_jtag_uart_write.o)
 .data          0x0000000008003ac0        0x0 ../example1_bsp/\libhal_bsp.a(altera_avalon_timer_sc.o)
 .data          0x0000000008003ac0        0x0 ../example1_bsp/\libhal_bsp.a(altera_up_avalon_character_lcd.o)
 .data          0x0000000008003ac0        0x0 ../example1_bsp/\libhal_bsp.a(alt_alarm_start.o)
 .data          0x0000000008003ac0        0x0 ../example1_bsp/\libhal_bsp.a(alt_close.o)
 .data          0x0000000008003ac0        0x0 ../example1_bsp/\libhal_bsp.a(alt_dcache_flush_all.o)
 .data          0x0000000008003ac0      0x1a8 ../example1_bsp/\libhal_bsp.a(alt_dev.o)
                0x0000000008003ac0                alt_dev_null
                0x0000000008003ae8                alt_fd_list
 .data          0x0000000008003c68        0x0 ../example1_bsp/\libhal_bsp.a(alt_dev_llist_insert.o)
 .data          0x0000000008003c68        0x0 ../example1_bsp/\libhal_bsp.a(alt_do_ctors.o)
 .data          0x0000000008003c68        0x0 ../example1_bsp/\libhal_bsp.a(alt_do_dtors.o)
 .data          0x0000000008003c68        0x0 ../example1_bsp/\libhal_bsp.a(alt_errno.o)
 .data          0x0000000008003c68        0x0 ../example1_bsp/\libhal_bsp.a(alt_find_dev.o)
 .data          0x0000000008003c68        0x0 ../example1_bsp/\libhal_bsp.a(alt_icache_flush_all.o)
 .data          0x0000000008003c68        0x0 ../example1_bsp/\libhal_bsp.a(alt_iic.o)
 .data          0x0000000008003c68        0x0 ../example1_bsp/\libhal_bsp.a(alt_iic_isr_register.o)
 .data          0x0000000008003c68        0x0 ../example1_bsp/\libhal_bsp.a(alt_io_redirect.o)
 .data          0x0000000008003c68        0x0 ../example1_bsp/\libhal_bsp.a(alt_irq_entry.o)
 .data          0x0000000008003c68        0x0 ../example1_bsp/\libhal_bsp.a(alt_irq_handler.o)
 .data          0x0000000008003c68        0x0 ../example1_bsp/\libhal_bsp.a(alt_irq_vars.o)
 .data          0x0000000008003c68        0x0 ../example1_bsp/\libhal_bsp.a(alt_open.o)
 .data          0x0000000008003c68        0x0 ../example1_bsp/\libhal_bsp.a(alt_release_fd.o)
 .data          0x0000000008003c68        0x0 ../example1_bsp/\libhal_bsp.a(alt_tick.o)
 .data          0x0000000008003c68        0x0 ../example1_bsp/\libhal_bsp.a(altera_nios2_qsys_irq.o)
 .data          0x0000000008003c68        0x0 ../example1_bsp/\libhal_bsp.a(alt_exception_entry.o)
 .data          0x0000000008003c68        0x0 ../example1_bsp/\libhal_bsp.a(alt_find_file.o)
 .data          0x0000000008003c68        0x0 ../example1_bsp/\libhal_bsp.a(alt_get_fd.o)
 .data          0x0000000008003c68        0x0 ../example1_bsp/\libhal_bsp.a(alt_icache_flush.o)
 .data          0x0000000008003c68        0x0 c:/altera/15.0/_/nios2eds/bin/gnu/h-x86_64-mingw32/bin/../lib/gcc/nios2-elf/4.9.1/../../../../../H-x86_64-mingw32/nios2-elf/lib\libc.a(lib_a-atexit.o)
 .data          0x0000000008003c68        0x0 c:/altera/15.0/_/nios2eds/bin/gnu/h-x86_64-mingw32/bin/../lib/gcc/nios2-elf/4.9.1/../../../../../H-x86_64-mingw32/nios2-elf/lib\libc.a(lib_a-exit.o)
 .data          0x0000000008003c68      0x424 c:/altera/15.0/_/nios2eds/bin/gnu/h-x86_64-mingw32/bin/../lib/gcc/nios2-elf/4.9.1/../../../../../H-x86_64-mingw32/nios2-elf/lib\libc.a(lib_a-impure.o)
 .data          0x000000000800408c        0x0 c:/altera/15.0/_/nios2eds/bin/gnu/h-x86_64-mingw32/bin/../lib/gcc/nios2-elf/4.9.1/../../../../../H-x86_64-mingw32/nios2-elf/lib\libc.a(lib_a-int_errno.o)
 .data          0x000000000800408c        0x0 c:/altera/15.0/_/nios2eds/bin/gnu/h-x86_64-mingw32/bin/../lib/gcc/nios2-elf/4.9.1/../../../../../H-x86_64-mingw32/nios2-elf/lib\libc.a(lib_a-memcmp.o)
 .data          0x000000000800408c        0x0 c:/altera/15.0/_/nios2eds/bin/gnu/h-x86_64-mingw32/bin/../lib/gcc/nios2-elf/4.9.1/../../../../../H-x86_64-mingw32/nios2-elf/lib\libc.a(lib_a-memcpy.o)
 .data          0x000000000800408c        0x0 c:/altera/15.0/_/nios2eds/bin/gnu/h-x86_64-mingw32/bin/../lib/gcc/nios2-elf/4.9.1/../../../../../H-x86_64-mingw32/nios2-elf/lib\libc.a(lib_a-strlen.o)
 .data          0x000000000800408c        0x0 c:/altera/15.0/_/nios2eds/bin/gnu/h-x86_64-mingw32/bin/../lib/gcc/nios2-elf/4.9.1/../../../../../H-x86_64-mingw32/nios2-elf/lib\libc.a(lib_a-__atexit.o)
 .data          0x000000000800408c        0x0 c:/altera/15.0/_/nios2eds/bin/gnu/h-x86_64-mingw32/bin/../lib/gcc/nios2-elf/4.9.1/../../../../../H-x86_64-mingw32/nios2-elf/lib\libc.a(lib_a-__call_atexit.o)
 .data          0x000000000800408c        0x0 ../example1_bsp/\libhal_bsp.a(alt_exit.o)
                0x000000000800c08c                _gp = ABSOLUTE ((. + 0x8000))
                0x000000000800c08c                PROVIDE (gp, _gp)
 *(.rwdata .rwdata.*)
 *(.sdata .sdata.* .gnu.linkonce.s.*)
 .sdata         0x000000000800408c       0x14 ../example1_bsp/\libhal_bsp.a(alt_dev.o)
                0x000000000800408c                alt_fs_list
                0x0000000008004094                alt_dev_list
                0x000000000800409c                alt_max_fd
 .sdata         0x00000000080040a0        0x4 ../example1_bsp/\libhal_bsp.a(alt_errno.o)
                0x00000000080040a0                alt_errno
 .sdata         0x00000000080040a4        0x4 ../example1_bsp/\libhal_bsp.a(alt_irq_vars.o)
                0x00000000080040a4                alt_priority_mask
 .sdata         0x00000000080040a8        0x8 ../example1_bsp/\libhal_bsp.a(alt_tick.o)
                0x00000000080040a8                alt_alarm_list
 .sdata         0x00000000080040b0        0x8 c:/altera/15.0/_/nios2eds/bin/gnu/h-x86_64-mingw32/bin/../lib/gcc/nios2-elf/4.9.1/../../../../../H-x86_64-mingw32/nios2-elf/lib\libc.a(lib_a-impure.o)
                0x00000000080040b0                _global_impure_ptr
                0x00000000080040b4                _impure_ptr
 *(.sdata2 .sdata2.* .gnu.linkonce.s2.*)
                0x00000000080040b8                . = ALIGN (0x4)
                0x00000000080040b8                _edata = ABSOLUTE (.)
                0x00000000080040b8                PROVIDE (edata, ABSOLUTE (.))
                0x00000000080040b8                PROVIDE (__ram_rwdata_end, ABSOLUTE (.))
                0x00000000080040b8                PROVIDE (__flash_rwdata_start, LOADADDR (.rwdata))

.bss            0x000000000800573c      0x11c
                0x000000000800573c                __bss_start = ABSOLUTE (.)
                0x000000000800573c                PROVIDE (__sbss_start, ABSOLUTE (.))
                0x000000000800573c                PROVIDE (___sbss_start, ABSOLUTE (.))
 *(.dynsbss)
 *(.sbss .sbss.* .gnu.linkonce.sb.*)
 .sbss          0x000000000800573c        0xc ../example1_bsp/\libhal_bsp.a(alt_main.o)
                0x000000000800573c                alt_argc
                0x0000000008005740                alt_argv
                0x0000000008005744                alt_envp
 .sbss          0x0000000008005748        0x4 ../example1_bsp/\libhal_bsp.a(alt_irq_vars.o)
                0x0000000008005748                alt_irq_active
 .sbss          0x000000000800574c        0x8 ../example1_bsp/\libhal_bsp.a(alt_tick.o)
                0x000000000800574c                _alt_tick_rate
                0x0000000008005750                _alt_nticks
 .sbss          0x0000000008005754        0x4 c:/altera/15.0/_/nios2eds/bin/gnu/h-x86_64-mingw32/bin/../lib/gcc/nios2-elf/4.9.1/../../../../../H-x86_64-mingw32/nios2-elf/lib\libc.a(lib_a-int_errno.o)
                0x0000000008005754                errno
 *(.sbss2 .sbss2.* .gnu.linkonce.sb2.*)
 *(.scommon)
                0x0000000008005758                PROVIDE (__sbss_end, ABSOLUTE (.))
                0x0000000008005758                PROVIDE (___sbss_end, ABSOLUTE (.))
 *(.dynbss)
 *(.bss .bss.* .gnu.linkonce.b.*)
 .bss           0x0000000008005758        0x0 ../example1_bsp//obj/HAL/src/crt0.o
 .bss           0x0000000008005758        0x0 obj/default/hello_world.o
 .bss           0x0000000008005758        0x0 ../example1_bsp/\libhal_bsp.a(alt_load.o)
 .bss           0x0000000008005758        0x0 ../example1_bsp/\libhal_bsp.a(alt_main.o)
 .bss           0x0000000008005758        0x0 ../example1_bsp/\libhal_bsp.a(alt_sys_init.o)
 .bss           0x0000000008005758        0x0 ../example1_bsp/\libhal_bsp.a(altera_avalon_jtag_uart_fd.o)
 .bss           0x0000000008005758        0x0 ../example1_bsp/\libhal_bsp.a(altera_avalon_jtag_uart_init.o)
 .bss           0x0000000008005758        0x0 ../example1_bsp/\libhal_bsp.a(altera_avalon_jtag_uart_ioctl.o)
 .bss           0x0000000008005758        0x0 ../example1_bsp/\libhal_bsp.a(altera_avalon_jtag_uart_read.o)
 .bss           0x0000000008005758        0x0 ../example1_bsp/\libhal_bsp.a(altera_avalon_jtag_uart_write.o)
 .bss           0x0000000008005758        0x0 ../example1_bsp/\libhal_bsp.a(altera_avalon_timer_sc.o)
 .bss           0x0000000008005758        0x0 ../example1_bsp/\libhal_bsp.a(altera_up_avalon_character_lcd.o)
 .bss           0x0000000008005758        0x0 ../example1_bsp/\libhal_bsp.a(alt_alarm_start.o)
 .bss           0x0000000008005758        0x0 ../example1_bsp/\libhal_bsp.a(alt_close.o)
 .bss           0x0000000008005758        0x0 ../example1_bsp/\libhal_bsp.a(alt_dcache_flush_all.o)
 .bss           0x0000000008005758        0x0 ../example1_bsp/\libhal_bsp.a(alt_dev.o)
 .bss           0x0000000008005758        0x0 ../example1_bsp/\libhal_bsp.a(alt_dev_llist_insert.o)
 .bss           0x0000000008005758        0x0 ../example1_bsp/\libhal_bsp.a(alt_do_ctors.o)
 .bss           0x0000000008005758        0x0 ../example1_bsp/\libhal_bsp.a(alt_do_dtors.o)
 .bss           0x0000000008005758        0x0 ../example1_bsp/\libhal_bsp.a(alt_errno.o)
 .bss           0x0000000008005758        0x0 ../example1_bsp/\libhal_bsp.a(alt_find_dev.o)
 .bss           0x0000000008005758        0x0 ../example1_bsp/\libhal_bsp.a(alt_icache_flush_all.o)
 .bss           0x0000000008005758        0x0 ../example1_bsp/\libhal_bsp.a(alt_iic.o)
 .bss           0x0000000008005758        0x0 ../example1_bsp/\libhal_bsp.a(alt_iic_isr_register.o)
 .bss           0x0000000008005758        0x0 ../example1_bsp/\libhal_bsp.a(alt_io_redirect.o)
 .bss           0x0000000008005758        0x0 ../example1_bsp/\libhal_bsp.a(alt_irq_entry.o)
 .bss           0x0000000008005758        0x0 ../example1_bsp/\libhal_bsp.a(alt_irq_handler.o)
 .bss           0x0000000008005758        0x0 ../example1_bsp/\libhal_bsp.a(alt_irq_vars.o)
 .bss           0x0000000008005758        0x0 ../example1_bsp/\libhal_bsp.a(alt_open.o)
 .bss           0x0000000008005758        0x0 ../example1_bsp/\libhal_bsp.a(alt_release_fd.o)
 .bss           0x0000000008005758        0x0 ../example1_bsp/\libhal_bsp.a(alt_tick.o)
 .bss           0x0000000008005758        0x0 ../example1_bsp/\libhal_bsp.a(altera_nios2_qsys_irq.o)
 .bss           0x0000000008005758        0x0 ../example1_bsp/\libhal_bsp.a(alt_exception_entry.o)
 .bss           0x0000000008005758        0x0 ../example1_bsp/\libhal_bsp.a(alt_find_file.o)
 .bss           0x0000000008005758        0x0 ../example1_bsp/\libhal_bsp.a(alt_get_fd.o)
 .bss           0x0000000008005758        0x0 ../example1_bsp/\libhal_bsp.a(alt_icache_flush.o)
 .bss           0x0000000008005758        0x0 c:/altera/15.0/_/nios2eds/bin/gnu/h-x86_64-mingw32/bin/../lib/gcc/nios2-elf/4.9.1/../../../../../H-x86_64-mingw32/nios2-elf/lib\libc.a(lib_a-atexit.o)
 .bss           0x0000000008005758        0x0 c:/altera/15.0/_/nios2eds/bin/gnu/h-x86_64-mingw32/bin/../lib/gcc/nios2-elf/4.9.1/../../../../../H-x86_64-mingw32/nios2-elf/lib\libc.a(lib_a-exit.o)
 .bss           0x0000000008005758        0x0 c:/altera/15.0/_/nios2eds/bin/gnu/h-x86_64-mingw32/bin/../lib/gcc/nios2-elf/4.9.1/../../../../../H-x86_64-mingw32/nios2-elf/lib\libc.a(lib_a-impure.o)
 .bss           0x0000000008005758        0x0 c:/altera/15.0/_/nios2eds/bin/gnu/h-x86_64-mingw32/bin/../lib/gcc/nios2-elf/4.9.1/../../../../../H-x86_64-mingw32/nios2-elf/lib\libc.a(lib_a-int_errno.o)
 .bss           0x0000000008005758        0x0 c:/altera/15.0/_/nios2eds/bin/gnu/h-x86_64-mingw32/bin/../lib/gcc/nios2-elf/4.9.1/../../../../../H-x86_64-mingw32/nios2-elf/lib\libc.a(lib_a-memcmp.o)
 .bss           0x0000000008005758        0x0 c:/altera/15.0/_/nios2eds/bin/gnu/h-x86_64-mingw32/bin/../lib/gcc/nios2-elf/4.9.1/../../../../../H-x86_64-mingw32/nios2-elf/lib\libc.a(lib_a-memcpy.o)
 .bss           0x0000000008005758        0x0 c:/altera/15.0/_/nios2eds/bin/gnu/h-x86_64-mingw32/bin/../lib/gcc/nios2-elf/4.9.1/../../../../../H-x86_64-mingw32/nios2-elf/lib\libc.a(lib_a-strlen.o)
 .bss           0x0000000008005758        0x0 c:/altera/15.0/_/nios2eds/bin/gnu/h-x86_64-mingw32/bin/../lib/gcc/nios2-elf/4.9.1/../../../../../H-x86_64-mingw32/nios2-elf/lib\libc.a(lib_a-__atexit.o)
 .bss           0x0000000008005758        0x0 c:/altera/15.0/_/nios2eds/bin/gnu/h-x86_64-mingw32/bin/../lib/gcc/nios2-elf/4.9.1/../../../../../H-x86_64-mingw32/nios2-elf/lib\libc.a(lib_a-__call_atexit.o)
 .bss           0x0000000008005758        0x0 ../example1_bsp/\libhal_bsp.a(alt_exit.o)
 *(COMMON)
 COMMON         0x0000000008005758      0x100 ../example1_bsp/\libhal_bsp.a(alt_irq_handler.o)
                0x0000000008005758                alt_irq
                0x0000000008005858                . = ALIGN (0x4)
                0x0000000008005858                __bss_end = ABSOLUTE (.)

.sdram          0x0000000008005858        0x0
                0x0000000008005858                PROVIDE (_alt_partition_sdram_start, ABSOLUTE (.))
 *(.sdram .sdram. sdram.*)
                0x0000000008005858                . = ALIGN (0x4)
                0x0000000008005858                PROVIDE (_alt_partition_sdram_end, ABSOLUTE (.))
                0x0000000008005858                _end = ABSOLUTE (.)
                0x0000000008005858                end = ABSOLUTE (.)
                0x0000000008005858                __alt_stack_base = ABSOLUTE (.)
                0x0000000008005858                PROVIDE (_alt_partition_sdram_load_addr, LOADADDR (.sdram))

.stab
 *(.stab)

.stabstr
 *(.stabstr)

.stab.excl
 *(.stab.excl)

.stab.exclstr
 *(.stab.exclstr)

.stab.index
 *(.stab.index)

.stab.indexstr
 *(.stab.indexstr)

.comment        0x0000000000000000       0x23
 *(.comment)
 .comment       0x0000000000000000       0x23 obj/default/hello_world.o
                                         0x24 (size before relaxing)
 .comment       0x0000000000000000       0x24 ../example1_bsp/\libhal_bsp.a(alt_load.o)
 .comment       0x0000000000000000       0x24 ../example1_bsp/\libhal_bsp.a(alt_main.o)
 .comment       0x0000000000000000       0x24 ../example1_bsp/\libhal_bsp.a(alt_sys_init.o)
 .comment       0x0000000000000000       0x24 ../example1_bsp/\libhal_bsp.a(altera_avalon_jtag_uart_fd.o)
 .comment       0x0000000000000000       0x24 ../example1_bsp/\libhal_bsp.a(altera_avalon_jtag_uart_init.o)
 .comment       0x0000000000000000       0x24 ../example1_bsp/\libhal_bsp.a(altera_avalon_jtag_uart_ioctl.o)
 .comment       0x0000000000000000       0x24 ../example1_bsp/\libhal_bsp.a(altera_avalon_jtag_uart_read.o)
 .comment       0x0000000000000000       0x24 ../example1_bsp/\libhal_bsp.a(altera_avalon_jtag_uart_write.o)
 .comment       0x0000000000000000       0x24 ../example1_bsp/\libhal_bsp.a(altera_avalon_timer_sc.o)
 .comment       0x0000000000000000       0x24 ../example1_bsp/\libhal_bsp.a(altera_up_avalon_character_lcd.o)
 .comment       0x0000000000000000       0x24 ../example1_bsp/\libhal_bsp.a(alt_alarm_start.o)
 .comment       0x0000000000000000       0x24 ../example1_bsp/\libhal_bsp.a(alt_close.o)
 .comment       0x0000000000000000       0x24 ../example1_bsp/\libhal_bsp.a(alt_dcache_flush_all.o)
 .comment       0x0000000000000000       0x24 ../example1_bsp/\libhal_bsp.a(alt_dev.o)
 .comment       0x0000000000000000       0x24 ../example1_bsp/\libhal_bsp.a(alt_dev_llist_insert.o)
 .comment       0x0000000000000000       0x24 ../example1_bsp/\libhal_bsp.a(alt_do_ctors.o)
 .comment       0x0000000000000000       0x24 ../example1_bsp/\libhal_bsp.a(alt_do_dtors.o)
 .comment       0x0000000000000000       0x24 ../example1_bsp/\libhal_bsp.a(alt_errno.o)
 .comment       0x0000000000000000       0x24 ../example1_bsp/\libhal_bsp.a(alt_find_dev.o)
 .comment       0x0000000000000000       0x24 ../example1_bsp/\libhal_bsp.a(alt_icache_flush_all.o)
 .comment       0x0000000000000000       0x24 ../example1_bsp/\libhal_bsp.a(alt_iic.o)
 .comment       0x0000000000000000       0x24 ../example1_bsp/\libhal_bsp.a(alt_iic_isr_register.o)
 .comment       0x0000000000000000       0x24 ../example1_bsp/\libhal_bsp.a(alt_io_redirect.o)
 .comment       0x0000000000000000       0x24 ../example1_bsp/\libhal_bsp.a(alt_irq_handler.o)
 .comment       0x0000000000000000       0x24 ../example1_bsp/\libhal_bsp.a(alt_irq_vars.o)
 .comment       0x0000000000000000       0x24 ../example1_bsp/\libhal_bsp.a(alt_open.o)
 .comment       0x0000000000000000       0x24 ../example1_bsp/\libhal_bsp.a(alt_release_fd.o)
 .comment       0x0000000000000000       0x24 ../example1_bsp/\libhal_bsp.a(alt_tick.o)
 .comment       0x0000000000000000       0x24 ../example1_bsp/\libhal_bsp.a(altera_nios2_qsys_irq.o)
 .comment       0x0000000000000000       0x24 ../example1_bsp/\libhal_bsp.a(alt_find_file.o)
 .comment       0x0000000000000000       0x24 ../example1_bsp/\libhal_bsp.a(alt_get_fd.o)
 .comment       0x0000000000000000       0x24 ../example1_bsp/\libhal_bsp.a(alt_icache_flush.o)
 .comment       0x0000000000000000       0x24 c:/altera/15.0/_/nios2eds/bin/gnu/h-x86_64-mingw32/bin/../lib/gcc/nios2-elf/4.9.1/../../../../../H-x86_64-mingw32/nios2-elf/lib\libc.a(lib_a-atexit.o)
 .comment       0x0000000000000000       0x24 c:/altera/15.0/_/nios2eds/bin/gnu/h-x86_64-mingw32/bin/../lib/gcc/nios2-elf/4.9.1/../../../../../H-x86_64-mingw32/nios2-elf/lib\libc.a(lib_a-exit.o)
 .comment       0x0000000000000000       0x24 c:/altera/15.0/_/nios2eds/bin/gnu/h-x86_64-mingw32/bin/../lib/gcc/nios2-elf/4.9.1/../../../../../H-x86_64-mingw32/nios2-elf/lib\libc.a(lib_a-impure.o)
 .comment       0x0000000000000000       0x24 c:/altera/15.0/_/nios2eds/bin/gnu/h-x86_64-mingw32/bin/../lib/gcc/nios2-elf/4.9.1/../../../../../H-x86_64-mingw32/nios2-elf/lib\libc.a(lib_a-int_errno.o)
 .comment       0x0000000000000000       0x24 c:/altera/15.0/_/nios2eds/bin/gnu/h-x86_64-mingw32/bin/../lib/gcc/nios2-elf/4.9.1/../../../../../H-x86_64-mingw32/nios2-elf/lib\libc.a(lib_a-memcmp.o)
 .comment       0x0000000000000000       0x24 c:/altera/15.0/_/nios2eds/bin/gnu/h-x86_64-mingw32/bin/../lib/gcc/nios2-elf/4.9.1/../../../../../H-x86_64-mingw32/nios2-elf/lib\libc.a(lib_a-memcpy.o)
 .comment       0x0000000000000000       0x24 c:/altera/15.0/_/nios2eds/bin/gnu/h-x86_64-mingw32/bin/../lib/gcc/nios2-elf/4.9.1/../../../../../H-x86_64-mingw32/nios2-elf/lib\libc.a(lib_a-strlen.o)
 .comment       0x0000000000000000       0x24 c:/altera/15.0/_/nios2eds/bin/gnu/h-x86_64-mingw32/bin/../lib/gcc/nios2-elf/4.9.1/../../../../../H-x86_64-mingw32/nios2-elf/lib\libc.a(lib_a-__atexit.o)
 .comment       0x0000000000000000       0x24 c:/altera/15.0/_/nios2eds/bin/gnu/h-x86_64-mingw32/bin/../lib/gcc/nios2-elf/4.9.1/../../../../../H-x86_64-mingw32/nios2-elf/lib\libc.a(lib_a-__call_atexit.o)
 .comment       0x0000000000000000       0x24 ../example1_bsp/\libhal_bsp.a(alt_exit.o)

.debug
 *(.debug)

.line
 *(.line)

.debug_srcinfo
 *(.debug_srcinfo)

.debug_sfnames
 *(.debug_sfnames)

.debug_aranges  0x0000000000000000      0x5d0
 *(.debug_aranges)
 .debug_aranges
                0x0000000000000000       0x28 ../example1_bsp//obj/HAL/src/crt0.o
 .debug_aranges
                0x0000000000000028       0x20 obj/default/hello_world.o
 .debug_aranges
                0x0000000000000048       0x20 ../example1_bsp/\libhal_bsp.a(alt_load.o)
 .debug_aranges
                0x0000000000000068       0x20 ../example1_bsp/\libhal_bsp.a(alt_main.o)
 .debug_aranges
                0x0000000000000088       0x20 ../example1_bsp/\libhal_bsp.a(alt_sys_init.o)
 .debug_aranges
                0x00000000000000a8       0x20 ../example1_bsp/\libhal_bsp.a(altera_avalon_jtag_uart_fd.o)
 .debug_aranges
                0x00000000000000c8       0x20 ../example1_bsp/\libhal_bsp.a(altera_avalon_jtag_uart_init.o)
 .debug_aranges
                0x00000000000000e8       0x20 ../example1_bsp/\libhal_bsp.a(altera_avalon_jtag_uart_ioctl.o)
 .debug_aranges
                0x0000000000000108       0x20 ../example1_bsp/\libhal_bsp.a(altera_avalon_jtag_uart_read.o)
 .debug_aranges
                0x0000000000000128       0x20 ../example1_bsp/\libhal_bsp.a(altera_avalon_jtag_uart_write.o)
 .debug_aranges
                0x0000000000000148       0x20 ../example1_bsp/\libhal_bsp.a(altera_avalon_timer_sc.o)
 .debug_aranges
                0x0000000000000168       0x20 ../example1_bsp/\libhal_bsp.a(altera_up_avalon_character_lcd.o)
 .debug_aranges
                0x0000000000000188       0x20 ../example1_bsp/\libhal_bsp.a(alt_alarm_start.o)
 .debug_aranges
                0x00000000000001a8       0x20 ../example1_bsp/\libhal_bsp.a(alt_close.o)
 .debug_aranges
                0x00000000000001c8       0x20 ../example1_bsp/\libhal_bsp.a(alt_dcache_flush_all.o)
 .debug_aranges
                0x00000000000001e8       0x20 ../example1_bsp/\libhal_bsp.a(alt_dev.o)
 .debug_aranges
                0x0000000000000208       0x20 ../example1_bsp/\libhal_bsp.a(alt_dev_llist_insert.o)
 .debug_aranges
                0x0000000000000228       0x20 ../example1_bsp/\libhal_bsp.a(alt_do_ctors.o)
 .debug_aranges
                0x0000000000000248       0x20 ../example1_bsp/\libhal_bsp.a(alt_do_dtors.o)
 .debug_aranges
                0x0000000000000268       0x18 ../example1_bsp/\libhal_bsp.a(alt_errno.o)
 .debug_aranges
                0x0000000000000280       0x20 ../example1_bsp/\libhal_bsp.a(alt_find_dev.o)
 .debug_aranges
                0x00000000000002a0       0x20 ../example1_bsp/\libhal_bsp.a(alt_icache_flush_all.o)
 .debug_aranges
                0x00000000000002c0       0x20 ../example1_bsp/\libhal_bsp.a(alt_iic.o)
 .debug_aranges
                0x00000000000002e0       0x20 ../example1_bsp/\libhal_bsp.a(alt_iic_isr_register.o)
 .debug_aranges
                0x0000000000000300       0x20 ../example1_bsp/\libhal_bsp.a(alt_io_redirect.o)
 .debug_aranges
                0x0000000000000320       0x30 ../example1_bsp/\libhal_bsp.a(alt_irq_entry.o)
 .debug_aranges
                0x0000000000000350       0x20 ../example1_bsp/\libhal_bsp.a(alt_irq_handler.o)
 .debug_aranges
                0x0000000000000370       0x18 ../example1_bsp/\libhal_bsp.a(alt_irq_vars.o)
 .debug_aranges
                0x0000000000000388       0x20 ../example1_bsp/\libhal_bsp.a(alt_open.o)
 .debug_aranges
                0x00000000000003a8       0x20 ../example1_bsp/\libhal_bsp.a(alt_release_fd.o)
 .debug_aranges
                0x00000000000003c8       0x20 ../example1_bsp/\libhal_bsp.a(alt_tick.o)
 .debug_aranges
                0x00000000000003e8       0x20 ../example1_bsp/\libhal_bsp.a(altera_nios2_qsys_irq.o)
 .debug_aranges
                0x0000000000000408       0x38 ../example1_bsp/\libhal_bsp.a(alt_exception_entry.o)
 .debug_aranges
                0x0000000000000440       0x20 ../example1_bsp/\libhal_bsp.a(alt_find_file.o)
 .debug_aranges
                0x0000000000000460       0x20 ../example1_bsp/\libhal_bsp.a(alt_get_fd.o)
 .debug_aranges
                0x0000000000000480       0x20 ../example1_bsp/\libhal_bsp.a(alt_icache_flush.o)
 .debug_aranges
                0x00000000000004a0       0x20 c:/altera/15.0/_/nios2eds/bin/gnu/h-x86_64-mingw32/bin/../lib/gcc/nios2-elf/4.9.1/../../../../../H-x86_64-mingw32/nios2-elf/lib\libc.a(lib_a-atexit.o)
 .debug_aranges
                0x00000000000004c0       0x20 c:/altera/15.0/_/nios2eds/bin/gnu/h-x86_64-mingw32/bin/../lib/gcc/nios2-elf/4.9.1/../../../../../H-x86_64-mingw32/nios2-elf/lib\libc.a(lib_a-exit.o)
 .debug_aranges
                0x00000000000004e0       0x18 c:/altera/15.0/_/nios2eds/bin/gnu/h-x86_64-mingw32/bin/../lib/gcc/nios2-elf/4.9.1/../../../../../H-x86_64-mingw32/nios2-elf/lib\libc.a(lib_a-impure.o)
 .debug_aranges
                0x00000000000004f8       0x18 c:/altera/15.0/_/nios2eds/bin/gnu/h-x86_64-mingw32/bin/../lib/gcc/nios2-elf/4.9.1/../../../../../H-x86_64-mingw32/nios2-elf/lib\libc.a(lib_a-int_errno.o)
 .debug_aranges
                0x0000000000000510       0x20 c:/altera/15.0/_/nios2eds/bin/gnu/h-x86_64-mingw32/bin/../lib/gcc/nios2-elf/4.9.1/../../../../../H-x86_64-mingw32/nios2-elf/lib\libc.a(lib_a-memcmp.o)
 .debug_aranges
                0x0000000000000530       0x20 c:/altera/15.0/_/nios2eds/bin/gnu/h-x86_64-mingw32/bin/../lib/gcc/nios2-elf/4.9.1/../../../../../H-x86_64-mingw32/nios2-elf/lib\libc.a(lib_a-memcpy.o)
 .debug_aranges
                0x0000000000000550       0x20 c:/altera/15.0/_/nios2eds/bin/gnu/h-x86_64-mingw32/bin/../lib/gcc/nios2-elf/4.9.1/../../../../../H-x86_64-mingw32/nios2-elf/lib\libc.a(lib_a-strlen.o)
 .debug_aranges
                0x0000000000000570       0x20 c:/altera/15.0/_/nios2eds/bin/gnu/h-x86_64-mingw32/bin/../lib/gcc/nios2-elf/4.9.1/../../../../../H-x86_64-mingw32/nios2-elf/lib\libc.a(lib_a-__atexit.o)
 .debug_aranges
                0x0000000000000590       0x20 c:/altera/15.0/_/nios2eds/bin/gnu/h-x86_64-mingw32/bin/../lib/gcc/nios2-elf/4.9.1/../../../../../H-x86_64-mingw32/nios2-elf/lib\libc.a(lib_a-__call_atexit.o)
 .debug_aranges
                0x00000000000005b0       0x20 ../example1_bsp/\libhal_bsp.a(alt_exit.o)

.debug_pubnames
 *(.debug_pubnames)

.debug_info     0x0000000000000000     0x7a6c
 *(.debug_info .gnu.linkonce.wi.*)
 .debug_info    0x0000000000000000       0x63 ../example1_bsp//obj/HAL/src/crt0.o
 .debug_info    0x0000000000000063       0x8f obj/default/hello_world.o
 .debug_info    0x00000000000000f2      0x13e ../example1_bsp/\libhal_bsp.a(alt_load.o)
 .debug_info    0x0000000000000230      0x12a ../example1_bsp/\libhal_bsp.a(alt_main.o)
 .debug_info    0x000000000000035a      0x513 ../example1_bsp/\libhal_bsp.a(alt_sys_init.o)
 .debug_info    0x000000000000086d      0x527 ../example1_bsp/\libhal_bsp.a(altera_avalon_jtag_uart_fd.o)
 .debug_info    0x0000000000000d94      0x3a1 ../example1_bsp/\libhal_bsp.a(altera_avalon_jtag_uart_init.o)
 .debug_info    0x0000000000001135      0x279 ../example1_bsp/\libhal_bsp.a(altera_avalon_jtag_uart_ioctl.o)
 .debug_info    0x00000000000013ae      0x342 ../example1_bsp/\libhal_bsp.a(altera_avalon_jtag_uart_read.o)
 .debug_info    0x00000000000016f0      0x339 ../example1_bsp/\libhal_bsp.a(altera_avalon_jtag_uart_write.o)
 .debug_info    0x0000000000001a29      0x21f ../example1_bsp/\libhal_bsp.a(altera_avalon_timer_sc.o)
 .debug_info    0x0000000000001c48      0x5fa ../example1_bsp/\libhal_bsp.a(altera_up_avalon_character_lcd.o)
 .debug_info    0x0000000000002242      0x2c5 ../example1_bsp/\libhal_bsp.a(alt_alarm_start.o)
 .debug_info    0x0000000000002507      0x31a ../example1_bsp/\libhal_bsp.a(alt_close.o)
 .debug_info    0x0000000000002821       0x8b ../example1_bsp/\libhal_bsp.a(alt_dcache_flush_all.o)
 .debug_info    0x00000000000028ac      0x495 ../example1_bsp/\libhal_bsp.a(alt_dev.o)
 .debug_info    0x0000000000002d41      0x1a2 ../example1_bsp/\libhal_bsp.a(alt_dev_llist_insert.o)
 .debug_info    0x0000000000002ee3       0x83 ../example1_bsp/\libhal_bsp.a(alt_do_ctors.o)
 .debug_info    0x0000000000002f66       0x83 ../example1_bsp/\libhal_bsp.a(alt_do_dtors.o)
 .debug_info    0x0000000000002fe9       0x9f ../example1_bsp/\libhal_bsp.a(alt_errno.o)
 .debug_info    0x0000000000003088      0x2e2 ../example1_bsp/\libhal_bsp.a(alt_find_dev.o)
 .debug_info    0x000000000000336a       0x8b ../example1_bsp/\libhal_bsp.a(alt_icache_flush_all.o)
 .debug_info    0x00000000000033f5      0x349 ../example1_bsp/\libhal_bsp.a(alt_iic.o)
 .debug_info    0x000000000000373e      0x1e8 ../example1_bsp/\libhal_bsp.a(alt_iic_isr_register.o)
 .debug_info    0x0000000000003926      0x49e ../example1_bsp/\libhal_bsp.a(alt_io_redirect.o)
 .debug_info    0x0000000000003dc4       0x6c ../example1_bsp/\libhal_bsp.a(alt_irq_entry.o)
 .debug_info    0x0000000000003e30      0x180 ../example1_bsp/\libhal_bsp.a(alt_irq_handler.o)
 .debug_info    0x0000000000003fb0       0x88 ../example1_bsp/\libhal_bsp.a(alt_irq_vars.o)
 .debug_info    0x0000000000004038      0x3b4 ../example1_bsp/\libhal_bsp.a(alt_open.o)
 .debug_info    0x00000000000043ec      0x2b0 ../example1_bsp/\libhal_bsp.a(alt_release_fd.o)
 .debug_info    0x000000000000469c      0x292 ../example1_bsp/\libhal_bsp.a(alt_tick.o)
 .debug_info    0x000000000000492e       0x8b ../example1_bsp/\libhal_bsp.a(altera_nios2_qsys_irq.o)
 .debug_info    0x00000000000049b9       0x72 ../example1_bsp/\libhal_bsp.a(alt_exception_entry.o)
 .debug_info    0x0000000000004a2b      0x2df ../example1_bsp/\libhal_bsp.a(alt_find_file.o)
 .debug_info    0x0000000000004d0a      0x309 ../example1_bsp/\libhal_bsp.a(alt_get_fd.o)
 .debug_info    0x0000000000005013       0xd5 ../example1_bsp/\libhal_bsp.a(alt_icache_flush.o)
 .debug_info    0x00000000000050e8      0x10a c:/altera/15.0/_/nios2eds/bin/gnu/h-x86_64-mingw32/bin/../lib/gcc/nios2-elf/4.9.1/../../../../../H-x86_64-mingw32/nios2-elf/lib\libc.a(lib_a-atexit.o)
 .debug_info    0x00000000000051f2      0x8df c:/altera/15.0/_/nios2eds/bin/gnu/h-x86_64-mingw32/bin/../lib/gcc/nios2-elf/4.9.1/../../../../../H-x86_64-mingw32/nios2-elf/lib\libc.a(lib_a-exit.o)
 .debug_info    0x0000000000005ad1      0x88f c:/altera/15.0/_/nios2eds/bin/gnu/h-x86_64-mingw32/bin/../lib/gcc/nios2-elf/4.9.1/../../../../../H-x86_64-mingw32/nios2-elf/lib\libc.a(lib_a-impure.o)
 .debug_info    0x0000000000006360       0x83 c:/altera/15.0/_/nios2eds/bin/gnu/h-x86_64-mingw32/bin/../lib/gcc/nios2-elf/4.9.1/../../../../../H-x86_64-mingw32/nios2-elf/lib\libc.a(lib_a-int_errno.o)
 .debug_info    0x00000000000063e3      0x113 c:/altera/15.0/_/nios2eds/bin/gnu/h-x86_64-mingw32/bin/../lib/gcc/nios2-elf/4.9.1/../../../../../H-x86_64-mingw32/nios2-elf/lib\libc.a(lib_a-memcmp.o)
 .debug_info    0x00000000000064f6      0x133 c:/altera/15.0/_/nios2eds/bin/gnu/h-x86_64-mingw32/bin/../lib/gcc/nios2-elf/4.9.1/../../../../../H-x86_64-mingw32/nios2-elf/lib\libc.a(lib_a-memcpy.o)
 .debug_info    0x0000000000006629       0xdb c:/altera/15.0/_/nios2eds/bin/gnu/h-x86_64-mingw32/bin/../lib/gcc/nios2-elf/4.9.1/../../../../../H-x86_64-mingw32/nios2-elf/lib\libc.a(lib_a-strlen.o)
 .debug_info    0x0000000000006704      0x93b c:/altera/15.0/_/nios2eds/bin/gnu/h-x86_64-mingw32/bin/../lib/gcc/nios2-elf/4.9.1/../../../../../H-x86_64-mingw32/nios2-elf/lib\libc.a(lib_a-__atexit.o)
 .debug_info    0x000000000000703f      0x948 c:/altera/15.0/_/nios2eds/bin/gnu/h-x86_64-mingw32/bin/../lib/gcc/nios2-elf/4.9.1/../../../../../H-x86_64-mingw32/nios2-elf/lib\libc.a(lib_a-__call_atexit.o)
 .debug_info    0x0000000000007987       0xe5 ../example1_bsp/\libhal_bsp.a(alt_exit.o)

.debug_abbrev   0x0000000000000000     0x2ab5
 *(.debug_abbrev)
 .debug_abbrev  0x0000000000000000       0x12 ../example1_bsp//obj/HAL/src/crt0.o
 .debug_abbrev  0x0000000000000012       0x42 obj/default/hello_world.o
 .debug_abbrev  0x0000000000000054       0x9f ../example1_bsp/\libhal_bsp.a(alt_load.o)
 .debug_abbrev  0x00000000000000f3       0xba ../example1_bsp/\libhal_bsp.a(alt_main.o)
 .debug_abbrev  0x00000000000001ad      0x187 ../example1_bsp/\libhal_bsp.a(alt_sys_init.o)
 .debug_abbrev  0x0000000000000334      0x127 ../example1_bsp/\libhal_bsp.a(altera_avalon_jtag_uart_fd.o)
 .debug_abbrev  0x000000000000045b      0x197 ../example1_bsp/\libhal_bsp.a(altera_avalon_jtag_uart_init.o)
 .debug_abbrev  0x00000000000005f2      0x111 ../example1_bsp/\libhal_bsp.a(altera_avalon_jtag_uart_ioctl.o)
 .debug_abbrev  0x0000000000000703      0x1ac ../example1_bsp/\libhal_bsp.a(altera_avalon_jtag_uart_read.o)
 .debug_abbrev  0x00000000000008af      0x1a8 ../example1_bsp/\libhal_bsp.a(altera_avalon_jtag_uart_write.o)
 .debug_abbrev  0x0000000000000a57      0x155 ../example1_bsp/\libhal_bsp.a(altera_avalon_timer_sc.o)
 .debug_abbrev  0x0000000000000bac      0x156 ../example1_bsp/\libhal_bsp.a(altera_up_avalon_character_lcd.o)
 .debug_abbrev  0x0000000000000d02      0x162 ../example1_bsp/\libhal_bsp.a(alt_alarm_start.o)
 .debug_abbrev  0x0000000000000e64      0x11f ../example1_bsp/\libhal_bsp.a(alt_close.o)
 .debug_abbrev  0x0000000000000f83       0x42 ../example1_bsp/\libhal_bsp.a(alt_dcache_flush_all.o)
 .debug_abbrev  0x0000000000000fc5       0xd9 ../example1_bsp/\libhal_bsp.a(alt_dev.o)
 .debug_abbrev  0x000000000000109e      0x114 ../example1_bsp/\libhal_bsp.a(alt_dev_llist_insert.o)
 .debug_abbrev  0x00000000000011b2       0x79 ../example1_bsp/\libhal_bsp.a(alt_do_ctors.o)
 .debug_abbrev  0x000000000000122b       0x79 ../example1_bsp/\libhal_bsp.a(alt_do_dtors.o)
 .debug_abbrev  0x00000000000012a4       0x5a ../example1_bsp/\libhal_bsp.a(alt_errno.o)
 .debug_abbrev  0x00000000000012fe       0xf0 ../example1_bsp/\libhal_bsp.a(alt_find_dev.o)
 .debug_abbrev  0x00000000000013ee       0x42 ../example1_bsp/\libhal_bsp.a(alt_icache_flush_all.o)
 .debug_abbrev  0x0000000000001430      0x163 ../example1_bsp/\libhal_bsp.a(alt_iic.o)
 .debug_abbrev  0x0000000000001593      0x169 ../example1_bsp/\libhal_bsp.a(alt_iic_isr_register.o)
 .debug_abbrev  0x00000000000016fc      0x114 ../example1_bsp/\libhal_bsp.a(alt_io_redirect.o)
 .debug_abbrev  0x0000000000001810       0x12 ../example1_bsp/\libhal_bsp.a(alt_irq_entry.o)
 .debug_abbrev  0x0000000000001822      0x122 ../example1_bsp/\libhal_bsp.a(alt_irq_handler.o)
 .debug_abbrev  0x0000000000001944       0x40 ../example1_bsp/\libhal_bsp.a(alt_irq_vars.o)
 .debug_abbrev  0x0000000000001984      0x148 ../example1_bsp/\libhal_bsp.a(alt_open.o)
 .debug_abbrev  0x0000000000001acc       0xde ../example1_bsp/\libhal_bsp.a(alt_release_fd.o)
 .debug_abbrev  0x0000000000001baa      0x15a ../example1_bsp/\libhal_bsp.a(alt_tick.o)
 .debug_abbrev  0x0000000000001d04       0x42 ../example1_bsp/\libhal_bsp.a(altera_nios2_qsys_irq.o)
 .debug_abbrev  0x0000000000001d46       0x12 ../example1_bsp/\libhal_bsp.a(alt_exception_entry.o)
 .debug_abbrev  0x0000000000001d58       0xf0 ../example1_bsp/\libhal_bsp.a(alt_find_file.o)
 .debug_abbrev  0x0000000000001e48      0x10d ../example1_bsp/\libhal_bsp.a(alt_get_fd.o)
 .debug_abbrev  0x0000000000001f55       0x8c ../example1_bsp/\libhal_bsp.a(alt_icache_flush.o)
 .debug_abbrev  0x0000000000001fe1       0xb8 c:/altera/15.0/_/nios2eds/bin/gnu/h-x86_64-mingw32/bin/../lib/gcc/nios2-elf/4.9.1/../../../../../H-x86_64-mingw32/nios2-elf/lib\libc.a(lib_a-atexit.o)
 .debug_abbrev  0x0000000000002099      0x1e6 c:/altera/15.0/_/nios2eds/bin/gnu/h-x86_64-mingw32/bin/../lib/gcc/nios2-elf/4.9.1/../../../../../H-x86_64-mingw32/nios2-elf/lib\libc.a(lib_a-exit.o)
 .debug_abbrev  0x000000000000227f      0x180 c:/altera/15.0/_/nios2eds/bin/gnu/h-x86_64-mingw32/bin/../lib/gcc/nios2-elf/4.9.1/../../../../../H-x86_64-mingw32/nios2-elf/lib\libc.a(lib_a-impure.o)
 .debug_abbrev  0x00000000000023ff       0x37 c:/altera/15.0/_/nios2eds/bin/gnu/h-x86_64-mingw32/bin/../lib/gcc/nios2-elf/4.9.1/../../../../../H-x86_64-mingw32/nios2-elf/lib\libc.a(lib_a-int_errno.o)
 .debug_abbrev  0x0000000000002436       0x7f c:/altera/15.0/_/nios2eds/bin/gnu/h-x86_64-mingw32/bin/../lib/gcc/nios2-elf/4.9.1/../../../../../H-x86_64-mingw32/nios2-elf/lib\libc.a(lib_a-memcmp.o)
 .debug_abbrev  0x00000000000024b5       0x9c c:/altera/15.0/_/nios2eds/bin/gnu/h-x86_64-mingw32/bin/../lib/gcc/nios2-elf/4.9.1/../../../../../H-x86_64-mingw32/nios2-elf/lib\libc.a(lib_a-memcpy.o)
 .debug_abbrev  0x0000000000002551       0x90 c:/altera/15.0/_/nios2eds/bin/gnu/h-x86_64-mingw32/bin/../lib/gcc/nios2-elf/4.9.1/../../../../../H-x86_64-mingw32/nios2-elf/lib\libc.a(lib_a-strlen.o)
 .debug_abbrev  0x00000000000025e1      0x21e c:/altera/15.0/_/nios2eds/bin/gnu/h-x86_64-mingw32/bin/../lib/gcc/nios2-elf/4.9.1/../../../../../H-x86_64-mingw32/nios2-elf/lib\libc.a(lib_a-__atexit.o)
 .debug_abbrev  0x00000000000027ff      0x210 c:/altera/15.0/_/nios2eds/bin/gnu/h-x86_64-mingw32/bin/../lib/gcc/nios2-elf/4.9.1/../../../../../H-x86_64-mingw32/nios2-elf/lib\libc.a(lib_a-__call_atexit.o)
 .debug_abbrev  0x0000000000002a0f       0xa6 ../example1_bsp/\libhal_bsp.a(alt_exit.o)

.debug_line     0x0000000000000000     0x2b5f
 *(.debug_line)
 .debug_line    0x0000000000000000       0x6c ../example1_bsp//obj/HAL/src/crt0.o
 .debug_line    0x000000000000006c       0x42 obj/default/hello_world.o
 .debug_line    0x00000000000000ae       0x8d ../example1_bsp/\libhal_bsp.a(alt_load.o)
 .debug_line    0x000000000000013b       0xa4 ../example1_bsp/\libhal_bsp.a(alt_main.o)
 .debug_line    0x00000000000001df      0x177 ../example1_bsp/\libhal_bsp.a(alt_sys_init.o)
 .debug_line    0x0000000000000356      0x12f ../example1_bsp/\libhal_bsp.a(altera_avalon_jtag_uart_fd.o)
 .debug_line    0x0000000000000485      0x180 ../example1_bsp/\libhal_bsp.a(altera_avalon_jtag_uart_init.o)
 .debug_line    0x0000000000000605      0x12e ../example1_bsp/\libhal_bsp.a(altera_avalon_jtag_uart_ioctl.o)
 .debug_line    0x0000000000000733      0x16a ../example1_bsp/\libhal_bsp.a(altera_avalon_jtag_uart_read.o)
 .debug_line    0x000000000000089d      0x16a ../example1_bsp/\libhal_bsp.a(altera_avalon_jtag_uart_write.o)
 .debug_line    0x0000000000000a07       0xfd ../example1_bsp/\libhal_bsp.a(altera_avalon_timer_sc.o)
 .debug_line    0x0000000000000b04      0x1b8 ../example1_bsp/\libhal_bsp.a(altera_up_avalon_character_lcd.o)
 .debug_line    0x0000000000000cbc       0xfa ../example1_bsp/\libhal_bsp.a(alt_alarm_start.o)
 .debug_line    0x0000000000000db6      0x160 ../example1_bsp/\libhal_bsp.a(alt_close.o)
 .debug_line    0x0000000000000f16       0x51 ../example1_bsp/\libhal_bsp.a(alt_dcache_flush_all.o)
 .debug_line    0x0000000000000f67       0xf2 ../example1_bsp/\libhal_bsp.a(alt_dev.o)
 .debug_line    0x0000000000001059       0xd0 ../example1_bsp/\libhal_bsp.a(alt_dev_llist_insert.o)
 .debug_line    0x0000000000001129       0x59 ../example1_bsp/\libhal_bsp.a(alt_do_ctors.o)
 .debug_line    0x0000000000001182       0x59 ../example1_bsp/\libhal_bsp.a(alt_do_dtors.o)
 .debug_line    0x00000000000011db       0x51 ../example1_bsp/\libhal_bsp.a(alt_errno.o)
 .debug_line    0x000000000000122c       0xb5 ../example1_bsp/\libhal_bsp.a(alt_find_dev.o)
 .debug_line    0x00000000000012e1       0x50 ../example1_bsp/\libhal_bsp.a(alt_icache_flush_all.o)
 .debug_line    0x0000000000001331       0xef ../example1_bsp/\libhal_bsp.a(alt_iic.o)
 .debug_line    0x0000000000001420       0xdb ../example1_bsp/\libhal_bsp.a(alt_iic_isr_register.o)
 .debug_line    0x00000000000014fb      0x12d ../example1_bsp/\libhal_bsp.a(alt_io_redirect.o)
 .debug_line    0x0000000000001628       0x6b ../example1_bsp/\libhal_bsp.a(alt_irq_entry.o)
 .debug_line    0x0000000000001693       0xaa ../example1_bsp/\libhal_bsp.a(alt_irq_handler.o)
 .debug_line    0x000000000000173d       0x50 ../example1_bsp/\libhal_bsp.a(alt_irq_vars.o)
 .debug_line    0x000000000000178d      0x12a ../example1_bsp/\libhal_bsp.a(alt_open.o)
 .debug_line    0x00000000000018b7       0xae ../example1_bsp/\libhal_bsp.a(alt_release_fd.o)
 .debug_line    0x0000000000001965       0xfe ../example1_bsp/\libhal_bsp.a(alt_tick.o)
 .debug_line    0x0000000000001a63       0x51 ../example1_bsp/\libhal_bsp.a(altera_nios2_qsys_irq.o)
 .debug_line    0x0000000000001ab4       0xab ../example1_bsp/\libhal_bsp.a(alt_exception_entry.o)
 .debug_line    0x0000000000001b5f       0xd1 ../example1_bsp/\libhal_bsp.a(alt_find_file.o)
 .debug_line    0x0000000000001c30       0xd5 ../example1_bsp/\libhal_bsp.a(alt_get_fd.o)
 .debug_line    0x0000000000001d05       0x81 ../example1_bsp/\libhal_bsp.a(alt_icache_flush.o)
 .debug_line    0x0000000000001d86       0xe6 c:/altera/15.0/_/nios2eds/bin/gnu/h-x86_64-mingw32/bin/../lib/gcc/nios2-elf/4.9.1/../../../../../H-x86_64-mingw32/nios2-elf/lib\libc.a(lib_a-atexit.o)
 .debug_line    0x0000000000001e6c      0x1fa c:/altera/15.0/_/nios2eds/bin/gnu/h-x86_64-mingw32/bin/../lib/gcc/nios2-elf/4.9.1/../../../../../H-x86_64-mingw32/nios2-elf/lib\libc.a(lib_a-exit.o)
 .debug_line    0x0000000000002066      0x15f c:/altera/15.0/_/nios2eds/bin/gnu/h-x86_64-mingw32/bin/../lib/gcc/nios2-elf/4.9.1/../../../../../H-x86_64-mingw32/nios2-elf/lib\libc.a(lib_a-impure.o)
 .debug_line    0x00000000000021c5       0x5d c:/altera/15.0/_/nios2eds/bin/gnu/h-x86_64-mingw32/bin/../lib/gcc/nios2-elf/4.9.1/../../../../../H-x86_64-mingw32/nios2-elf/lib\libc.a(lib_a-int_errno.o)
 .debug_line    0x0000000000002222      0x175 c:/altera/15.0/_/nios2eds/bin/gnu/h-x86_64-mingw32/bin/../lib/gcc/nios2-elf/4.9.1/../../../../../H-x86_64-mingw32/nios2-elf/lib\libc.a(lib_a-memcmp.o)
 .debug_line    0x0000000000002397      0x184 c:/altera/15.0/_/nios2eds/bin/gnu/h-x86_64-mingw32/bin/../lib/gcc/nios2-elf/4.9.1/../../../../../H-x86_64-mingw32/nios2-elf/lib\libc.a(lib_a-memcpy.o)
 .debug_line    0x000000000000251b      0x16e c:/altera/15.0/_/nios2eds/bin/gnu/h-x86_64-mingw32/bin/../lib/gcc/nios2-elf/4.9.1/../../../../../H-x86_64-mingw32/nios2-elf/lib\libc.a(lib_a-strlen.o)
 .debug_line    0x0000000000002689      0x224 c:/altera/15.0/_/nios2eds/bin/gnu/h-x86_64-mingw32/bin/../lib/gcc/nios2-elf/4.9.1/../../../../../H-x86_64-mingw32/nios2-elf/lib\libc.a(lib_a-__atexit.o)
 .debug_line    0x00000000000028ad      0x241 c:/altera/15.0/_/nios2eds/bin/gnu/h-x86_64-mingw32/bin/../lib/gcc/nios2-elf/4.9.1/../../../../../H-x86_64-mingw32/nios2-elf/lib\libc.a(lib_a-__call_atexit.o)
 .debug_line    0x0000000000002aee       0x71 ../example1_bsp/\libhal_bsp.a(alt_exit.o)

.debug_frame    0x0000000000000000      0xca0
 *(.debug_frame)
 .debug_frame   0x0000000000000000       0x2c obj/default/hello_world.o
 .debug_frame   0x000000000000002c       0x5c ../example1_bsp/\libhal_bsp.a(alt_load.o)
 .debug_frame   0x0000000000000088       0x2c ../example1_bsp/\libhal_bsp.a(alt_main.o)
 .debug_frame   0x00000000000000b4       0x88 ../example1_bsp/\libhal_bsp.a(alt_sys_init.o)
 .debug_frame   0x000000000000013c       0xb0 ../example1_bsp/\libhal_bsp.a(altera_avalon_jtag_uart_fd.o)
 .debug_frame   0x00000000000001ec       0xa4 ../example1_bsp/\libhal_bsp.a(altera_avalon_jtag_uart_init.o)
 .debug_frame   0x0000000000000290       0x34 ../example1_bsp/\libhal_bsp.a(altera_avalon_jtag_uart_ioctl.o)
 .debug_frame   0x00000000000002c4       0x38 ../example1_bsp/\libhal_bsp.a(altera_avalon_jtag_uart_read.o)
 .debug_frame   0x00000000000002fc       0x38 ../example1_bsp/\libhal_bsp.a(altera_avalon_jtag_uart_write.o)
 .debug_frame   0x0000000000000334       0x60 ../example1_bsp/\libhal_bsp.a(altera_avalon_timer_sc.o)
 .debug_frame   0x0000000000000394      0x204 ../example1_bsp/\libhal_bsp.a(altera_up_avalon_character_lcd.o)
 .debug_frame   0x0000000000000598       0x34 ../example1_bsp/\libhal_bsp.a(alt_alarm_start.o)
 .debug_frame   0x00000000000005cc       0x60 ../example1_bsp/\libhal_bsp.a(alt_close.o)
 .debug_frame   0x000000000000062c       0x34 ../example1_bsp/\libhal_bsp.a(alt_dcache_flush_all.o)
 .debug_frame   0x0000000000000660       0x34 ../example1_bsp/\libhal_bsp.a(alt_dev.o)
 .debug_frame   0x0000000000000694       0x60 ../example1_bsp/\libhal_bsp.a(alt_dev_llist_insert.o)
 .debug_frame   0x00000000000006f4       0x38 ../example1_bsp/\libhal_bsp.a(alt_do_ctors.o)
 .debug_frame   0x000000000000072c       0x38 ../example1_bsp/\libhal_bsp.a(alt_do_dtors.o)
 .debug_frame   0x0000000000000764       0x38 ../example1_bsp/\libhal_bsp.a(alt_find_dev.o)
 .debug_frame   0x000000000000079c       0x38 ../example1_bsp/\libhal_bsp.a(alt_icache_flush_all.o)
 .debug_frame   0x00000000000007d4       0xa4 ../example1_bsp/\libhal_bsp.a(alt_iic.o)
 .debug_frame   0x0000000000000878       0x38 ../example1_bsp/\libhal_bsp.a(alt_iic_isr_register.o)
 .debug_frame   0x00000000000008b0       0x60 ../example1_bsp/\libhal_bsp.a(alt_io_redirect.o)
 .debug_frame   0x0000000000000910       0x38 ../example1_bsp/\libhal_bsp.a(alt_irq_handler.o)
 .debug_frame   0x0000000000000948       0x84 ../example1_bsp/\libhal_bsp.a(alt_open.o)
 .debug_frame   0x00000000000009cc       0x34 ../example1_bsp/\libhal_bsp.a(alt_release_fd.o)
 .debug_frame   0x0000000000000a00       0x5c ../example1_bsp/\libhal_bsp.a(alt_tick.o)
 .debug_frame   0x0000000000000a5c       0x34 ../example1_bsp/\libhal_bsp.a(altera_nios2_qsys_irq.o)
 .debug_frame   0x0000000000000a90       0x38 ../example1_bsp/\libhal_bsp.a(alt_find_file.o)
 .debug_frame   0x0000000000000ac8       0x34 ../example1_bsp/\libhal_bsp.a(alt_get_fd.o)
 .debug_frame   0x0000000000000afc       0x34 ../example1_bsp/\libhal_bsp.a(alt_icache_flush.o)
 .debug_frame   0x0000000000000b30       0x20 c:/altera/15.0/_/nios2eds/bin/gnu/h-x86_64-mingw32/bin/../lib/gcc/nios2-elf/4.9.1/../../../../../H-x86_64-mingw32/nios2-elf/lib\libc.a(lib_a-atexit.o)
 .debug_frame   0x0000000000000b50       0x28 c:/altera/15.0/_/nios2eds/bin/gnu/h-x86_64-mingw32/bin/../lib/gcc/nios2-elf/4.9.1/../../../../../H-x86_64-mingw32/nios2-elf/lib\libc.a(lib_a-exit.o)
 .debug_frame   0x0000000000000b78       0x20 c:/altera/15.0/_/nios2eds/bin/gnu/h-x86_64-mingw32/bin/../lib/gcc/nios2-elf/4.9.1/../../../../../H-x86_64-mingw32/nios2-elf/lib\libc.a(lib_a-memcmp.o)
 .debug_frame   0x0000000000000b98       0x30 c:/altera/15.0/_/nios2eds/bin/gnu/h-x86_64-mingw32/bin/../lib/gcc/nios2-elf/4.9.1/../../../../../H-x86_64-mingw32/nios2-elf/lib\libc.a(lib_a-memcpy.o)
 .debug_frame   0x0000000000000bc8       0x20 c:/altera/15.0/_/nios2eds/bin/gnu/h-x86_64-mingw32/bin/../lib/gcc/nios2-elf/4.9.1/../../../../../H-x86_64-mingw32/nios2-elf/lib\libc.a(lib_a-strlen.o)
 .debug_frame   0x0000000000000be8       0x38 c:/altera/15.0/_/nios2eds/bin/gnu/h-x86_64-mingw32/bin/../lib/gcc/nios2-elf/4.9.1/../../../../../H-x86_64-mingw32/nios2-elf/lib\libc.a(lib_a-__atexit.o)
 .debug_frame   0x0000000000000c20       0x54 c:/altera/15.0/_/nios2eds/bin/gnu/h-x86_64-mingw32/bin/../lib/gcc/nios2-elf/4.9.1/../../../../../H-x86_64-mingw32/nios2-elf/lib\libc.a(lib_a-__call_atexit.o)
 .debug_frame   0x0000000000000c74       0x2c ../example1_bsp/\libhal_bsp.a(alt_exit.o)

.debug_str      0x0000000000000000     0x17bf
 *(.debug_str)
 .debug_str     0x0000000000000000       0xc4 obj/default/hello_world.o
                                        0x102 (size before relaxing)
 .debug_str     0x00000000000000c4      0x120 ../example1_bsp/\libhal_bsp.a(alt_load.o)
                                        0x1e4 (size before relaxing)
 .debug_str     0x00000000000001e4       0x70 ../example1_bsp/\libhal_bsp.a(alt_main.o)
                                        0x16f (size before relaxing)
 .debug_str     0x0000000000000254      0x203 ../example1_bsp/\libhal_bsp.a(alt_sys_init.o)
                                        0x38b (size before relaxing)
 .debug_str     0x0000000000000457       0xb9 ../example1_bsp/\libhal_bsp.a(altera_avalon_jtag_uart_fd.o)
                                        0x376 (size before relaxing)
 .debug_str     0x0000000000000510       0xd1 ../example1_bsp/\libhal_bsp.a(altera_avalon_jtag_uart_init.o)
                                        0x30a (size before relaxing)
 .debug_str     0x00000000000005e1       0x4a ../example1_bsp/\libhal_bsp.a(altera_avalon_jtag_uart_ioctl.o)
                                        0x265 (size before relaxing)
 .debug_str     0x000000000000062b       0x7f ../example1_bsp/\libhal_bsp.a(altera_avalon_jtag_uart_read.o)
                                        0x2ba (size before relaxing)
 .debug_str     0x00000000000006aa       0x4a ../example1_bsp/\libhal_bsp.a(altera_avalon_jtag_uart_write.o)
                                        0x2bb (size before relaxing)
 .debug_str     0x00000000000006f4       0x6d ../example1_bsp/\libhal_bsp.a(altera_avalon_timer_sc.o)
                                        0x21d (size before relaxing)
 .debug_str     0x0000000000000761      0x1ea ../example1_bsp/\libhal_bsp.a(altera_up_avalon_character_lcd.o)
                                        0x3c3 (size before relaxing)
 .debug_str     0x000000000000094b       0x5f ../example1_bsp/\libhal_bsp.a(alt_alarm_start.o)
                                        0x250 (size before relaxing)
 .debug_str     0x00000000000009aa       0x44 ../example1_bsp/\libhal_bsp.a(alt_close.o)
                                        0x1dd (size before relaxing)
 .debug_str     0x00000000000009ee       0x34 ../example1_bsp/\libhal_bsp.a(alt_dcache_flush_all.o)
                                        0x127 (size before relaxing)
 .debug_str     0x0000000000000a22      0x120 ../example1_bsp/\libhal_bsp.a(alt_dev.o)
                                        0x2d7 (size before relaxing)
 .debug_str     0x0000000000000b42       0x34 ../example1_bsp/\libhal_bsp.a(alt_dev_llist_insert.o)
                                        0x19e (size before relaxing)
 .debug_str     0x0000000000000b76       0x48 ../example1_bsp/\libhal_bsp.a(alt_do_ctors.o)
                                         0xae (size before relaxing)
 .debug_str     0x0000000000000bbe       0x4c ../example1_bsp/\libhal_bsp.a(alt_do_dtors.o)
                                         0xad (size before relaxing)
 .debug_str     0x0000000000000c0a       0x14 ../example1_bsp/\libhal_bsp.a(alt_errno.o)
                                        0x117 (size before relaxing)
 .debug_str     0x0000000000000c1e       0x24 ../example1_bsp/\libhal_bsp.a(alt_find_dev.o)
                                        0x1be (size before relaxing)
 .debug_str     0x0000000000000c42       0x34 ../example1_bsp/\libhal_bsp.a(alt_icache_flush_all.o)
                                        0x127 (size before relaxing)
 .debug_str     0x0000000000000c76       0xc4 ../example1_bsp/\libhal_bsp.a(alt_iic.o)
                                        0x210 (size before relaxing)
 .debug_str     0x0000000000000d3a       0x4c ../example1_bsp/\libhal_bsp.a(alt_iic_isr_register.o)
                                        0x1ba (size before relaxing)
 .debug_str     0x0000000000000d86       0x56 ../example1_bsp/\libhal_bsp.a(alt_io_redirect.o)
                                        0x2e8 (size before relaxing)
 .debug_str     0x0000000000000ddc       0x3a ../example1_bsp/\libhal_bsp.a(alt_irq_handler.o)
                                        0x169 (size before relaxing)
 .debug_str     0x0000000000000e16       0x17 ../example1_bsp/\libhal_bsp.a(alt_irq_vars.o)
                                        0x118 (size before relaxing)
 .debug_str     0x0000000000000e2d       0x2f ../example1_bsp/\libhal_bsp.a(alt_open.o)
                                        0x21d (size before relaxing)
 .debug_str     0x0000000000000e5c       0x28 ../example1_bsp/\libhal_bsp.a(alt_release_fd.o)
                                        0x1b1 (size before relaxing)
 .debug_str     0x0000000000000e84       0x4a ../example1_bsp/\libhal_bsp.a(alt_tick.o)
                                        0x224 (size before relaxing)
 .debug_str     0x0000000000000ece       0x3b ../example1_bsp/\libhal_bsp.a(altera_nios2_qsys_irq.o)
                                        0x12e (size before relaxing)
 .debug_str     0x0000000000000f09       0x26 ../example1_bsp/\libhal_bsp.a(alt_find_file.o)
                                        0x1cc (size before relaxing)
 .debug_str     0x0000000000000f2f       0x30 ../example1_bsp/\libhal_bsp.a(alt_get_fd.o)
                                        0x1ee (size before relaxing)
 .debug_str     0x0000000000000f5f       0x2c ../example1_bsp/\libhal_bsp.a(alt_icache_flush.o)
                                        0x12d (size before relaxing)
 .debug_str     0x0000000000000f8b      0x132 c:/altera/15.0/_/nios2eds/bin/gnu/h-x86_64-mingw32/bin/../lib/gcc/nios2-elf/4.9.1/../../../../../H-x86_64-mingw32/nios2-elf/lib\libc.a(lib_a-atexit.o)
                                        0x1cb (size before relaxing)
 .debug_str     0x00000000000010bd      0x3ad c:/altera/15.0/_/nios2eds/bin/gnu/h-x86_64-mingw32/bin/../lib/gcc/nios2-elf/4.9.1/../../../../../H-x86_64-mingw32/nios2-elf/lib\libc.a(lib_a-exit.o)
                                        0x561 (size before relaxing)
 .debug_str     0x000000000000146a       0xc9 c:/altera/15.0/_/nios2eds/bin/gnu/h-x86_64-mingw32/bin/../lib/gcc/nios2-elf/4.9.1/../../../../../H-x86_64-mingw32/nios2-elf/lib\libc.a(lib_a-impure.o)
                                        0x558 (size before relaxing)
 .debug_str     0x0000000000001533       0x3d c:/altera/15.0/_/nios2eds/bin/gnu/h-x86_64-mingw32/bin/../lib/gcc/nios2-elf/4.9.1/../../../../../H-x86_64-mingw32/nios2-elf/lib\libc.a(lib_a-int_errno.o)
                                        0x187 (size before relaxing)
 .debug_str     0x0000000000001570       0xcd c:/altera/15.0/_/nios2eds/bin/gnu/h-x86_64-mingw32/bin/../lib/gcc/nios2-elf/4.9.1/../../../../../H-x86_64-mingw32/nios2-elf/lib\libc.a(lib_a-memcmp.o)
                                        0x18e (size before relaxing)
 .debug_str     0x000000000000163d       0x69 c:/altera/15.0/_/nios2eds/bin/gnu/h-x86_64-mingw32/bin/../lib/gcc/nios2-elf/4.9.1/../../../../../H-x86_64-mingw32/nios2-elf/lib\libc.a(lib_a-memcpy.o)
                                        0x1b5 (size before relaxing)
 .debug_str     0x00000000000016a6       0x4f c:/altera/15.0/_/nios2eds/bin/gnu/h-x86_64-mingw32/bin/../lib/gcc/nios2-elf/4.9.1/../../../../../H-x86_64-mingw32/nios2-elf/lib\libc.a(lib_a-strlen.o)
                                        0x1a1 (size before relaxing)
 .debug_str     0x00000000000016f5       0x4b c:/altera/15.0/_/nios2eds/bin/gnu/h-x86_64-mingw32/bin/../lib/gcc/nios2-elf/4.9.1/../../../../../H-x86_64-mingw32/nios2-elf/lib\libc.a(lib_a-__atexit.o)
                                        0x5ae (size before relaxing)
 .debug_str     0x0000000000001740       0x55 c:/altera/15.0/_/nios2eds/bin/gnu/h-x86_64-mingw32/bin/../lib/gcc/nios2-elf/4.9.1/../../../../../H-x86_64-mingw32/nios2-elf/lib\libc.a(lib_a-__call_atexit.o)
                                        0x577 (size before relaxing)
 .debug_str     0x0000000000001795       0x2a ../example1_bsp/\libhal_bsp.a(alt_exit.o)
                                        0x123 (size before relaxing)

.debug_loc      0x0000000000000000      0x784
 *(.debug_loc)
 .debug_loc     0x0000000000000000       0x2c c:/altera/15.0/_/nios2eds/bin/gnu/h-x86_64-mingw32/bin/../lib/gcc/nios2-elf/4.9.1/../../../../../H-x86_64-mingw32/nios2-elf/lib\libc.a(lib_a-atexit.o)
 .debug_loc     0x000000000000002c       0x1e c:/altera/15.0/_/nios2eds/bin/gnu/h-x86_64-mingw32/bin/../lib/gcc/nios2-elf/4.9.1/../../../../../H-x86_64-mingw32/nios2-elf/lib\libc.a(lib_a-exit.o)
 .debug_loc     0x000000000000004a      0x126 c:/altera/15.0/_/nios2eds/bin/gnu/h-x86_64-mingw32/bin/../lib/gcc/nios2-elf/4.9.1/../../../../../H-x86_64-mingw32/nios2-elf/lib\libc.a(lib_a-memcmp.o)
 .debug_loc     0x0000000000000170      0x2a2 c:/altera/15.0/_/nios2eds/bin/gnu/h-x86_64-mingw32/bin/../lib/gcc/nios2-elf/4.9.1/../../../../../H-x86_64-mingw32/nios2-elf/lib\libc.a(lib_a-memcpy.o)
 .debug_loc     0x0000000000000412       0x47 c:/altera/15.0/_/nios2eds/bin/gnu/h-x86_64-mingw32/bin/../lib/gcc/nios2-elf/4.9.1/../../../../../H-x86_64-mingw32/nios2-elf/lib\libc.a(lib_a-strlen.o)
 .debug_loc     0x0000000000000459      0x185 c:/altera/15.0/_/nios2eds/bin/gnu/h-x86_64-mingw32/bin/../lib/gcc/nios2-elf/4.9.1/../../../../../H-x86_64-mingw32/nios2-elf/lib\libc.a(lib_a-__atexit.o)
 .debug_loc     0x00000000000005de      0x1a6 c:/altera/15.0/_/nios2eds/bin/gnu/h-x86_64-mingw32/bin/../lib/gcc/nios2-elf/4.9.1/../../../../../H-x86_64-mingw32/nios2-elf/lib\libc.a(lib_a-__call_atexit.o)

.debug_macinfo
 *(.debug_macinfo)

.debug_weaknames
 *(.debug_weaknames)

.debug_funcnames
 *(.debug_funcnames)

.debug_typenames
 *(.debug_typenames)

.debug_varnames
 *(.debug_varnames)

.debug_alt_sim_info
                0x0000000000000000       0x20
 *(.debug_alt_sim_info)
 .debug_alt_sim_info
                0x0000000000000000       0x20 ../example1_bsp//obj/HAL/src/crt0.o
                0x000000000c000000                __alt_data_end = 0xc000000
                0x000000000c000000                PROVIDE (__alt_stack_pointer, __alt_data_end)
                0x0000000008005858                PROVIDE (__alt_stack_limit, __alt_stack_base)
                0x0000000008005858                PROVIDE (__alt_heap_start, end)
                0x000000000c000000                PROVIDE (__alt_heap_limit, 0xc000000)
OUTPUT(example1.elf elf32-littlenios2)

.debug_ranges   0x0000000000000000       0xa0
 .debug_ranges  0x0000000000000000       0x20 ../example1_bsp//obj/HAL/src/crt0.o
 .debug_ranges  0x0000000000000020       0x28 ../example1_bsp/\libhal_bsp.a(alt_irq_entry.o)
 .debug_ranges  0x0000000000000048       0x10 ../example1_bsp/\libhal_bsp.a(alt_irq_handler.o)
 .debug_ranges  0x0000000000000058       0x30 ../example1_bsp/\libhal_bsp.a(alt_exception_entry.o)
 .debug_ranges  0x0000000000000088       0x18 c:/altera/15.0/_/nios2eds/bin/gnu/h-x86_64-mingw32/bin/../lib/gcc/nios2-elf/4.9.1/../../../../../H-x86_64-mingw32/nios2-elf/lib\libc.a(lib_a-__call_atexit.o)
