Archive member included to satisfy reference by file (symbol)

c:/altera/15.0/nios2eds/bin/gnu/h-x86_64-mingw32/bin/../lib/gcc/nios2-elf/4.9.1/../../../../../H-x86_64-mingw32/nios2-elf/lib\libc.a(lib_a-putchar.o)
                              obj/default/RS232.o (putchar)
c:/altera/15.0/nios2eds/bin/gnu/h-x86_64-mingw32/bin/../lib/gcc/nios2-elf/4.9.1/../../../../../H-x86_64-mingw32/nios2-elf/lib\libc.a(lib_a-puts.o)
                              obj/default/hello_world.o (puts)
c:/altera/15.0/nios2eds/bin/gnu/h-x86_64-mingw32/bin/../lib/gcc/nios2-elf/4.9.1/../../../../../H-x86_64-mingw32/nios2-elf/lib\libc.a(lib_a-sprintf.o)
                              obj/default/WifiModule.o (sprintf)
c:/altera/15.0/nios2eds/bin/gnu/h-x86_64-mingw32/bin/../lib/gcc/nios2-elf/4.9.1/../../../../../H-x86_64-mingw32/nios2-elf/lib\libc.a(lib_a-strlen.o)
                              obj/default/RS232.o (strlen)
c:/altera/15.0/nios2eds/bin/gnu/h-x86_64-mingw32/bin/../lib/gcc/nios2-elf/4.9.1/../../../../../H-x86_64-mingw32/nios2-elf/lib\libc.a(lib_a-svfprintf.o)
                              c:/altera/15.0/nios2eds/bin/gnu/h-x86_64-mingw32/bin/../lib/gcc/nios2-elf/4.9.1/../../../../../H-x86_64-mingw32/nios2-elf/lib\libc.a(lib_a-sprintf.o) (___svfprintf_internal_r)
c:/altera/15.0/nios2eds/bin/gnu/h-x86_64-mingw32/bin/../lib/gcc/nios2-elf/4.9.1/../../../../../H-x86_64-mingw32/nios2-elf/lib\libc.a(lib_a-dtoa.o)
                              c:/altera/15.0/nios2eds/bin/gnu/h-x86_64-mingw32/bin/../lib/gcc/nios2-elf/4.9.1/../../../../../H-x86_64-mingw32/nios2-elf/lib\libc.a(lib_a-svfprintf.o) (_dtoa_r)
c:/altera/15.0/nios2eds/bin/gnu/h-x86_64-mingw32/bin/../lib/gcc/nios2-elf/4.9.1/../../../../../H-x86_64-mingw32/nios2-elf/lib\libc.a(lib_a-fvwrite.o)
                              c:/altera/15.0/nios2eds/bin/gnu/h-x86_64-mingw32/bin/../lib/gcc/nios2-elf/4.9.1/../../../../../H-x86_64-mingw32/nios2-elf/lib\libc.a(lib_a-puts.o) (__sfvwrite_r)
c:/altera/15.0/nios2eds/bin/gnu/h-x86_64-mingw32/bin/../lib/gcc/nios2-elf/4.9.1/../../../../../H-x86_64-mingw32/nios2-elf/lib\libc.a(lib_a-impure.o)
                              c:/altera/15.0/nios2eds/bin/gnu/h-x86_64-mingw32/bin/../lib/gcc/nios2-elf/4.9.1/../../../../../H-x86_64-mingw32/nios2-elf/lib\libc.a(lib_a-putchar.o) (_impure_ptr)
c:/altera/15.0/nios2eds/bin/gnu/h-x86_64-mingw32/bin/../lib/gcc/nios2-elf/4.9.1/../../../../../H-x86_64-mingw32/nios2-elf/lib\libc.a(lib_a-locale.o)
                              c:/altera/15.0/nios2eds/bin/gnu/h-x86_64-mingw32/bin/../lib/gcc/nios2-elf/4.9.1/../../../../../H-x86_64-mingw32/nios2-elf/lib\libc.a(lib_a-svfprintf.o) (_localeconv_r)
c:/altera/15.0/nios2eds/bin/gnu/h-x86_64-mingw32/bin/../lib/gcc/nios2-elf/4.9.1/../../../../../H-x86_64-mingw32/nios2-elf/lib\libc.a(lib_a-mallocr.o)
                              c:/altera/15.0/nios2eds/bin/gnu/h-x86_64-mingw32/bin/../lib/gcc/nios2-elf/4.9.1/../../../../../H-x86_64-mingw32/nios2-elf/lib\libc.a(lib_a-svfprintf.o) (_malloc_r)
c:/altera/15.0/nios2eds/bin/gnu/h-x86_64-mingw32/bin/../lib/gcc/nios2-elf/4.9.1/../../../../../H-x86_64-mingw32/nios2-elf/lib\libc.a(lib_a-memchr.o)
                              c:/altera/15.0/nios2eds/bin/gnu/h-x86_64-mingw32/bin/../lib/gcc/nios2-elf/4.9.1/../../../../../H-x86_64-mingw32/nios2-elf/lib\libc.a(lib_a-svfprintf.o) (memchr)
c:/altera/15.0/nios2eds/bin/gnu/h-x86_64-mingw32/bin/../lib/gcc/nios2-elf/4.9.1/../../../../../H-x86_64-mingw32/nios2-elf/lib\libc.a(lib_a-memcpy.o)
                              c:/altera/15.0/nios2eds/bin/gnu/h-x86_64-mingw32/bin/../lib/gcc/nios2-elf/4.9.1/../../../../../H-x86_64-mingw32/nios2-elf/lib\libc.a(lib_a-dtoa.o) (memcpy)
c:/altera/15.0/nios2eds/bin/gnu/h-x86_64-mingw32/bin/../lib/gcc/nios2-elf/4.9.1/../../../../../H-x86_64-mingw32/nios2-elf/lib\libc.a(lib_a-memmove.o)
                              c:/altera/15.0/nios2eds/bin/gnu/h-x86_64-mingw32/bin/../lib/gcc/nios2-elf/4.9.1/../../../../../H-x86_64-mingw32/nios2-elf/lib\libc.a(lib_a-fvwrite.o) (memmove)
c:/altera/15.0/nios2eds/bin/gnu/h-x86_64-mingw32/bin/../lib/gcc/nios2-elf/4.9.1/../../../../../H-x86_64-mingw32/nios2-elf/lib\libc.a(lib_a-mprec.o)
                              c:/altera/15.0/nios2eds/bin/gnu/h-x86_64-mingw32/bin/../lib/gcc/nios2-elf/4.9.1/../../../../../H-x86_64-mingw32/nios2-elf/lib\libc.a(lib_a-dtoa.o) (_Balloc)
c:/altera/15.0/nios2eds/bin/gnu/h-x86_64-mingw32/bin/../lib/gcc/nios2-elf/4.9.1/../../../../../H-x86_64-mingw32/nios2-elf/lib\libc.a(lib_a-putc.o)
                              c:/altera/15.0/nios2eds/bin/gnu/h-x86_64-mingw32/bin/../lib/gcc/nios2-elf/4.9.1/../../../../../H-x86_64-mingw32/nios2-elf/lib\libc.a(lib_a-putchar.o) (_putc_r)
c:/altera/15.0/nios2eds/bin/gnu/h-x86_64-mingw32/bin/../lib/gcc/nios2-elf/4.9.1/../../../../../H-x86_64-mingw32/nios2-elf/lib\libc.a(lib_a-reallocr.o)
[...]
Memory Configuration

Name             Origin             Length             Attributes
reset            0x0000000008000000 0x0000000000000020
sdram            0x0000000008000020 0x0000000003ffffe0
*default*        0x0000000000000000 0xffffffffffffffff

Linker script and memory map

LOAD ../CPEN391project_bsp//obj/HAL/src/crt0.o
LOAD obj/default/RS232.o
LOAD obj/default/WifiModule.o
LOAD obj/default/hello_world.o
LOAD c:/altera/15.0/nios2eds/bin/gnu/h-x86_64-mingw32/bin/../lib/gcc/nios2-elf/4.9.1/../../../../../H-x86_64-mingw32/nios2-elf/lib\libstdc++.a
LOAD c:/altera/15.0/nios2eds/bin/gnu/h-x86_64-mingw32/bin/../lib/gcc/nios2-elf/4.9.1/../../../../../H-x86_64-mingw32/nios2-elf/lib\libm.a
LOAD c:/altera/15.0/nios2eds/bin/gnu/h-x86_64-mingw32/bin/../lib/gcc/nios2-elf/4.9.1\libgcc.a
START GROUP
LOAD c:/altera/15.0/nios2eds/bin/gnu/h-x86_64-mingw32/bin/../lib/gcc/nios2-elf/4.9.1/../../../../../H-x86_64-mingw32/nios2-elf/lib\libc.a
LOAD c:/altera/15.0/nios2eds/bin/gnu/h-x86_64-mingw32/bin/../lib/gcc/nios2-elf/4.9.1\libgcc.a
LOAD ../CPEN391project_bsp/\libhal_bsp.a
LOAD c:/altera/15.0/nios2eds/bin/gnu/h-x86_64-mingw32/bin/../lib/gcc/nios2-elf/4.9.1/../../../../../H-x86_64-mingw32/nios2-elf/lib\libm.a
END GROUP
LOAD c:/altera/15.0/nios2eds/bin/gnu/h-x86_64-mingw32/bin/../lib/gcc/nios2-elf/4.9.1\libgcc.a
                0x0000000008000000                __alt_mem_sdram = 0x8000000

.entry          0x0000000008000000       0x20
 *(.entry)
 .entry         0x0000000008000000       0x20 ../CPEN391project_bsp//obj/HAL/src/crt0.o
                0x0000000008000000                __reset

.exceptions     0x0000000008000020      0x19c
                0x0000000008000020                PROVIDE (__ram_exceptions_start, ABSOLUTE (.))
                0x0000000008000020                . = ALIGN (0x20)
 *(.irq)
 *(.exceptions.entry.label)
 .exceptions.entry.label
                0x0000000008000020        0x0 ../CPEN391project_bsp/\libhal_bsp.a(alt_irq_entry.o)
                0x0000000008000020                alt_irq_entry
 .exceptions.entry.label
                0x0000000008000020        0x0 ../CPEN391project_bsp/\libhal_bsp.a(alt_exception_entry.o)
                0x0000000008000020                alt_exception
 *(.exceptions.entry.user)
 *(.exceptions.entry.ecc_fatal)
 *(.exceptions.entry)
 .exceptions.entry
                0x0000000008000020       0x54 ../CPEN391project_bsp/\libhal_bsp.a(alt_exception_entry.o)
 *(.exceptions.irqtest.user)
 *(.exceptions.irqtest)
 .exceptions.irqtest
                0x0000000008000074       0x10 ../CPEN391project_bsp/\libhal_bsp.a(alt_irq_entry.o)
 *(.exceptions.irqhandler.user)
 *(.exceptions.irqhandler)
 .exceptions.irqhandler
                0x0000000008000084        0x4 ../CPEN391project_bsp/\libhal_bsp.a(alt_irq_entry.o)
 *(.exceptions.irqreturn.user)
 *(.exceptions.irqreturn)
 .exceptions.irqreturn
                0x0000000008000088        0x4 ../CPEN391project_bsp/\libhal_bsp.a(alt_irq_entry.o)
 *(.exceptions.notirq.label)
 .exceptions.notirq.label
                0x000000000800008c        0x0 ../CPEN391project_bsp/\libhal_bsp.a(alt_irq_entry.o)
 *(.exceptions.notirq.user)
 *(.exceptions.notirq)
 .exceptions.notirq
                0x000000000800008c        0x8 ../CPEN391project_bsp/\libhal_bsp.a(alt_exception_entry.o)
 *(.exceptions.soft.user)
 *(.exceptions.soft)
 *(.exceptions.unknown.user)
 *(.exceptions.unknown)
 .exceptions.unknown
                0x0000000008000094        0x4 ../CPEN391project_bsp/\libhal_bsp.a(alt_exception_entry.o)
 *(.exceptions.exit.label)
 .exceptions.exit.label
                0x0000000008000098        0x0 ../CPEN391project_bsp/\libhal_bsp.a(alt_irq_entry.o)
 .exceptions.exit.label
                0x0000000008000098        0x0 ../CPEN391project_bsp/\libhal_bsp.a(alt_exception_entry.o)
 *(.exceptions.exit.user)
 *(.exceptions.exit)
 .exceptions.exit
                0x0000000008000098       0x54 ../CPEN391project_bsp/\libhal_bsp.a(alt_exception_entry.o)
 *(.exceptions)
 .exceptions    0x00000000080000ec       0xd0 ../CPEN391project_bsp/\libhal_bsp.a(alt_irq_handler.o)
                0x00000000080000ec                alt_irq_handler
                0x00000000080001bc                PROVIDE (__ram_exceptions_end, ABSOLUTE (.))
                0x0000000008000020                PROVIDE (__flash_exceptions_start, LOADADDR (.exceptions))

.text           0x00000000080001bc     0xf1b0
                0x00000000080001bc                PROVIDE (stext, ABSOLUTE (.))
 *(.interp)
 *(.hash)
 *(.dynsym)
 *(.dynstr)
 *(.gnu.version)
 *(.gnu.version_d)
 *(.gnu.version_r)
 *(.rel.init)
 *(.rela.init)
 *(.rel.text .rel.text.* .rel.gnu.linkonce.t.*)
 *(.rela.text .rela.text.* .rela.gnu.linkonce.t.*)
 *(.rel.fini)
 *(.rela.fini)
 *(.rel.rodata .rel.rodata.* .rel.gnu.linkonce.r.*)
 *(.rela.rodata .rela.rodata.* .rela.gnu.linkonce.r.*)
 *(.rel.data .rel.data.* .rel.gnu.linkonce.d.*)
 *(.rela.data .rela.data.* .rela.gnu.linkonce.d.*)
 *(.rel.tdata .rel.tdata.* .rel.gnu.linkonce.td.*)
 *(.rela.tdata .rela.tdata.* .rela.gnu.linkonce.td.*)
 *(.rel.tbss .rel.tbss.* .rel.gnu.linkonce.tb.*)
 *(.rela.tbss .rela.tbss.* .rela.gnu.linkonce.tb.*)
 *(.rel.ctors)
 *(.rela.ctors)
 *(.rel.dtors)
 *(.rela.dtors)
 *(.rel.got)
 *(.rela.got)
 *(.rel.sdata .rel.sdata.* .rel.gnu.linkonce.s.*)
 *(.rela.sdata .rela.sdata.* .rela.gnu.linkonce.s.*)
 *(.rel.sbss .rel.sbss.* .rel.gnu.linkonce.sb.*)
 *(.rela.sbss .rela.sbss.* .rela.gnu.linkonce.sb.*)
 *(.rel.sdata2 .rel.sdata2.* .rel.gnu.linkonce.s2.*)
 *(.rela.sdata2 .rela.sdata2.* .rela.gnu.linkonce.s2.*)
 *(.rel.sbss2 .rel.sbss2.* .rel.gnu.linkonce.sb2.*)
 *(.rela.sbss2 .rela.sbss2.* .rela.gnu.linkonce.sb2.*)
 *(.rel.bss .rel.bss.* .rel.gnu.linkonce.b.*)
 *(.rela.bss .rela.bss.* .rela.gnu.linkonce.b.*)
 *(.rel.plt)
 *(.rela.plt)
 *(.rel.dyn)
 *(.init)
 *(.plt)
 *(.text .stub .text.* .gnu.linkonce.t.*)
 .text          0x00000000080001bc       0x3c ../CPEN391project_bsp//obj/HAL/src/crt0.o
                0x00000000080001bc                _start
 .text          0x00000000080001f8      0x1dc obj/default/RS232.o
                0x00000000080001f8                rs232_init
                0x0000000008000234                rs232_send_string
                0x00000000080002bc                rs232_send_char
                0x000000000800030c                rs232_print_response
                0x000000000800035c                rs232_get_char
                0x00000000080003a4                rs232_check_if_received_data
 .text          0x00000000080003d4       0x74 obj/default/WifiModule.o
                0x00000000080003d4                wifi_init
                0x0000000008000404                wifi_send_sms
 .text          0x0000000008000448      0x418 obj/default/hello_world.o
                0x0000000008000448                WriteAPixel
                0x00000000080004c4                ReadAPixel
                0x0000000008000554                ProgramPalette
                0x00000000080005d0                DrawHline
                0x0000000008000670                DrawVline
                0x0000000008000710                Drawline
                0x00000000080007b0                main
 .text          0x0000000008000860       0x20 c:/altera/15.0/nios2eds/bin/gnu/h-x86_64-mingw32/bin/../lib/gcc/nios2-elf/4.9.1/../../../../../H-x86_64-mingw32/nios2-elf/lib\libc.a(lib_a-putchar.o)
                0x0000000008000860                _putchar_r
                0x0000000008000868                putchar
 .text          0x0000000008000880       0xcc c:/altera/15.0/nios2eds/bin/gnu/h-x86_64-mingw32/bin/../lib/gcc/nios2-elf/4.9.1/../../../../../H-x86_64-mingw32/nios2-elf/lib\libc.a(lib_a-puts.o)
                0x0000000008000880                _puts_r
                0x0000000008000938                puts
 .text          0x000000000800094c       0xc4 c:/altera/15.0/nios2eds/bin/gnu/h-x86_64-mingw32/bin/../lib/gcc/nios2-elf/4.9.1/../../../../../H-x86_64-mingw32/nios2-elf/lib\libc.a(lib_a-sprintf.o)
                0x000000000800094c                _sprintf_r
                0x00000000080009a4                sprintf
 .text          0x0000000008000a10       0x98 c:/altera/15.0/nios2eds/bin/gnu/h-x86_64-mingw32/bin/../lib/gcc/nios2-elf/4.9.1/../../../../../H-x86_64-mingw32/nios2-elf/lib\libc.a(lib_a-strlen.o)
                0x0000000008000a10                strlen
 .text          0x0000000008000aa8     0x1f90 c:/altera/15.0/nios2eds/bin/gnu/h-x86_64-mingw32/bin/../lib/gcc/nios2-elf/4.9.1/../../../../../H-x86_64-mingw32/nios2-elf/lib\libc.a(lib_a-svfprintf.o)
                0x0000000008000aa8                ___svfprintf_internal_r
 .text          0x0000000008002a38     0x1928 c:/altera/15.0/nios2eds/bin/gnu/h-x86_64-mingw32/bin/../lib/gcc/nios2-elf/4.9.1/../../../../../H-x86_64-mingw32/nios2-elf/lib\libc.a(lib_a-dtoa.o)
                0x0000000008002c38                _dtoa_r
 .text          0x0000000008004360      0x4a4 c:/altera/15.0/nios2eds/bin/gnu/h-x86_64-mingw32/bin/../lib/gcc/nios2-elf/4.9.1/../../../../../H-x86_64-mingw32/nios2-elf/lib\libc.a(lib_a-fvwrite.o)
                0x0000000008004360                __sfvwrite_r
 .text          0x0000000008004804        0x0 c:/altera/15.0/nios2eds/bin/gnu/h-x86_64-mingw32/bin/../lib/gcc/nios2-elf/4.9.1/../../../../../H-x86_64-mingw32/nios2-elf/lib\libc.a(lib_a-impure.o)
 .text          0x0000000008004804       0xe0 c:/altera/15.0/nios2eds/bin/gnu/h-x86_64-mingw32/bin/../lib/gcc/nios2-elf/4.9.1/../../../../../H-x86_64-mingw32/nios2-elf/lib\libc.a(lib_a-locale.o)
                0x0000000008004804                _setlocale_r
                0x0000000008004880                __locale_charset
                0x000000000800488c                __locale_mb_cur_max
                0x000000000800489c                __locale_msgcharset
                0x00000000080048a8                __locale_cjk_lang
                0x00000000080048b0                _localeconv_r
                0x00000000080048bc                setlocale
                0x00000000080048d8                localeconv
 .text          0x00000000080048e4      0x7a8 c:/altera/15.0/nios2eds/bin/gnu/h-x86_64-mingw32/bin/../lib/gcc/nios2-elf/4.9.1/../../../../../H-x86_64-mingw32/nios2-elf/lib\libc.a(lib_a-mallocr.o)
                0x00000000080048e4                _malloc_r
 .text          0x000000000800508c       0xe8 c:/altera/15.0/nios2eds/bin/gnu/h-x86_64-mingw32/bin/../lib/gcc/nios2-elf/4.9.1/../../../../../H-x86_64-mingw32/nios2-elf/lib\libc.a(lib_a-memchr.o)
                0x000000000800508c                memchr
 .text          0x0000000008005174      0x138 c:/altera/15.0/nios2eds/bin/gnu/h-x86_64-mingw32/bin/../lib/gcc/nios2-elf/4.9.1/../../../../../H-x86_64-mingw32/nios2-elf/lib\libc.a(lib_a-memcpy.o)
                0x0000000008005174                memcpy
 .text          0x00000000080052ac      0x15c c:/altera/15.0/nios2eds/bin/gnu/h-x86_64-mingw32/bin/../lib/gcc/nios2-elf/4.9.1/../../../../../H-x86_64-mingw32/nios2-elf/lib\libc.a(lib_a-memmove.o)
                0x00000000080052ac                memmove
 .text          0x0000000008005408      0xf8c c:/altera/15.0/nios2eds/bin/gnu/h-x86_64-mingw32/bin/../lib/gcc/nios2-elf/4.9.1/../../../../../H-x86_64-mingw32/nios2-elf/lib\libc.a(lib_a-mprec.o)
                0x0000000008005408                _Balloc
                0x00000000080054b0                _Bfree
                0x00000000080054d8                __multadd
                0x00000000080055ec                __s2b
                0x00000000080056f0                __hi0bits
                0x0000000008005758                __lo0bits
                0x0000000008005808                __i2b
                0x0000000008005844                __multiply
                0x0000000008005a40                __pow5mult
                0x0000000008005b80                __lshift
                0x0000000008005cc8                __mcmp
                0x0000000008005d28                __mdiff
                0x0000000008005ec0                __ulp
                0x0000000008005f20                __b2d
                0x000000000800603c                __d2b
                0x0000000008006178                __ratio
                0x000000000800621c                _mprec_log10
                0x0000000008006290                __copybits
                0x0000000008006308                __any_on
 .text          0x0000000008006394      0x168 c:/altera/15.0/nios2eds/bin/gnu/h-x86_64-mingw32/bin/../lib/gcc/nios2-elf/4.9.1/../../../../../H-x86_64-mingw32/nios2-elf/lib\libc.a(lib_a-putc.o)
                0x0000000008006394                _putc_r
                0x0000000008006434                putc
 .text          0x00000000080064fc      0x5a0 c:/altera/15.0/nios2eds/bin/gnu/h-x86_64-mingw32/bin/../lib/gcc/nios2-elf/4.9.1/../../../../../H-x86_64-mingw32/nios2-elf/lib\libc.a(lib_a-reallocr.o)
                0x00000000080064fc                _realloc_r
 .text          0x0000000008006a9c       0x74 c:/altera/15.0/nios2eds/bin/gnu/h-x86_64-mingw32/bin/../lib/gcc/nios2-elf/4.9.1/../../../../../H-x86_64-mingw32/nios2-elf/lib\libc.a(lib_a-s_fpclassify.o)
                0x0000000008006a9c                __fpclassifyd
 .text          0x0000000008006b10       0x54 c:/altera/15.0/nios2eds/bin/gnu/h-x86_64-mingw32/bin/../lib/gcc/nios2-elf/4.9.1/../../../../../H-x86_64-mingw32/nios2-elf/lib\libc.a(lib_a-sbrkr.o)
                0x0000000008006b10                _sbrk_r
 .text          0x0000000008006b64       0xa4 c:/altera/15.0/nios2eds/bin/gnu/h-x86_64-mingw32/bin/../lib/gcc/nios2-elf/4.9.1/../../../../../H-x86_64-mingw32/nios2-elf/lib\libc.a(lib_a-strcmp.o)
                0x0000000008006b64                strcmp
 .text          0x0000000008006c08     0x1230 c:/altera/15.0/nios2eds/bin/gnu/h-x86_64-mingw32/bin/../lib/gcc/nios2-elf/4.9.1/../../../../../H-x86_64-mingw32/nios2-elf/lib\libc.a(lib_a-svfiprintf.o)
                0x0000000008006c08                __ssprint_r
                0x0000000008006dd0                ___svfiprintf_internal_r
 .text          0x0000000008007e38      0x170 c:/altera/15.0/nios2eds/bin/gnu/h-x86_64-mingw32/bin/../lib/gcc/nios2-elf/4.9.1/../../../../../H-x86_64-mingw32/nios2-elf/lib\libc.a(lib_a-wbuf.o)
                0x0000000008007e38                __swbuf_r
                0x0000000008007f8c                __swbuf
 .text          0x0000000008007fa8      0x130 c:/altera/15.0/nios2eds/bin/gnu/h-x86_64-mingw32/bin/../lib/gcc/nios2-elf/4.9.1/../../../../../H-x86_64-mingw32/nios2-elf/lib\libc.a(lib_a-wsetup.o)
                0x0000000008007fa8                __swsetup_r
 .text          0x00000000080080d8       0xc4 c:/altera/15.0/nios2eds/bin/gnu/h-x86_64-mingw32/bin/../lib/gcc/nios2-elf/4.9.1/../../../../../H-x86_64-mingw32/nios2-elf/lib\libc.a(lib_a-callocr.o)
                0x00000000080080d8                _calloc_r
 .text          0x000000000800819c      0x258 c:/altera/15.0/nios2eds/bin/gnu/h-x86_64-mingw32/bin/../lib/gcc/nios2-elf/4.9.1/../../../../../H-x86_64-mingw32/nios2-elf/lib\libc.a(lib_a-fflush.o)
                0x000000000800819c                _fflush_r
                0x00000000080083c4                fflush
 .text          0x00000000080083f4      0x3a0 c:/altera/15.0/nios2eds/bin/gnu/h-x86_64-mingw32/bin/../lib/gcc/nios2-elf/4.9.1/../../../../../H-x86_64-mingw32/nios2-elf/lib\libc.a(lib_a-findfp.o)
                0x0000000008008404                _cleanup_r
                0x00000000080085b0                __sfmoreglue
                0x0000000008008614                __sfp
                0x000000000800872c                _cleanup
                0x0000000008008744                __sinit
                0x0000000008008754                __sfp_lock_acquire
                0x0000000008008758                __sfp_lock_release
                0x000000000800875c                __sinit_lock_acquire
                0x0000000008008760                __sinit_lock_release
                0x0000000008008764                __fp_lock_all
                0x000000000800877c                __fp_unlock_all
 .text          0x0000000008008794      0x414 c:/altera/15.0/nios2eds/bin/gnu/h-x86_64-mingw32/bin/../lib/gcc/nios2-elf/4.9.1/../../../../../H-x86_64-mingw32/nios2-elf/lib\libc.a(lib_a-freer.o)
                0x0000000008008794                _malloc_trim_r
                0x00000000080088b8                _free_r
 .text          0x0000000008008ba8      0x170 c:/altera/15.0/nios2eds/bin/gnu/h-x86_64-mingw32/bin/../lib/gcc/nios2-elf/4.9.1/../../../../../H-x86_64-mingw32/nios2-elf/lib\libc.a(lib_a-fwalk.o)
                0x0000000008008ba8                _fwalk
                0x0000000008008c60                _fwalk_reent
 .text          0x0000000008008d18        0x0 c:/altera/15.0/nios2eds/bin/gnu/h-x86_64-mingw32/bin/../lib/gcc/nios2-elf/4.9.1/../../../../../H-x86_64-mingw32/nios2-elf/lib\libc.a(lib_a-int_errno.o)
 .text          0x0000000008008d18      0x1b8 c:/altera/15.0/nios2eds/bin/gnu/h-x86_64-mingw32/bin/../lib/gcc/nios2-elf/4.9.1/../../../../../H-x86_64-mingw32/nios2-elf/lib\libc.a(lib_a-makebuf.o)
                0x0000000008008d18                __smakebuf_r
 .text          0x0000000008008ed0      0x124 c:/altera/15.0/nios2eds/bin/gnu/h-x86_64-mingw32/bin/../lib/gcc/nios2-elf/4.9.1/../../../../../H-x86_64-mingw32/nios2-elf/lib\libc.a(lib_a-memset.o)
                0x0000000008008ed0                memset
 .text          0x0000000008008ff4      0x13c c:/altera/15.0/nios2eds/bin/gnu/h-x86_64-mingw32/bin/../lib/gcc/nios2-elf/4.9.1/../../../../../H-x86_64-mingw32/nios2-elf/lib\libc.a(lib_a-stdio.o)
                0x0000000008008ff4                __sread
                0x0000000008009048                __seofread
                0x0000000008009050                __swrite
                0x00000000080090cc                __sseek
                0x0000000008009128                __sclose
 .text          0x0000000008009130       0x5c c:/altera/15.0/nios2eds/bin/gnu/h-x86_64-mingw32/bin/../lib/gcc/nios2-elf/4.9.1/../../../../../H-x86_64-mingw32/nios2-elf/lib\libc.a(lib_a-writer.o)
                0x0000000008009130                _write_r
 .text          0x000000000800918c       0x54 c:/altera/15.0/nios2eds/bin/gnu/h-x86_64-mingw32/bin/../lib/gcc/nios2-elf/4.9.1/../../../../../H-x86_64-mingw32/nios2-elf/lib\libc.a(closer.o)
                0x000000000800918c                _close_r
 .text          0x00000000080091e0      0x114 c:/altera/15.0/nios2eds/bin/gnu/h-x86_64-mingw32/bin/../lib/gcc/nios2-elf/4.9.1/../../../../../H-x86_64-mingw32/nios2-elf/lib\libc.a(lib_a-fclose.o)
                0x00000000080091e0                _fclose_r
                0x00000000080092e0                fclose
 .text          0x00000000080092f4       0x58 c:/altera/15.0/nios2eds/bin/gnu/h-x86_64-mingw32/bin/../lib/gcc/nios2-elf/4.9.1/../../../../../H-x86_64-mingw32/nios2-elf/lib\libc.a(lib_a-fstatr.o)
                0x00000000080092f4                _fstat_r
 .text          0x000000000800934c       0x54 c:/altera/15.0/nios2eds/bin/gnu/h-x86_64-mingw32/bin/../lib/gcc/nios2-elf/4.9.1/../../../../../H-x86_64-mingw32/nios2-elf/lib\libc.a(lib_a-isattyr.o)
                0x000000000800934c                _isatty_r
 .text          0x00000000080093a0       0x5c c:/altera/15.0/nios2eds/bin/gnu/h-x86_64-mingw32/bin/../lib/gcc/nios2-elf/4.9.1/../../../../../H-x86_64-mingw32/nios2-elf/lib\libc.a(lib_a-lseekr.o)
                0x00000000080093a0                _lseek_r
 .text          0x00000000080093fc       0x5c c:/altera/15.0/nios2eds/bin/gnu/h-x86_64-mingw32/bin/../lib/gcc/nios2-elf/4.9.1/../../../../../H-x86_64-mingw32/nios2-elf/lib\libc.a(lib_a-readr.o)
                0x00000000080093fc                _read_r
 .text          0x0000000008009458      0x5c0 c:/altera/15.0/nios2eds/bin/gnu/h-x86_64-mingw32/bin/../lib/gcc/nios2-elf/4.9.1\libgcc.a(_udivdi3.o)
                0x0000000008009458                __udivdi3
 .text          0x0000000008009a18      0x590 c:/altera/15.0/nios2eds/bin/gnu/h-x86_64-mingw32/bin/../lib/gcc/nios2-elf/4.9.1\libgcc.a(_umoddi3.o)
                0x0000000008009a18                __umoddi3
 .text          0x0000000008009fa8      0x12c c:/altera/15.0/nios2eds/bin/gnu/h-x86_64-mingw32/bin/../lib/gcc/nios2-elf/4.9.1\libgcc.a(lib2-divmod.o)
                0x000000000800a014                __divsi3
                0x000000000800a068                __modsi3
                0x000000000800a0c4                __udivsi3
                0x000000000800a0cc                __umodsi3
 .text          0x000000000800a0d4      0x89c c:/altera/15.0/nios2eds/bin/gnu/h-x86_64-mingw32/bin/../lib/gcc/nios2-elf/4.9.1\libgcc.a(adddf3.o)
                0x000000000800a0d4                __adddf3
 .text          0x000000000800a970      0x8cc c:/altera/15.0/nios2eds/bin/gnu/h-x86_64-mingw32/bin/../lib/gcc/nios2-elf/4.9.1\libgcc.a(divdf3.o)
                0x000000000800a970                __divdf3
 .text          0x000000000800b23c       0x84 c:/altera/15.0/nios2eds/bin/gnu/h-x86_64-mingw32/bin/../lib/gcc/nios2-elf/4.9.1\libgcc.a(eqdf2.o)
                0x000000000800b23c                __nedf2
                0x000000000800b23c                __eqdf2
 .text          0x000000000800b2c0       0xe0 c:/altera/15.0/nios2eds/bin/gnu/h-x86_64-mingw32/bin/../lib/gcc/nios2-elf/4.9.1\libgcc.a(gedf2.o)
                0x000000000800b2c0                __gedf2
                0x000000000800b2c0                __gtdf2
 .text          0x000000000800b3a0       0xe0 c:/altera/15.0/nios2eds/bin/gnu/h-x86_64-mingw32/bin/../lib/gcc/nios2-elf/4.9.1\libgcc.a(ledf2.o)
                0x000000000800b3a0                __ledf2
                0x000000000800b3a0                __ltdf2
 .text          0x000000000800b480      0x724 c:/altera/15.0/nios2eds/bin/gnu/h-x86_64-mingw32/bin/../lib/gcc/nios2-elf/4.9.1\libgcc.a(muldf3.o)
                0x000000000800b480                __muldf3
 .text          0x000000000800bba4      0x8d0 c:/altera/15.0/nios2eds/bin/gnu/h-x86_64-mingw32/bin/../lib/gcc/nios2-elf/4.9.1\libgcc.a(subdf3.o)
                0x000000000800bba4                __subdf3
 .text          0x000000000800c474       0x88 c:/altera/15.0/nios2eds/bin/gnu/h-x86_64-mingw32/bin/../lib/gcc/nios2-elf/4.9.1\libgcc.a(fixdfsi.o)
                0x000000000800c474                __fixdfsi
 .text          0x000000000800c4fc       0xd0 c:/altera/15.0/nios2eds/bin/gnu/h-x86_64-mingw32/bin/../lib/gcc/nios2-elf/4.9.1\libgcc.a(floatsidf.o)
                0x000000000800c4fc                __floatsidf
 .text          0x000000000800c5cc       0xa4 c:/altera/15.0/nios2eds/bin/gnu/h-x86_64-mingw32/bin/../lib/gcc/nios2-elf/4.9.1\libgcc.a(floatunsidf.o)
                0x000000000800c5cc                __floatunsidf
 .text          0x000000000800c670        0x0 c:/altera/15.0/nios2eds/bin/gnu/h-x86_64-mingw32/bin/../lib/gcc/nios2-elf/4.9.1\libgcc.a(_clz.o)
 .text          0x000000000800c670       0x64 c:/altera/15.0/nios2eds/bin/gnu/h-x86_64-mingw32/bin/../lib/gcc/nios2-elf/4.9.1\libgcc.a(_clzsi2.o)
                0x000000000800c670                __clzsi2
 .text          0x000000000800c6d4      0x120 ../CPEN391project_bsp/\libhal_bsp.a(alt_close.o)
                0x000000000800c724                close
 .text          0x000000000800c7f4       0x2c ../CPEN391project_bsp/\libhal_bsp.a(alt_dev.o)
 .text          0x000000000800c820        0x0 ../CPEN391project_bsp/\libhal_bsp.a(alt_errno.o)
 .text          0x000000000800c820      0x100 ../CPEN391project_bsp/\libhal_bsp.a(alt_fstat.o)
                0x000000000800c870                fstat
 .text          0x000000000800c920       0xf4 ../CPEN391project_bsp/\libhal_bsp.a(alt_isatty.o)
                0x000000000800c970                isatty
 .text          0x000000000800ca14       0xe4 ../CPEN391project_bsp/\libhal_bsp.a(alt_load.o)
                0x000000000800ca78                alt_load
 .text          0x000000000800caf8      0x124 ../CPEN391project_bsp/\libhal_bsp.a(alt_lseek.o)
                0x000000000800cb48                lseek
 .text          0x000000000800cc1c       0x78 ../CPEN391project_bsp/\libhal_bsp.a(alt_main.o)
                0x000000000800cc1c                alt_main
 .text          0x000000000800cc94       0x40 ../CPEN391project_bsp/\libhal_bsp.a(alt_malloc_lock.o)
                0x000000000800cc94                __malloc_lock
                0x000000000800ccb4                __malloc_unlock
 .text          0x000000000800ccd4      0x14c ../CPEN391project_bsp/\libhal_bsp.a(alt_read.o)
                0x000000000800cd24                read
 .text          0x000000000800ce20       0x60 ../CPEN391project_bsp/\libhal_bsp.a(alt_release_fd.o)
                0x000000000800ce20                alt_release_fd
 .text          0x000000000800ce80       0xb0 ../CPEN391project_bsp/\libhal_bsp.a(alt_sbrk.o)
                0x000000000800ce80                sbrk
 .text          0x000000000800cf30      0x148 ../CPEN391project_bsp/\libhal_bsp.a(alt_write.o)
                0x000000000800cf80                write
 .text          0x000000000800d078       0xdc ../CPEN391project_bsp/\libhal_bsp.a(alt_sys_init.o)
                0x000000000800d0b0                alt_irq_init
                0x000000000800d0e4                alt_sys_init
 .text          0x000000000800d154      0x164 ../CPEN391project_bsp/\libhal_bsp.a(altera_avalon_jtag_uart_fd.o)
                0x000000000800d154                altera_avalon_jtag_uart_read_fd
                0x000000000800d1b4                altera_avalon_jtag_uart_write_fd
                0x000000000800d214                altera_avalon_jtag_uart_close_fd
                0x000000000800d264                altera_avalon_jtag_uart_ioctl_fd
 .text          0x000000000800d2b8      0x3d8 ../CPEN391project_bsp/\libhal_bsp.a(altera_avalon_jtag_uart_init.o)
                0x000000000800d2b8                altera_avalon_jtag_uart_init
                0x000000000800d628                altera_avalon_jtag_uart_close
 .text          0x000000000800d690       0xec ../CPEN391project_bsp/\libhal_bsp.a(altera_avalon_jtag_uart_ioctl.o)
                0x000000000800d690                altera_avalon_jtag_uart_ioctl
 .text          0x000000000800d77c      0x20c ../CPEN391project_bsp/\libhal_bsp.a(altera_avalon_jtag_uart_read.o)
                0x000000000800d77c                altera_avalon_jtag_uart_read
 .text          0x000000000800d988      0x218 ../CPEN391project_bsp/\libhal_bsp.a(altera_avalon_jtag_uart_write.o)
                0x000000000800d988                altera_avalon_jtag_uart_write
 .text          0x000000000800dba0       0xfc ../CPEN391project_bsp/\libhal_bsp.a(altera_avalon_timer_sc.o)
                0x000000000800dc14                alt_avalon_timer_sc_init
 .text          0x000000000800dc9c      0x4d8 ../CPEN391project_bsp/\libhal_bsp.a(altera_up_avalon_character_lcd.o)
                0x000000000800dc9c                get_DDRAM_addr
                0x000000000800dd10                alt_up_character_lcd_send_cmd
                0x000000000800dd4c                alt_up_character_lcd_init
                0x000000000800dd80                alt_up_character_lcd_open_dev
                0x000000000800ddc0                alt_up_character_lcd_write
                0x000000000800de38                alt_up_character_lcd_string
                0x000000000800deac                alt_up_character_lcd_write_fd
                0x000000000800defc                alt_up_character_lcd_set_cursor_pos
                0x000000000800df70                alt_up_character_lcd_shift_cursor
                0x000000000800dff8                alt_up_character_lcd_shift_display
                0x000000000800e080                alt_up_character_lcd_erase_pos
                0x000000000800e10c                alt_up_character_lcd_cursor_off
                0x000000000800e140                alt_up_character_lcd_cursor_blink_on
 .text          0x000000000800e174      0x140 ../CPEN391project_bsp/\libhal_bsp.a(alt_alarm_start.o)
                0x000000000800e174                alt_alarm_start
 .text          0x000000000800e2b4       0x1c ../CPEN391project_bsp/\libhal_bsp.a(alt_dcache_flush_all.o)
                0x000000000800e2b4                alt_dcache_flush_all
 .text          0x000000000800e2d0       0xf4 ../CPEN391project_bsp/\libhal_bsp.a(alt_dev_llist_insert.o)
                0x000000000800e320                alt_dev_llist_insert
 .text          0x000000000800e3c4       0x5c ../CPEN391project_bsp/\libhal_bsp.a(alt_do_ctors.o)
                0x000000000800e3c4                _do_ctors
 .text          0x000000000800e420       0x5c ../CPEN391project_bsp/\libhal_bsp.a(alt_do_dtors.o)
                0x000000000800e420                _do_dtors
 .text          0x000000000800e47c       0x90 ../CPEN391project_bsp/\libhal_bsp.a(alt_find_dev.o)
                0x000000000800e47c                alt_find_dev
 .text          0x000000000800e50c       0x30 ../CPEN391project_bsp/\libhal_bsp.a(alt_icache_flush_all.o)
                0x000000000800e50c                alt_icache_flush_all
 .text          0x000000000800e53c      0x1e0 ../CPEN391project_bsp/\libhal_bsp.a(alt_iic.o)
                0x000000000800e53c                alt_ic_isr_register
                0x000000000800e58c                alt_ic_irq_enable
                0x000000000800e62c                alt_ic_irq_disable
                0x000000000800e6d0                alt_ic_irq_enabled
 .text          0x000000000800e71c       0xf0 ../CPEN391project_bsp/\libhal_bsp.a(alt_iic_isr_register.o)
                0x000000000800e71c                alt_iic_isr_register
 .text          0x000000000800e80c      0x138 ../CPEN391project_bsp/\libhal_bsp.a(alt_io_redirect.o)
                0x000000000800e8cc                alt_io_redirect
 .text          0x000000000800e944        0x0 ../CPEN391project_bsp/\libhal_bsp.a(alt_irq_entry.o)
 .text          0x000000000800e944        0x0 ../CPEN391project_bsp/\libhal_bsp.a(alt_irq_handler.o)
 .text          0x000000000800e944        0x0 ../CPEN391project_bsp/\libhal_bsp.a(alt_irq_vars.o)
 .text          0x000000000800e944      0x274 ../CPEN391project_bsp/\libhal_bsp.a(alt_open.o)
                0x000000000800ea60                open
 .text          0x000000000800ebb8      0x19c ../CPEN391project_bsp/\libhal_bsp.a(alt_tick.o)
                0x000000000800ebb8                alt_alarm_stop
                0x000000000800ec50                alt_tick
 .text          0x000000000800ed54       0x20 ../CPEN391project_bsp/\libhal_bsp.a(altera_nios2_qsys_irq.o)
                0x000000000800ed54                altera_nios2_qsys_irq_init
 .text          0x000000000800ed74        0x0 ../CPEN391project_bsp/\libhal_bsp.a(alt_exception_entry.o)
 .text          0x000000000800ed74      0x114 ../CPEN391project_bsp/\libhal_bsp.a(alt_find_file.o)
                0x000000000800ed74                alt_find_file
 .text          0x000000000800ee88       0xb4 ../CPEN391project_bsp/\libhal_bsp.a(alt_get_fd.o)
                0x000000000800ee88                alt_get_fd
 .text          0x000000000800ef3c       0x8c ../CPEN391project_bsp/\libhal_bsp.a(alt_icache_flush.o)
                0x000000000800ef3c                alt_icache_flush
 .text          0x000000000800efc8       0x14 c:/altera/15.0/nios2eds/bin/gnu/h-x86_64-mingw32/bin/../lib/gcc/nios2-elf/4.9.1/../../../../../H-x86_64-mingw32/nios2-elf/lib\libc.a(lib_a-atexit.o)
                0x000000000800efc8                atexit
 .text          0x000000000800efdc       0x38 c:/altera/15.0/nios2eds/bin/gnu/h-x86_64-mingw32/bin/../lib/gcc/nios2-elf/4.9.1/../../../../../H-x86_64-mingw32/nios2-elf/lib\libc.a(lib_a-exit.o)
                0x000000000800efdc                exit
 .text          0x000000000800f014       0x7c c:/altera/15.0/nios2eds/bin/gnu/h-x86_64-mingw32/bin/../lib/gcc/nios2-elf/4.9.1/../../../../../H-x86_64-mingw32/nios2-elf/lib\libc.a(lib_a-memcmp.o)
                0x000000000800f014                memcmp
 .text          0x000000000800f090      0x114 c:/altera/15.0/nios2eds/bin/gnu/h-x86_64-mingw32/bin/../lib/gcc/nios2-elf/4.9.1/../../../../../H-x86_64-mingw32/nios2-elf/lib\libc.a(lib_a-__atexit.o)
                0x000000000800f090                __register_exitproc
 .text          0x000000000800f1a4      0x194 c:/altera/15.0/nios2eds/bin/gnu/h-x86_64-mingw32/bin/../lib/gcc/nios2-elf/4.9.1/../../../../../H-x86_64-mingw32/nios2-elf/lib\libc.a(lib_a-__call_atexit.o)
                0x000000000800f1a4                __call_exitprocs
 .text          0x000000000800f338       0x34 ../CPEN391project_bsp/\libhal_bsp.a(alt_exit.o)
                0x000000000800f338                _exit
 *(.gnu.warning.*)
 *(.fini)
                0x000000000800f36c                PROVIDE (__etext, ABSOLUTE (.))
                0x000000000800f36c                PROVIDE (_etext, ABSOLUTE (.))
                0x000000000800f36c                PROVIDE (etext, ABSOLUTE (.))
 *(.eh_frame_hdr)
                0x000000000800f36c                . = ALIGN (0x4)
                0x000000000800f36c                PROVIDE (__preinit_array_start, ABSOLUTE (.))
 *(.preinit_array)
                0x000000000800f36c                PROVIDE (__preinit_array_end, ABSOLUTE (.))
                0x000000000800f36c                PROVIDE (__init_array_start, ABSOLUTE (.))
 *(.init_array)
                0x000000000800f36c                PROVIDE (__init_array_end, ABSOLUTE (.))
                0x000000000800f36c                PROVIDE (__fini_array_start, ABSOLUTE (.))
 *(.fini_array)
                0x000000000800f36c                PROVIDE (__fini_array_end, ABSOLUTE (.))
 *(.eh_frame)
 *(.gcc_except_table .gcc_except_table.*)
 *(.dynamic)
                0x000000000800f36c                PROVIDE (__CTOR_LIST__, ABSOLUTE (.))
 *(.ctors)
 *(SORT(.ctors.*))
                0x000000000800f36c                PROVIDE (__CTOR_END__, ABSOLUTE (.))
                0x000000000800f36c                PROVIDE (__DTOR_LIST__, ABSOLUTE (.))
 *(.dtors)
 *(SORT(.dtors.*))
                0x000000000800f36c                PROVIDE (__DTOR_END__, ABSOLUTE (.))
 *(.jcr)
                0x000000000800f36c                . = ALIGN (0x4)

.rodata         0x000000000800f36c      0x3d8
                0x000000000800f36c                PROVIDE (__ram_rodata_start, ABSOLUTE (.))
                0x000000000800f36c                . = ALIGN (0x4)
 *(.rodata .rodata.* .gnu.linkonce.r.*)
 .rodata        0x000000000800f36c       0x54 obj/default/WifiModule.o
 .rodata        0x000000000800f3c0       0x6c obj/default/hello_world.o
 .rodata.str1.4
                0x000000000800f42c        0x2 c:/altera/15.0/nios2eds/bin/gnu/h-x86_64-mingw32/bin/../lib/gcc/nios2-elf/4.9.1/../../../../../H-x86_64-mingw32/nios2-elf/lib\libc.a(lib_a-puts.o)
                                          0x4 (size before relaxing)
 *fill*         0x000000000800f42e        0x2 
 .rodata.str1.4
                0x000000000800f430       0x42 c:/altera/15.0/nios2eds/bin/gnu/h-x86_64-mingw32/bin/../lib/gcc/nios2-elf/4.9.1/../../../../../H-x86_64-mingw32/nios2-elf/lib\libc.a(lib_a-svfprintf.o)
                                         0x44 (size before relaxing)
 .rodata        0x000000000800f472       0x20 c:/altera/15.0/nios2eds/bin/gnu/h-x86_64-mingw32/bin/../lib/gcc/nios2-elf/4.9.1/../../../../../H-x86_64-mingw32/nios2-elf/lib\libc.a(lib_a-svfprintf.o)
 *fill*         0x000000000800f492        0x2 
 .rodata.str1.4
                0x000000000800f494       0x10 c:/altera/15.0/nios2eds/bin/gnu/h-x86_64-mingw32/bin/../lib/gcc/nios2-elf/4.9.1/../../../../../H-x86_64-mingw32/nios2-elf/lib\libc.a(lib_a-dtoa.o)
                                         0x14 (size before relaxing)
 .rodata.str1.4
                0x000000000800f4a4        0x2 c:/altera/15.0/nios2eds/bin/gnu/h-x86_64-mingw32/bin/../lib/gcc/nios2-elf/4.9.1/../../../../../H-x86_64-mingw32/nios2-elf/lib\libc.a(lib_a-impure.o)
                                          0x4 (size before relaxing)
 *fill*         0x000000000800f4a6        0x2 
 .rodata.str1.4
                0x000000000800f4a8        0xc c:/altera/15.0/nios2eds/bin/gnu/h-x86_64-mingw32/bin/../lib/gcc/nios2-elf/4.9.1/../../../../../H-x86_64-mingw32/nios2-elf/lib\libc.a(lib_a-locale.o)
                                         0x14 (size before relaxing)
 .rodata        0x000000000800f4b4      0x124 c:/altera/15.0/nios2eds/bin/gnu/h-x86_64-mingw32/bin/../lib/gcc/nios2-elf/4.9.1/../../../../../H-x86_64-mingw32/nios2-elf/lib\libc.a(lib_a-mprec.o)
                0x000000000800f4c0                __mprec_tinytens
                0x000000000800f4e8                __mprec_bigtens
                0x000000000800f510                __mprec_tens
 .rodata.str1.4
                0x0000000000000000       0x30 c:/altera/15.0/nios2eds/bin/gnu/h-x86_64-mingw32/bin/../lib/gcc/nios2-elf/4.9.1/../../../../../H-x86_64-mingw32/nios2-elf/lib\libc.a(lib_a-svfiprintf.o)
 .rodata        0x000000000800f5d8       0x20 c:/altera/15.0/nios2eds/bin/gnu/h-x86_64-mingw32/bin/../lib/gcc/nios2-elf/4.9.1/../../../../../H-x86_64-mingw32/nios2-elf/lib\libc.a(lib_a-svfiprintf.o)
 .rodata        0x000000000800f5f8      0x100 c:/altera/15.0/nios2eds/bin/gnu/h-x86_64-mingw32/bin/../lib/gcc/nios2-elf/4.9.1\libgcc.a(_clz.o)
                0x000000000800f5f8                __clz_tab
 .rodata        0x000000000800f6f8        0xc ../CPEN391project_bsp/\libhal_bsp.a(alt_dev.o)
 .rodata        0x000000000800f704       0x14 ../CPEN391project_bsp/\libhal_bsp.a(alt_main.o)
 .rodata        0x000000000800f718       0x2c ../CPEN391project_bsp/\libhal_bsp.a(alt_sys_init.o)
 *(.rodata1)
                0x000000000800f744                . = ALIGN (0x4)
                0x000000000800f744                PROVIDE (__ram_rodata_end, ABSOLUTE (.))
                0x000000000800f36c                PROVIDE (__flash_rodata_start, LOADADDR (.rodata))

.rwdata         0x000000000800f744     0x1b3c load address 0x0000000008011280
                0x000000000800f744                PROVIDE (__ram_rwdata_start, ABSOLUTE (.))
                0x000000000800f744                . = ALIGN (0x4)
 *(.got.plt)
 *(.got)
 *(.data1)
 *(.data .data.* .gnu.linkonce.d.*)
 .data          0x000000000800f744        0x0 ../CPEN391project_bsp//obj/HAL/src/crt0.o
 .data          0x000000000800f744        0x0 obj/default/RS232.o
 .data          0x000000000800f744        0x0 obj/default/WifiModule.o
 .data          0x000000000800f744       0x28 obj/default/hello_world.o
                0x000000000800f744                WIFI_MESSAGE_DEPENDENT_IS_SAFE
 .data          0x000000000800f76c        0x0 c:/altera/15.0/nios2eds/bin/gnu/h-x86_64-mingw32/bin/../lib/gcc/nios2-elf/4.9.1/../../../../../H-x86_64-mingw32/nios2-elf/lib\libc.a(lib_a-putchar.o)
 .data          0x000000000800f76c        0x0 c:/altera/15.0/nios2eds/bin/gnu/h-x86_64-mingw32/bin/../lib/gcc/nios2-elf/4.9.1/../../../../../H-x86_64-mingw32/nios2-elf/lib\libc.a(lib_a-puts.o)
 .data          0x000000000800f76c        0x0 c:/altera/15.0/nios2eds/bin/gnu/h-x86_64-mingw32/bin/../lib/gcc/nios2-elf/4.9.1/../../../../../H-x86_64-mingw32/nios2-elf/lib\libc.a(lib_a-sprintf.o)
 .data          0x000000000800f76c        0x0 c:/altera/15.0/nios2eds/bin/gnu/h-x86_64-mingw32/bin/../lib/gcc/nios2-elf/4.9.1/../../../../../H-x86_64-mingw32/nios2-elf/lib\libc.a(lib_a-strlen.o)
 .data          0x000000000800f76c        0x0 c:/altera/15.0/nios2eds/bin/gnu/h-x86_64-mingw32/bin/../lib/gcc/nios2-elf/4.9.1/../../../../../H-x86_64-mingw32/nios2-elf/lib\libc.a(lib_a-svfprintf.o)
 .data          0x000000000800f76c        0x0 c:/altera/15.0/nios2eds/bin/gnu/h-x86_64-mingw32/bin/../lib/gcc/nios2-elf/4.9.1/../../../../../H-x86_64-mingw32/nios2-elf/lib\libc.a(lib_a-dtoa.o)
 .data          0x000000000800f76c        0x0 c:/altera/15.0/nios2eds/bin/gnu/h-x86_64-mingw32/bin/../lib/gcc/nios2-elf/4.9.1/../../../../../H-x86_64-mingw32/nios2-elf/lib\libc.a(lib_a-fvwrite.o)
 .data          0x000000000800f76c      0x424 c:/altera/15.0/nios2eds/bin/gnu/h-x86_64-mingw32/bin/../lib/gcc/nios2-elf/4.9.1/../../../../../H-x86_64-mingw32/nios2-elf/lib\libc.a(lib_a-impure.o)
 .data          0x000000000800fb90       0x78 c:/altera/15.0/nios2eds/bin/gnu/h-x86_64-mingw32/bin/../lib/gcc/nios2-elf/4.9.1/../../../../../H-x86_64-mingw32/nios2-elf/lib\libc.a(lib_a-locale.o)
 .data          0x000000000800fc08      0x408 c:/altera/15.0/nios2eds/bin/gnu/h-x86_64-mingw32/bin/../lib/gcc/nios2-elf/4.9.1/../../../../../H-x86_64-mingw32/nios2-elf/lib\libc.a(lib_a-mallocr.o)
                0x000000000800fc08                __malloc_av_
 .data          0x0000000008010010        0x0 c:/altera/15.0/nios2eds/bin/gnu/h-x86_64-mingw32/bin/../lib/gcc/nios2-elf/4.9.1/../../../../../H-x86_64-mingw32/nios2-elf/lib\libc.a(lib_a-memchr.o)
 .data          0x0000000008010010        0x0 c:/altera/15.0/nios2eds/bin/gnu/h-x86_64-mingw32/bin/../lib/gcc/nios2-elf/4.9.1/../../../../../H-x86_64-mingw32/nios2-elf/lib\libc.a(lib_a-memcpy.o)
 .data          0x0000000008010010        0x0 c:/altera/15.0/nios2eds/bin/gnu/h-x86_64-mingw32/bin/../lib/gcc/nios2-elf/4.9.1/../../../../../H-x86_64-mingw32/nios2-elf/lib\libc.a(lib_a-memmove.o)
 .data          0x0000000008010010        0x0 c:/altera/15.0/nios2eds/bin/gnu/h-x86_64-mingw32/bin/../lib/gcc/nios2-elf/4.9.1/../../../../../H-x86_64-mingw32/nios2-elf/lib\libc.a(lib_a-mprec.o)
 .data          0x0000000008010010        0x0 c:/altera/15.0/nios2eds/bin/gnu/h-x86_64-mingw32/bin/../lib/gcc/nios2-elf/4.9.1/../../../../../H-x86_64-mingw32/nios2-elf/lib\libc.a(lib_a-putc.o)
 .data          0x0000000008010010        0x0 c:/altera/15.0/nios2eds/bin/gnu/h-x86_64-mingw32/bin/../lib/gcc/nios2-elf/4.9.1/../../../../../H-x86_64-mingw32/nios2-elf/lib\libc.a(lib_a-reallocr.o)
 .data          0x0000000008010010        0x0 c:/altera/15.0/nios2eds/bin/gnu/h-x86_64-mingw32/bin/../lib/gcc/nios2-elf/4.9.1/../../../../../H-x86_64-mingw32/nios2-elf/lib\libc.a(lib_a-s_fpclassify.o)
 .data          0x0000000008010010        0x0 c:/altera/15.0/nios2eds/bin/gnu/h-x86_64-mingw32/bin/../lib/gcc/nios2-elf/4.9.1/../../../../../H-x86_64-mingw32/nios2-elf/lib\libc.a(lib_a-sbrkr.o)
 .data          0x0000000008010010        0x0 c:/altera/15.0/nios2eds/bin/gnu/h-x86_64-mingw32/bin/../lib/gcc/nios2-elf/4.9.1/../../../../../H-x86_64-mingw32/nios2-elf/lib\libc.a(lib_a-strcmp.o)
 .data          0x0000000008010010        0x0 c:/altera/15.0/nios2eds/bin/gnu/h-x86_64-mingw32/bin/../lib/gcc/nios2-elf/4.9.1/../../../../../H-x86_64-mingw32/nios2-elf/lib\libc.a(lib_a-svfiprintf.o)
 .data          0x0000000008010010        0x0 c:/altera/15.0/nios2eds/bin/gnu/h-x86_64-mingw32/bin/../lib/gcc/nios2-elf/4.9.1/../../../../../H-x86_64-mingw32/nios2-elf/lib\libc.a(lib_a-wbuf.o)
 .data          0x0000000008010010        0x0 c:/altera/15.0/nios2eds/bin/gnu/h-x86_64-mingw32/bin/../lib/gcc/nios2-elf/4.9.1/../../../../../H-x86_64-mingw32/nios2-elf/lib\libc.a(lib_a-wsetup.o)
 .data          0x0000000008010010        0x0 c:/altera/15.0/nios2eds/bin/gnu/h-x86_64-mingw32/bin/../lib/gcc/nios2-elf/4.9.1/../../../../../H-x86_64-mingw32/nios2-elf/lib\libc.a(lib_a-callocr.o)
 .data          0x0000000008010010        0x0 c:/altera/15.0/nios2eds/bin/gnu/h-x86_64-mingw32/bin/../lib/gcc/nios2-elf/4.9.1/../../../../../H-x86_64-mingw32/nios2-elf/lib\libc.a(lib_a-fflush.o)
 .data          0x0000000008010010        0x0 c:/altera/15.0/nios2eds/bin/gnu/h-x86_64-mingw32/bin/../lib/gcc/nios2-elf/4.9.1/../../../../../H-x86_64-mingw32/nios2-elf/lib\libc.a(lib_a-findfp.o)
 .data          0x0000000008010010        0x0 c:/altera/15.0/nios2eds/bin/gnu/h-x86_64-mingw32/bin/../lib/gcc/nios2-elf/4.9.1/../../../../../H-x86_64-mingw32/nios2-elf/lib\libc.a(lib_a-freer.o)
 .data          0x0000000008010010        0x0 c:/altera/15.0/nios2eds/bin/gnu/h-x86_64-mingw32/bin/../lib/gcc/nios2-elf/4.9.1/../../../../../H-x86_64-mingw32/nios2-elf/lib\libc.a(lib_a-fwalk.o)
 .data          0x0000000008010010        0x0 c:/altera/15.0/nios2eds/bin/gnu/h-x86_64-mingw32/bin/../lib/gcc/nios2-elf/4.9.1/../../../../../H-x86_64-mingw32/nios2-elf/lib\libc.a(lib_a-int_errno.o)
 .data          0x0000000008010010        0x0 c:/altera/15.0/nios2eds/bin/gnu/h-x86_64-mingw32/bin/../lib/gcc/nios2-elf/4.9.1/../../../../../H-x86_64-mingw32/nios2-elf/lib\libc.a(lib_a-makebuf.o)
 .data          0x0000000008010010        0x0 c:/altera/15.0/nios2eds/bin/gnu/h-x86_64-mingw32/bin/../lib/gcc/nios2-elf/4.9.1/../../../../../H-x86_64-mingw32/nios2-elf/lib\libc.a(lib_a-memset.o)
 .data          0x0000000008010010        0x0 c:/altera/15.0/nios2eds/bin/gnu/h-x86_64-mingw32/bin/../lib/gcc/nios2-elf/4.9.1/../../../../../H-x86_64-mingw32/nios2-elf/lib\libc.a(lib_a-stdio.o)
 .data          0x0000000008010010        0x0 c:/altera/15.0/nios2eds/bin/gnu/h-x86_64-mingw32/bin/../lib/gcc/nios2-elf/4.9.1/../../../../../H-x86_64-mingw32/nios2-elf/lib\libc.a(lib_a-writer.o)
 .data          0x0000000008010010        0x0 c:/altera/15.0/nios2eds/bin/gnu/h-x86_64-mingw32/bin/../lib/gcc/nios2-elf/4.9.1/../../../../../H-x86_64-mingw32/nios2-elf/lib\libc.a(closer.o)
 .data          0x0000000008010010        0x0 c:/altera/15.0/nios2eds/bin/gnu/h-x86_64-mingw32/bin/../lib/gcc/nios2-elf/4.9.1/../../../../../H-x86_64-mingw32/nios2-elf/lib\libc.a(lib_a-fclose.o)
 .data          0x0000000008010010        0x0 c:/altera/15.0/nios2eds/bin/gnu/h-x86_64-mingw32/bin/../lib/gcc/nios2-elf/4.9.1/../../../../../H-x86_64-mingw32/nios2-elf/lib\libc.a(lib_a-fstatr.o)
 .data          0x0000000008010010        0x0 c:/altera/15.0/nios2eds/bin/gnu/h-x86_64-mingw32/bin/../lib/gcc/nios2-elf/4.9.1/../../../../../H-x86_64-mingw32/nios2-elf/lib\libc.a(lib_a-isattyr.o)
 .data          0x0000000008010010        0x0 c:/altera/15.0/nios2eds/bin/gnu/h-x86_64-mingw32/bin/../lib/gcc/nios2-elf/4.9.1/../../../../../H-x86_64-mingw32/nios2-elf/lib\libc.a(lib_a-lseekr.o)
 .data          0x0000000008010010        0x0 c:/altera/15.0/nios2eds/bin/gnu/h-x86_64-mingw32/bin/../lib/gcc/nios2-elf/4.9.1/../../../../../H-x86_64-mingw32/nios2-elf/lib\libc.a(lib_a-readr.o)
 .data          0x0000000008010010        0x0 c:/altera/15.0/nios2eds/bin/gnu/h-x86_64-mingw32/bin/../lib/gcc/nios2-elf/4.9.1\libgcc.a(_udivdi3.o)
 .data          0x0000000008010010        0x0 c:/altera/15.0/nios2eds/bin/gnu/h-x86_64-mingw32/bin/../lib/gcc/nios2-elf/4.9.1\libgcc.a(_umoddi3.o)
 .data          0x0000000008010010        0x0 c:/altera/15.0/nios2eds/bin/gnu/h-x86_64-mingw32/bin/../lib/gcc/nios2-elf/4.9.1\libgcc.a(lib2-divmod.o)
 .data          0x0000000008010010        0x0 c:/altera/15.0/nios2eds/bin/gnu/h-x86_64-mingw32/bin/../lib/gcc/nios2-elf/4.9.1\libgcc.a(adddf3.o)
 .data          0x0000000008010010        0x0 c:/altera/15.0/nios2eds/bin/gnu/h-x86_64-mingw32/bin/../lib/gcc/nios2-elf/4.9.1\libgcc.a(divdf3.o)
 .data          0x0000000008010010        0x0 c:/altera/15.0/nios2eds/bin/gnu/h-x86_64-mingw32/bin/../lib/gcc/nios2-elf/4.9.1\libgcc.a(eqdf2.o)
 .data          0x0000000008010010        0x0 c:/altera/15.0/nios2eds/bin/gnu/h-x86_64-mingw32/bin/../lib/gcc/nios2-elf/4.9.1\libgcc.a(gedf2.o)
 .data          0x0000000008010010        0x0 c:/altera/15.0/nios2eds/bin/gnu/h-x86_64-mingw32/bin/../lib/gcc/nios2-elf/4.9.1\libgcc.a(ledf2.o)
 .data          0x0000000008010010        0x0 c:/altera/15.0/nios2eds/bin/gnu/h-x86_64-mingw32/bin/../lib/gcc/nios2-elf/4.9.1\libgcc.a(muldf3.o)
 .data          0x0000000008010010        0x0 c:/altera/15.0/nios2eds/bin/gnu/h-x86_64-mingw32/bin/../lib/gcc/nios2-elf/4.9.1\libgcc.a(subdf3.o)
 .data          0x0000000008010010        0x0 c:/altera/15.0/nios2eds/bin/gnu/h-x86_64-mingw32/bin/../lib/gcc/nios2-elf/4.9.1\libgcc.a(fixdfsi.o)
 .data          0x0000000008010010        0x0 c:/altera/15.0/nios2eds/bin/gnu/h-x86_64-mingw32/bin/../lib/gcc/nios2-elf/4.9.1\libgcc.a(floatsidf.o)
 .data          0x0000000008010010        0x0 c:/altera/15.0/nios2eds/bin/gnu/h-x86_64-mingw32/bin/../lib/gcc/nios2-elf/4.9.1\libgcc.a(floatunsidf.o)
 .data          0x0000000008010010        0x0 c:/altera/15.0/nios2eds/bin/gnu/h-x86_64-mingw32/bin/../lib/gcc/nios2-elf/4.9.1\libgcc.a(_clz.o)
 .data          0x0000000008010010        0x0 c:/altera/15.0/nios2eds/bin/gnu/h-x86_64-mingw32/bin/../lib/gcc/nios2-elf/4.9.1\libgcc.a(_clzsi2.o)
 .data          0x0000000008010010        0x0 ../CPEN391project_bsp/\libhal_bsp.a(alt_close.o)
 .data          0x0000000008010010      0x1a8 ../CPEN391project_bsp/\libhal_bsp.a(alt_dev.o)
                0x0000000008010010                alt_dev_null
                0x0000000008010038                alt_fd_list
 .data          0x00000000080101b8        0x0 ../CPEN391project_bsp/\libhal_bsp.a(alt_errno.o)
 .data          0x00000000080101b8        0x0 ../CPEN391project_bsp/\libhal_bsp.a(alt_fstat.o)
 .data          0x00000000080101b8        0x0 ../CPEN391project_bsp/\libhal_bsp.a(alt_isatty.o)
 .data          0x00000000080101b8        0x0 ../CPEN391project_bsp/\libhal_bsp.a(alt_load.o)
 .data          0x00000000080101b8        0x0 ../CPEN391project_bsp/\libhal_bsp.a(alt_lseek.o)
 .data          0x00000000080101b8        0x0 ../CPEN391project_bsp/\libhal_bsp.a(alt_main.o)
 .data          0x00000000080101b8        0x0 ../CPEN391project_bsp/\libhal_bsp.a(alt_malloc_lock.o)
 .data          0x00000000080101b8        0x0 ../CPEN391project_bsp/\libhal_bsp.a(alt_read.o)
 .data          0x00000000080101b8        0x0 ../CPEN391project_bsp/\libhal_bsp.a(alt_release_fd.o)
 .data          0x00000000080101b8        0x0 ../CPEN391project_bsp/\libhal_bsp.a(alt_sbrk.o)
 .data          0x00000000080101b8        0x0 ../CPEN391project_bsp/\libhal_bsp.a(alt_write.o)
 .data          0x00000000080101b8     0x108c ../CPEN391project_bsp/\libhal_bsp.a(alt_sys_init.o)
 .data          0x0000000008011244        0x0 ../CPEN391project_bsp/\libhal_bsp.a(altera_avalon_jtag_uart_fd.o)
 .data          0x0000000008011244        0x0 ../CPEN391project_bsp/\libhal_bsp.a(altera_avalon_jtag_uart_init.o)
 .data          0x0000000008011244        0x0 ../CPEN391project_bsp/\libhal_bsp.a(altera_avalon_jtag_uart_ioctl.o)
 .data          0x0000000008011244        0x0 ../CPEN391project_bsp/\libhal_bsp.a(altera_avalon_jtag_uart_read.o)
 .data          0x0000000008011244        0x0 ../CPEN391project_bsp/\libhal_bsp.a(altera_avalon_jtag_uart_write.o)
 .data          0x0000000008011244        0x0 ../CPEN391project_bsp/\libhal_bsp.a(altera_avalon_timer_sc.o)
 .data          0x0000000008011244        0x0 ../CPEN391project_bsp/\libhal_bsp.a(altera_up_avalon_character_lcd.o)
 .data          0x0000000008011244        0x0 ../CPEN391project_bsp/\libhal_bsp.a(alt_alarm_start.o)
 .data          0x0000000008011244        0x0 ../CPEN391project_bsp/\libhal_bsp.a(alt_dcache_flush_all.o)
 .data          0x0000000008011244        0x0 ../CPEN391project_bsp/\libhal_bsp.a(alt_dev_llist_insert.o)
 .data          0x0000000008011244        0x0 ../CPEN391project_bsp/\libhal_bsp.a(alt_do_ctors.o)
 .data          0x0000000008011244        0x0 ../CPEN391project_bsp/\libhal_bsp.a(alt_do_dtors.o)
 .data          0x0000000008011244        0x0 ../CPEN391project_bsp/\libhal_bsp.a(alt_find_dev.o)
 .data          0x0000000008011244        0x0 ../CPEN391project_bsp/\libhal_bsp.a(alt_icache_flush_all.o)
 .data          0x0000000008011244        0x0 ../CPEN391project_bsp/\libhal_bsp.a(alt_iic.o)
 .data          0x0000000008011244        0x0 ../CPEN391project_bsp/\libhal_bsp.a(alt_iic_isr_register.o)
 .data          0x0000000008011244        0x0 ../CPEN391project_bsp/\libhal_bsp.a(alt_io_redirect.o)
 .data          0x0000000008011244        0x0 ../CPEN391project_bsp/\libhal_bsp.a(alt_irq_entry.o)
 .data          0x0000000008011244        0x0 ../CPEN391project_bsp/\libhal_bsp.a(alt_irq_handler.o)
 .data          0x0000000008011244        0x0 ../CPEN391project_bsp/\libhal_bsp.a(alt_irq_vars.o)
 .data          0x0000000008011244        0x0 ../CPEN391project_bsp/\libhal_bsp.a(alt_open.o)
 .data          0x0000000008011244        0x0 ../CPEN391project_bsp/\libhal_bsp.a(alt_tick.o)
 .data          0x0000000008011244        0x0 ../CPEN391project_bsp/\libhal_bsp.a(altera_nios2_qsys_irq.o)
 .data          0x0000000008011244        0x0 ../CPEN391project_bsp/\libhal_bsp.a(alt_exception_entry.o)
 .data          0x0000000008011244        0x0 ../CPEN391project_bsp/\libhal_bsp.a(alt_find_file.o)
 .data          0x0000000008011244        0x0 ../CPEN391project_bsp/\libhal_bsp.a(alt_get_fd.o)
 .data          0x0000000008011244        0x0 ../CPEN391project_bsp/\libhal_bsp.a(alt_icache_flush.o)
 .data          0x0000000008011244        0x0 c:/altera/15.0/nios2eds/bin/gnu/h-x86_64-mingw32/bin/../lib/gcc/nios2-elf/4.9.1/../../../../../H-x86_64-mingw32/nios2-elf/lib\libc.a(lib_a-atexit.o)
 .data          0x0000000008011244        0x0 c:/altera/15.0/nios2eds/bin/gnu/h-x86_64-mingw32/bin/../lib/gcc/nios2-elf/4.9.1/../../../../../H-x86_64-mingw32/nios2-elf/lib\libc.a(lib_a-exit.o)
 .data          0x0000000008011244        0x0 c:/altera/15.0/nios2eds/bin/gnu/h-x86_64-mingw32/bin/../lib/gcc/nios2-elf/4.9.1/../../../../../H-x86_64-mingw32/nios2-elf/lib\libc.a(lib_a-memcmp.o)
 .data          0x0000000008011244        0x0 c:/altera/15.0/nios2eds/bin/gnu/h-x86_64-mingw32/bin/../lib/gcc/nios2-elf/4.9.1/../../../../../H-x86_64-mingw32/nios2-elf/lib\libc.a(lib_a-__atexit.o)
 .data          0x0000000008011244        0x0 c:/altera/15.0/nios2eds/bin/gnu/h-x86_64-mingw32/bin/../lib/gcc/nios2-elf/4.9.1/../../../../../H-x86_64-mingw32/nios2-elf/lib\libc.a(lib_a-__call_atexit.o)
 .data          0x0000000008011244        0x0 ../CPEN391project_bsp/\libhal_bsp.a(alt_exit.o)
                0x0000000008019244                _gp = ABSOLUTE ((. + 0x8000))
                0x0000000008019244                PROVIDE (gp, _gp)
 *(.rwdata .rwdata.*)
 *(.sdata .sdata.* .gnu.linkonce.s.*)
 .sdata         0x0000000008011244        0x8 c:/altera/15.0/nios2eds/bin/gnu/h-x86_64-mingw32/bin/../lib/gcc/nios2-elf/4.9.1/../../../../../H-x86_64-mingw32/nios2-elf/lib\libc.a(lib_a-impure.o)
                0x0000000008011244                _global_impure_ptr
                0x0000000008011248                _impure_ptr
 .sdata         0x000000000801124c        0x4 c:/altera/15.0/nios2eds/bin/gnu/h-x86_64-mingw32/bin/../lib/gcc/nios2-elf/4.9.1/../../../../../H-x86_64-mingw32/nios2-elf/lib\libc.a(lib_a-locale.o)
                0x000000000801124c                __mb_cur_max
 .sdata         0x0000000008011250        0x8 c:/altera/15.0/nios2eds/bin/gnu/h-x86_64-mingw32/bin/../lib/gcc/nios2-elf/4.9.1/../../../../../H-x86_64-mingw32/nios2-elf/lib\libc.a(lib_a-mallocr.o)
                0x0000000008011250                __malloc_sbrk_base
                0x0000000008011254                __malloc_trim_threshold
 .sdata         0x0000000008011258       0x14 ../CPEN391project_bsp/\libhal_bsp.a(alt_dev.o)
                0x0000000008011258                alt_fs_list
                0x0000000008011260                alt_dev_list
                0x0000000008011268                alt_max_fd
 .sdata         0x000000000801126c        0x4 ../CPEN391project_bsp/\libhal_bsp.a(alt_errno.o)
                0x000000000801126c                alt_errno
 .sdata         0x0000000008011270        0x4 ../CPEN391project_bsp/\libhal_bsp.a(alt_sbrk.o)
 .sdata         0x0000000008011274        0x4 ../CPEN391project_bsp/\libhal_bsp.a(alt_irq_vars.o)
                0x0000000008011274                alt_priority_mask
 .sdata         0x0000000008011278        0x8 ../CPEN391project_bsp/\libhal_bsp.a(alt_tick.o)
                0x0000000008011278                alt_alarm_list
 *(.sdata2 .sdata2.* .gnu.linkonce.s2.*)
                0x0000000008011280                . = ALIGN (0x4)
                0x0000000008011280                _edata = ABSOLUTE (.)
                0x0000000008011280                PROVIDE (edata, ABSOLUTE (.))
                0x0000000008011280                PROVIDE (__ram_rwdata_end, ABSOLUTE (.))
                0x0000000008011280                PROVIDE (__flash_rwdata_start, LOADADDR (.rwdata))

.bss            0x0000000008012dbc      0x15c
                0x0000000008012dbc                __bss_start = ABSOLUTE (.)
                0x0000000008012dbc                PROVIDE (__sbss_start, ABSOLUTE (.))
                0x0000000008012dbc                PROVIDE (___sbss_start, ABSOLUTE (.))
 *(.dynsbss)
 *(.sbss .sbss.* .gnu.linkonce.sb.*)
 .sbss          0x0000000008012dbc        0xc c:/altera/15.0/nios2eds/bin/gnu/h-x86_64-mingw32/bin/../lib/gcc/nios2-elf/4.9.1/../../../../../H-x86_64-mingw32/nios2-elf/lib\libc.a(lib_a-locale.o)
                0x0000000008012dbc                _PathLocale
                0x0000000008012dc0                __mlocale_changed
                0x0000000008012dc4                __nlocale_changed
 .sbss          0x0000000008012dc8        0xc c:/altera/15.0/nios2eds/bin/gnu/h-x86_64-mingw32/bin/../lib/gcc/nios2-elf/4.9.1/../../../../../H-x86_64-mingw32/nios2-elf/lib\libc.a(lib_a-mallocr.o)
                0x0000000008012dc8                __malloc_max_total_mem
                0x0000000008012dcc                __malloc_max_sbrked_mem
                0x0000000008012dd0                __malloc_top_pad
 .sbss          0x0000000008012dd4        0x4 c:/altera/15.0/nios2eds/bin/gnu/h-x86_64-mingw32/bin/../lib/gcc/nios2-elf/4.9.1/../../../../../H-x86_64-mingw32/nios2-elf/lib\libc.a(lib_a-int_errno.o)
                0x0000000008012dd4                errno
 .sbss          0x0000000008012dd8        0xc ../CPEN391project_bsp/\libhal_bsp.a(alt_main.o)
                0x0000000008012dd8                alt_argc
                0x0000000008012ddc                alt_argv
                0x0000000008012de0                alt_envp
 .sbss          0x0000000008012de4        0x4 ../CPEN391project_bsp/\libhal_bsp.a(alt_irq_vars.o)
                0x0000000008012de4                alt_irq_active
 .sbss          0x0000000008012de8        0x8 ../CPEN391project_bsp/\libhal_bsp.a(alt_tick.o)
                0x0000000008012de8                _alt_tick_rate
                0x0000000008012dec                _alt_nticks
 *(.sbss2 .sbss2.* .gnu.linkonce.sb2.*)
 *(.scommon)
                0x0000000008012df0                PROVIDE (__sbss_end, ABSOLUTE (.))
                0x0000000008012df0                PROVIDE (___sbss_end, ABSOLUTE (.))
 *(.dynbss)
 *(.bss .bss.* .gnu.linkonce.b.*)
 .bss           0x0000000008012df0        0x0 ../CPEN391project_bsp//obj/HAL/src/crt0.o
 .bss           0x0000000008012df0        0x0 obj/default/RS232.o
 .bss           0x0000000008012df0        0x0 obj/default/WifiModule.o
 .bss           0x0000000008012df0        0x0 obj/default/hello_world.o
 .bss           0x0000000008012df0        0x0 c:/altera/15.0/nios2eds/bin/gnu/h-x86_64-mingw32/bin/../lib/gcc/nios2-elf/4.9.1/../../../../../H-x86_64-mingw32/nios2-elf/lib\libc.a(lib_a-putchar.o)
 .bss           0x0000000008012df0        0x0 c:/altera/15.0/nios2eds/bin/gnu/h-x86_64-mingw32/bin/../lib/gcc/nios2-elf/4.9.1/../../../../../H-x86_64-mingw32/nios2-elf/lib\libc.a(lib_a-puts.o)
 .bss           0x0000000008012df0        0x0 c:/altera/15.0/nios2eds/bin/gnu/h-x86_64-mingw32/bin/../lib/gcc/nios2-elf/4.9.1/../../../../../H-x86_64-mingw32/nios2-elf/lib\libc.a(lib_a-sprintf.o)
 .bss           0x0000000008012df0        0x0 c:/altera/15.0/nios2eds/bin/gnu/h-x86_64-mingw32/bin/../lib/gcc/nios2-elf/4.9.1/../../../../../H-x86_64-mingw32/nios2-elf/lib\libc.a(lib_a-strlen.o)
 .bss           0x0000000008012df0        0x0 c:/altera/15.0/nios2eds/bin/gnu/h-x86_64-mingw32/bin/../lib/gcc/nios2-elf/4.9.1/../../../../../H-x86_64-mingw32/nios2-elf/lib\libc.a(lib_a-svfprintf.o)
 .bss           0x0000000008012df0        0x0 c:/altera/15.0/nios2eds/bin/gnu/h-x86_64-mingw32/bin/../lib/gcc/nios2-elf/4.9.1/../../../../../H-x86_64-mingw32/nios2-elf/lib\libc.a(lib_a-dtoa.o)
 .bss           0x0000000008012df0        0x0 c:/altera/15.0/nios2eds/bin/gnu/h-x86_64-mingw32/bin/../lib/gcc/nios2-elf/4.9.1/../../../../../H-x86_64-mingw32/nios2-elf/lib\libc.a(lib_a-fvwrite.o)
 .bss           0x0000000008012df0        0x0 c:/altera/15.0/nios2eds/bin/gnu/h-x86_64-mingw32/bin/../lib/gcc/nios2-elf/4.9.1/../../../../../H-x86_64-mingw32/nios2-elf/lib\libc.a(lib_a-impure.o)
 .bss           0x0000000008012df0        0x0 c:/altera/15.0/nios2eds/bin/gnu/h-x86_64-mingw32/bin/../lib/gcc/nios2-elf/4.9.1/../../../../../H-x86_64-mingw32/nios2-elf/lib\libc.a(lib_a-locale.o)
 .bss           0x0000000008012df0       0x28 c:/altera/15.0/nios2eds/bin/gnu/h-x86_64-mingw32/bin/../lib/gcc/nios2-elf/4.9.1/../../../../../H-x86_64-mingw32/nios2-elf/lib\libc.a(lib_a-mallocr.o)
                0x0000000008012df0                __malloc_current_mallinfo
 .bss           0x0000000008012e18        0x0 c:/altera/15.0/nios2eds/bin/gnu/h-x86_64-mingw32/bin/../lib/gcc/nios2-elf/4.9.1/../../../../../H-x86_64-mingw32/nios2-elf/lib\libc.a(lib_a-memchr.o)
 .bss           0x0000000008012e18        0x0 c:/altera/15.0/nios2eds/bin/gnu/h-x86_64-mingw32/bin/../lib/gcc/nios2-elf/4.9.1/../../../../../H-x86_64-mingw32/nios2-elf/lib\libc.a(lib_a-memcpy.o)
 .bss           0x0000000008012e18        0x0 c:/altera/15.0/nios2eds/bin/gnu/h-x86_64-mingw32/bin/../lib/gcc/nios2-elf/4.9.1/../../../../../H-x86_64-mingw32/nios2-elf/lib\libc.a(lib_a-memmove.o)
 .bss           0x0000000008012e18        0x0 c:/altera/15.0/nios2eds/bin/gnu/h-x86_64-mingw32/bin/../lib/gcc/nios2-elf/4.9.1/../../../../../H-x86_64-mingw32/nios2-elf/lib\libc.a(lib_a-mprec.o)
 .bss           0x0000000008012e18        0x0 c:/altera/15.0/nios2eds/bin/gnu/h-x86_64-mingw32/bin/../lib/gcc/nios2-elf/4.9.1/../../../../../H-x86_64-mingw32/nios2-elf/lib\libc.a(lib_a-putc.o)
 .bss           0x0000000008012e18        0x0 c:/altera/15.0/nios2eds/bin/gnu/h-x86_64-mingw32/bin/../lib/gcc/nios2-elf/4.9.1/../../../../../H-x86_64-mingw32/nios2-elf/lib\libc.a(lib_a-reallocr.o)
 .bss           0x0000000008012e18        0x0 c:/altera/15.0/nios2eds/bin/gnu/h-x86_64-mingw32/bin/../lib/gcc/nios2-elf/4.9.1/../../../../../H-x86_64-mingw32/nios2-elf/lib\libc.a(lib_a-s_fpclassify.o)
 .bss           0x0000000008012e18        0x0 c:/altera/15.0/nios2eds/bin/gnu/h-x86_64-mingw32/bin/../lib/gcc/nios2-elf/4.9.1/../../../../../H-x86_64-mingw32/nios2-elf/lib\libc.a(lib_a-sbrkr.o)
 .bss           0x0000000008012e18        0x0 c:/altera/15.0/nios2eds/bin/gnu/h-x86_64-mingw32/bin/../lib/gcc/nios2-elf/4.9.1/../../../../../H-x86_64-mingw32/nios2-elf/lib\libc.a(lib_a-strcmp.o)
 .bss           0x0000000008012e18        0x0 c:/altera/15.0/nios2eds/bin/gnu/h-x86_64-mingw32/bin/../lib/gcc/nios2-elf/4.9.1/../../../../../H-x86_64-mingw32/nios2-elf/lib\libc.a(lib_a-svfiprintf.o)
 .bss           0x0000000008012e18        0x0 c:/altera/15.0/nios2eds/bin/gnu/h-x86_64-mingw32/bin/../lib/gcc/nios2-elf/4.9.1/../../../../../H-x86_64-mingw32/nios2-elf/lib\libc.a(lib_a-wbuf.o)
 .bss           0x0000000008012e18        0x0 c:/altera/15.0/nios2eds/bin/gnu/h-x86_64-mingw32/bin/../lib/gcc/nios2-elf/4.9.1/../../../../../H-x86_64-mingw32/nios2-elf/lib\libc.a(lib_a-wsetup.o)
 .bss           0x0000000008012e18        0x0 c:/altera/15.0/nios2eds/bin/gnu/h-x86_64-mingw32/bin/../lib/gcc/nios2-elf/4.9.1/../../../../../H-x86_64-mingw32/nios2-elf/lib\libc.a(lib_a-callocr.o)
 .bss           0x0000000008012e18        0x0 c:/altera/15.0/nios2eds/bin/gnu/h-x86_64-mingw32/bin/../lib/gcc/nios2-elf/4.9.1/../../../../../H-x86_64-mingw32/nios2-elf/lib\libc.a(lib_a-fflush.o)
 .bss           0x0000000008012e18        0x0 c:/altera/15.0/nios2eds/bin/gnu/h-x86_64-mingw32/bin/../lib/gcc/nios2-elf/4.9.1/../../../../../H-x86_64-mingw32/nios2-elf/lib\libc.a(lib_a-findfp.o)
 .bss           0x0000000008012e18        0x0 c:/altera/15.0/nios2eds/bin/gnu/h-x86_64-mingw32/bin/../lib/gcc/nios2-elf/4.9.1/../../../../../H-x86_64-mingw32/nios2-elf/lib\libc.a(lib_a-freer.o)
 .bss           0x0000000008012e18        0x0 c:/altera/15.0/nios2eds/bin/gnu/h-x86_64-mingw32/bin/../lib/gcc/nios2-elf/4.9.1/../../../../../H-x86_64-mingw32/nios2-elf/lib\libc.a(lib_a-fwalk.o)
 .bss           0x0000000008012e18        0x0 c:/altera/15.0/nios2eds/bin/gnu/h-x86_64-mingw32/bin/../lib/gcc/nios2-elf/4.9.1/../../../../../H-x86_64-mingw32/nios2-elf/lib\libc.a(lib_a-int_errno.o)
 .bss           0x0000000008012e18        0x0 c:/altera/15.0/nios2eds/bin/gnu/h-x86_64-mingw32/bin/../lib/gcc/nios2-elf/4.9.1/../../../../../H-x86_64-mingw32/nios2-elf/lib\libc.a(lib_a-makebuf.o)
 .bss           0x0000000008012e18        0x0 c:/altera/15.0/nios2eds/bin/gnu/h-x86_64-mingw32/bin/../lib/gcc/nios2-elf/4.9.1/../../../../../H-x86_64-mingw32/nios2-elf/lib\libc.a(lib_a-memset.o)
 .bss           0x0000000008012e18        0x0 c:/altera/15.0/nios2eds/bin/gnu/h-x86_64-mingw32/bin/../lib/gcc/nios2-elf/4.9.1/../../../../../H-x86_64-mingw32/nios2-elf/lib\libc.a(lib_a-stdio.o)
 .bss           0x0000000008012e18        0x0 c:/altera/15.0/nios2eds/bin/gnu/h-x86_64-mingw32/bin/../lib/gcc/nios2-elf/4.9.1/../../../../../H-x86_64-mingw32/nios2-elf/lib\libc.a(lib_a-writer.o)
 .bss           0x0000000008012e18        0x0 c:/altera/15.0/nios2eds/bin/gnu/h-x86_64-mingw32/bin/../lib/gcc/nios2-elf/4.9.1/../../../../../H-x86_64-mingw32/nios2-elf/lib\libc.a(closer.o)
 .bss           0x0000000008012e18        0x0 c:/altera/15.0/nios2eds/bin/gnu/h-x86_64-mingw32/bin/../lib/gcc/nios2-elf/4.9.1/../../../../../H-x86_64-mingw32/nios2-elf/lib\libc.a(lib_a-fclose.o)
 .bss           0x0000000008012e18        0x0 c:/altera/15.0/nios2eds/bin/gnu/h-x86_64-mingw32/bin/../lib/gcc/nios2-elf/4.9.1/../../../../../H-x86_64-mingw32/nios2-elf/lib\libc.a(lib_a-fstatr.o)
 .bss           0x0000000008012e18        0x0 c:/altera/15.0/nios2eds/bin/gnu/h-x86_64-mingw32/bin/../lib/gcc/nios2-elf/4.9.1/../../../../../H-x86_64-mingw32/nios2-elf/lib\libc.a(lib_a-isattyr.o)
 .bss           0x0000000008012e18        0x0 c:/altera/15.0/nios2eds/bin/gnu/h-x86_64-mingw32/bin/../lib/gcc/nios2-elf/4.9.1/../../../../../H-x86_64-mingw32/nios2-elf/lib\libc.a(lib_a-lseekr.o)
 .bss           0x0000000008012e18        0x0 c:/altera/15.0/nios2eds/bin/gnu/h-x86_64-mingw32/bin/../lib/gcc/nios2-elf/4.9.1/../../../../../H-x86_64-mingw32/nios2-elf/lib\libc.a(lib_a-readr.o)
 .bss           0x0000000008012e18        0x0 c:/altera/15.0/nios2eds/bin/gnu/h-x86_64-mingw32/bin/../lib/gcc/nios2-elf/4.9.1\libgcc.a(_udivdi3.o)
 .bss           0x0000000008012e18        0x0 c:/altera/15.0/nios2eds/bin/gnu/h-x86_64-mingw32/bin/../lib/gcc/nios2-elf/4.9.1\libgcc.a(_umoddi3.o)
 .bss           0x0000000008012e18        0x0 c:/altera/15.0/nios2eds/bin/gnu/h-x86_64-mingw32/bin/../lib/gcc/nios2-elf/4.9.1\libgcc.a(lib2-divmod.o)
 .bss           0x0000000008012e18        0x0 c:/altera/15.0/nios2eds/bin/gnu/h-x86_64-mingw32/bin/../lib/gcc/nios2-elf/4.9.1\libgcc.a(adddf3.o)
 .bss           0x0000000008012e18        0x0 c:/altera/15.0/nios2eds/bin/gnu/h-x86_64-mingw32/bin/../lib/gcc/nios2-elf/4.9.1\libgcc.a(divdf3.o)
 .bss           0x0000000008012e18        0x0 c:/altera/15.0/nios2eds/bin/gnu/h-x86_64-mingw32/bin/../lib/gcc/nios2-elf/4.9.1\libgcc.a(eqdf2.o)
 .bss           0x0000000008012e18        0x0 c:/altera/15.0/nios2eds/bin/gnu/h-x86_64-mingw32/bin/../lib/gcc/nios2-elf/4.9.1\libgcc.a(gedf2.o)
 .bss           0x0000000008012e18        0x0 c:/altera/15.0/nios2eds/bin/gnu/h-x86_64-mingw32/bin/../lib/gcc/nios2-elf/4.9.1\libgcc.a(ledf2.o)
 .bss           0x0000000008012e18        0x0 c:/altera/15.0/nios2eds/bin/gnu/h-x86_64-mingw32/bin/../lib/gcc/nios2-elf/4.9.1\libgcc.a(muldf3.o)
 .bss           0x0000000008012e18        0x0 c:/altera/15.0/nios2eds/bin/gnu/h-x86_64-mingw32/bin/../lib/gcc/nios2-elf/4.9.1\libgcc.a(subdf3.o)
 .bss           0x0000000008012e18        0x0 c:/altera/15.0/nios2eds/bin/gnu/h-x86_64-mingw32/bin/../lib/gcc/nios2-elf/4.9.1\libgcc.a(fixdfsi.o)
 .bss           0x0000000008012e18        0x0 c:/altera/15.0/nios2eds/bin/gnu/h-x86_64-mingw32/bin/../lib/gcc/nios2-elf/4.9.1\libgcc.a(floatsidf.o)
 .bss           0x0000000008012e18        0x0 c:/altera/15.0/nios2eds/bin/gnu/h-x86_64-mingw32/bin/../lib/gcc/nios2-elf/4.9.1\libgcc.a(floatunsidf.o)
 .bss           0x0000000008012e18        0x0 c:/altera/15.0/nios2eds/bin/gnu/h-x86_64-mingw32/bin/../lib/gcc/nios2-elf/4.9.1\libgcc.a(_clz.o)
 .bss           0x0000000008012e18        0x0 c:/altera/15.0/nios2eds/bin/gnu/h-x86_64-mingw32/bin/../lib/gcc/nios2-elf/4.9.1\libgcc.a(_clzsi2.o)
 .bss           0x0000000008012e18        0x0 ../CPEN391project_bsp/\libhal_bsp.a(alt_close.o)
 .bss           0x0000000008012e18        0x0 ../CPEN391project_bsp/\libhal_bsp.a(alt_dev.o)
 .bss           0x0000000008012e18        0x0 ../CPEN391project_bsp/\libhal_bsp.a(alt_errno.o)
 .bss           0x0000000008012e18        0x0 ../CPEN391project_bsp/\libhal_bsp.a(alt_fstat.o)
 .bss           0x0000000008012e18        0x0 ../CPEN391project_bsp/\libhal_bsp.a(alt_isatty.o)
 .bss           0x0000000008012e18        0x0 ../CPEN391project_bsp/\libhal_bsp.a(alt_load.o)
 .bss           0x0000000008012e18        0x0 ../CPEN391project_bsp/\libhal_bsp.a(alt_lseek.o)
 .bss           0x0000000008012e18        0x0 ../CPEN391project_bsp/\libhal_bsp.a(alt_main.o)
 .bss           0x0000000008012e18        0x0 ../CPEN391project_bsp/\libhal_bsp.a(alt_malloc_lock.o)
 .bss           0x0000000008012e18        0x0 ../CPEN391project_bsp/\libhal_bsp.a(alt_read.o)
 .bss           0x0000000008012e18        0x0 ../CPEN391project_bsp/\libhal_bsp.a(alt_release_fd.o)
 .bss           0x0000000008012e18        0x0 ../CPEN391project_bsp/\libhal_bsp.a(alt_sbrk.o)
 .bss           0x0000000008012e18        0x0 ../CPEN391project_bsp/\libhal_bsp.a(alt_write.o)
 .bss           0x0000000008012e18        0x0 ../CPEN391project_bsp/\libhal_bsp.a(alt_sys_init.o)
 .bss           0x0000000008012e18        0x0 ../CPEN391project_bsp/\libhal_bsp.a(altera_avalon_jtag_uart_fd.o)
 .bss           0x0000000008012e18        0x0 ../CPEN391project_bsp/\libhal_bsp.a(altera_avalon_jtag_uart_init.o)
 .bss           0x0000000008012e18        0x0 ../CPEN391project_bsp/\libhal_bsp.a(altera_avalon_jtag_uart_ioctl.o)
 .bss           0x0000000008012e18        0x0 ../CPEN391project_bsp/\libhal_bsp.a(altera_avalon_jtag_uart_read.o)
 .bss           0x0000000008012e18        0x0 ../CPEN391project_bsp/\libhal_bsp.a(altera_avalon_jtag_uart_write.o)
 .bss           0x0000000008012e18        0x0 ../CPEN391project_bsp/\libhal_bsp.a(altera_avalon_timer_sc.o)
 .bss           0x0000000008012e18        0x0 ../CPEN391project_bsp/\libhal_bsp.a(altera_up_avalon_character_lcd.o)
 .bss           0x0000000008012e18        0x0 ../CPEN391project_bsp/\libhal_bsp.a(alt_alarm_start.o)
 .bss           0x0000000008012e18        0x0 ../CPEN391project_bsp/\libhal_bsp.a(alt_dcache_flush_all.o)
 .bss           0x0000000008012e18        0x0 ../CPEN391project_bsp/\libhal_bsp.a(alt_dev_llist_insert.o)
 .bss           0x0000000008012e18        0x0 ../CPEN391project_bsp/\libhal_bsp.a(alt_do_ctors.o)
 .bss           0x0000000008012e18        0x0 ../CPEN391project_bsp/\libhal_bsp.a(alt_do_dtors.o)
 .bss           0x0000000008012e18        0x0 ../CPEN391project_bsp/\libhal_bsp.a(alt_find_dev.o)
 .bss           0x0000000008012e18        0x0 ../CPEN391project_bsp/\libhal_bsp.a(alt_icache_flush_all.o)
 .bss           0x0000000008012e18        0x0 ../CPEN391project_bsp/\libhal_bsp.a(alt_iic.o)
 .bss           0x0000000008012e18        0x0 ../CPEN391project_bsp/\libhal_bsp.a(alt_iic_isr_register.o)
 .bss           0x0000000008012e18        0x0 ../CPEN391project_bsp/\libhal_bsp.a(alt_io_redirect.o)
 .bss           0x0000000008012e18        0x0 ../CPEN391project_bsp/\libhal_bsp.a(alt_irq_entry.o)
 .bss           0x0000000008012e18        0x0 ../CPEN391project_bsp/\libhal_bsp.a(alt_irq_handler.o)
 .bss           0x0000000008012e18        0x0 ../CPEN391project_bsp/\libhal_bsp.a(alt_irq_vars.o)
 .bss           0x0000000008012e18        0x0 ../CPEN391project_bsp/\libhal_bsp.a(alt_open.o)
 .bss           0x0000000008012e18        0x0 ../CPEN391project_bsp/\libhal_bsp.a(alt_tick.o)
 .bss           0x0000000008012e18        0x0 ../CPEN391project_bsp/\libhal_bsp.a(altera_nios2_qsys_irq.o)
 .bss           0x0000000008012e18        0x0 ../CPEN391project_bsp/\libhal_bsp.a(alt_exception_entry.o)
 .bss           0x0000000008012e18        0x0 ../CPEN391project_bsp/\libhal_bsp.a(alt_find_file.o)
 .bss           0x0000000008012e18        0x0 ../CPEN391project_bsp/\libhal_bsp.a(alt_get_fd.o)
 .bss           0x0000000008012e18        0x0 ../CPEN391project_bsp/\libhal_bsp.a(alt_icache_flush.o)
 .bss           0x0000000008012e18        0x0 c:/altera/15.0/nios2eds/bin/gnu/h-x86_64-mingw32/bin/../lib/gcc/nios2-elf/4.9.1/../../../../../H-x86_64-mingw32/nios2-elf/lib\libc.a(lib_a-atexit.o)
 .bss           0x0000000008012e18        0x0 c:/altera/15.0/nios2eds/bin/gnu/h-x86_64-mingw32/bin/../lib/gcc/nios2-elf/4.9.1/../../../../../H-x86_64-mingw32/nios2-elf/lib\libc.a(lib_a-exit.o)
 .bss           0x0000000008012e18        0x0 c:/altera/15.0/nios2eds/bin/gnu/h-x86_64-mingw32/bin/../lib/gcc/nios2-elf/4.9.1/../../../../../H-x86_64-mingw32/nios2-elf/lib\libc.a(lib_a-memcmp.o)
 .bss           0x0000000008012e18        0x0 c:/altera/15.0/nios2eds/bin/gnu/h-x86_64-mingw32/bin/../lib/gcc/nios2-elf/4.9.1/../../../../../H-x86_64-mingw32/nios2-elf/lib\libc.a(lib_a-__atexit.o)
 .bss           0x0000000008012e18        0x0 c:/altera/15.0/nios2eds/bin/gnu/h-x86_64-mingw32/bin/../lib/gcc/nios2-elf/4.9.1/../../../../../H-x86_64-mingw32/nios2-elf/lib\libc.a(lib_a-__call_atexit.o)
 .bss           0x0000000008012e18        0x0 ../CPEN391project_bsp/\libhal_bsp.a(alt_exit.o)
 *(COMMON)
 COMMON         0x0000000008012e18      0x100 ../CPEN391project_bsp/\libhal_bsp.a(alt_irq_handler.o)
                0x0000000008012e18                alt_irq
                0x0000000008012f18                . = ALIGN (0x4)
                0x0000000008012f18                __bss_end = ABSOLUTE (.)

.sdram          0x0000000008012f18        0x0
                0x0000000008012f18                PROVIDE (_alt_partition_sdram_start, ABSOLUTE (.))
 *(.sdram .sdram. sdram.*)
                0x0000000008012f18                . = ALIGN (0x4)
                0x0000000008012f18                PROVIDE (_alt_partition_sdram_end, ABSOLUTE (.))
                0x0000000008012f18                _end = ABSOLUTE (.)
                0x0000000008012f18                end = ABSOLUTE (.)
                0x0000000008012f18                __alt_stack_base = ABSOLUTE (.)
                0x0000000008012f18                PROVIDE (_alt_partition_sdram_load_addr, LOADADDR (.sdram))

.stab
 *(.stab)

.stabstr
 *(.stabstr)

.stab.excl
 *(.stab.excl)

.stab.exclstr
 *(.stab.exclstr)

.stab.index
 *(.stab.index)

.stab.indexstr
 *(.stab.indexstr)

.comment        0x0000000000000000       0x23
 *(.comment)
 .comment       0x0000000000000000       0x23 obj/default/RS232.o
                                         0x24 (size before relaxing)
 .comment       0x0000000000000000       0x24 obj/default/WifiModule.o
 .comment       0x0000000000000000       0x24 obj/default/hello_world.o
 .comment       0x0000000000000000       0x24 c:/altera/15.0/nios2eds/bin/gnu/h-x86_64-mingw32/bin/../lib/gcc/nios2-elf/4.9.1/../../../../../H-x86_64-mingw32/nios2-elf/lib\libc.a(lib_a-putchar.o)
 .comment       0x0000000000000000       0x24 c:/altera/15.0/nios2eds/bin/gnu/h-x86_64-mingw32/bin/../lib/gcc/nios2-elf/4.9.1/../../../../../H-x86_64-mingw32/nios2-elf/lib\libc.a(lib_a-puts.o)
 .comment       0x0000000000000000       0x24 c:/altera/15.0/nios2eds/bin/gnu/h-x86_64-mingw32/bin/../lib/gcc/nios2-elf/4.9.1/../../../../../H-x86_64-mingw32/nios2-elf/lib\libc.a(lib_a-sprintf.o)
 .comment       0x0000000000000000       0x24 c:/altera/15.0/nios2eds/bin/gnu/h-x86_64-mingw32/bin/../lib/gcc/nios2-elf/4.9.1/../../../../../H-x86_64-mingw32/nios2-elf/lib\libc.a(lib_a-strlen.o)
 .comment       0x0000000000000000       0x24 c:/altera/15.0/nios2eds/bin/gnu/h-x86_64-mingw32/bin/../lib/gcc/nios2-elf/4.9.1/../../../../../H-x86_64-mingw32/nios2-elf/lib\libc.a(lib_a-svfprintf.o)
 .comment       0x0000000000000000       0x24 c:/altera/15.0/nios2eds/bin/gnu/h-x86_64-mingw32/bin/../lib/gcc/nios2-elf/4.9.1/../../../../../H-x86_64-mingw32/nios2-elf/lib\libc.a(lib_a-dtoa.o)
 .comment       0x0000000000000000       0x24 c:/altera/15.0/nios2eds/bin/gnu/h-x86_64-mingw32/bin/../lib/gcc/nios2-elf/4.9.1/../../../../../H-x86_64-mingw32/nios2-elf/lib\libc.a(lib_a-fvwrite.o)
 .comment       0x0000000000000000       0x24 c:/altera/15.0/nios2eds/bin/gnu/h-x86_64-mingw32/bin/../lib/gcc/nios2-elf/4.9.1/../../../../../H-x86_64-mingw32/nios2-elf/lib\libc.a(lib_a-impure.o)
 .comment       0x0000000000000000       0x24 c:/altera/15.0/nios2eds/bin/gnu/h-x86_64-mingw32/bin/../lib/gcc/nios2-elf/4.9.1/../../../../../H-x86_64-mingw32/nios2-elf/lib\libc.a(lib_a-locale.o)
 .comment       0x0000000000000000       0x24 c:/altera/15.0/nios2eds/bin/gnu/h-x86_64-mingw32/bin/../lib/gcc/nios2-elf/4.9.1/../../../../../H-x86_64-mingw32/nios2-elf/lib\libc.a(lib_a-mallocr.o)
 .comment       0x0000000000000000       0x24 c:/altera/15.0/nios2eds/bin/gnu/h-x86_64-mingw32/bin/../lib/gcc/nios2-elf/4.9.1/../../../../../H-x86_64-mingw32/nios2-elf/lib\libc.a(lib_a-memchr.o)
 .comment       0x0000000000000000       0x24 c:/altera/15.0/nios2eds/bin/gnu/h-x86_64-mingw32/bin/../lib/gcc/nios2-elf/4.9.1/../../../../../H-x86_64-mingw32/nios2-elf/lib\libc.a(lib_a-memcpy.o)
 .comment       0x0000000000000000       0x24 c:/altera/15.0/nios2eds/bin/gnu/h-x86_64-mingw32/bin/../lib/gcc/nios2-elf/4.9.1/../../../../../H-x86_64-mingw32/nios2-elf/lib\libc.a(lib_a-memmove.o)
 .comment       0x0000000000000000       0x24 c:/altera/15.0/nios2eds/bin/gnu/h-x86_64-mingw32/bin/../lib/gcc/nios2-elf/4.9.1/../../../../../H-x86_64-mingw32/nios2-elf/lib\libc.a(lib_a-mprec.o)
 .comment       0x0000000000000000       0x24 c:/altera/15.0/nios2eds/bin/gnu/h-x86_64-mingw32/bin/../lib/gcc/nios2-elf/4.9.1/../../../../../H-x86_64-mingw32/nios2-elf/lib\libc.a(lib_a-putc.o)
 .comment       0x0000000000000000       0x24 c:/altera/15.0/nios2eds/bin/gnu/h-x86_64-mingw32/bin/../lib/gcc/nios2-elf/4.9.1/../../../../../H-x86_64-mingw32/nios2-elf/lib\libc.a(lib_a-reallocr.o)
 .comment       0x0000000000000000       0x24 c:/altera/15.0/nios2eds/bin/gnu/h-x86_64-mingw32/bin/../lib/gcc/nios2-elf/4.9.1/../../../../../H-x86_64-mingw32/nios2-elf/lib\libc.a(lib_a-s_fpclassify.o)
 .comment       0x0000000000000000       0x24 c:/altera/15.0/nios2eds/bin/gnu/h-x86_64-mingw32/bin/../lib/gcc/nios2-elf/4.9.1/../../../../../H-x86_64-mingw32/nios2-elf/lib\libc.a(lib_a-sbrkr.o)
 .comment       0x0000000000000000       0x24 c:/altera/15.0/nios2eds/bin/gnu/h-x86_64-mingw32/bin/../lib/gcc/nios2-elf/4.9.1/../../../../../H-x86_64-mingw32/nios2-elf/lib\libc.a(lib_a-strcmp.o)
 .comment       0x0000000000000000       0x24 c:/altera/15.0/nios2eds/bin/gnu/h-x86_64-mingw32/bin/../lib/gcc/nios2-elf/4.9.1/../../../../../H-x86_64-mingw32/nios2-elf/lib\libc.a(lib_a-svfiprintf.o)
 .comment       0x0000000000000000       0x24 c:/altera/15.0/nios2eds/bin/gnu/h-x86_64-mingw32/bin/../lib/gcc/nios2-elf/4.9.1/../../../../../H-x86_64-mingw32/nios2-elf/lib\libc.a(lib_a-wbuf.o)
 .comment       0x0000000000000000       0x24 c:/altera/15.0/nios2eds/bin/gnu/h-x86_64-mingw32/bin/../lib/gcc/nios2-elf/4.9.1/../../../../../H-x86_64-mingw32/nios2-elf/lib\libc.a(lib_a-wsetup.o)
 .comment       0x0000000000000000       0x24 c:/altera/15.0/nios2eds/bin/gnu/h-x86_64-mingw32/bin/../lib/gcc/nios2-elf/4.9.1/../../../../../H-x86_64-mingw32/nios2-elf/lib\libc.a(lib_a-callocr.o)
 .comment       0x0000000000000000       0x24 c:/altera/15.0/nios2eds/bin/gnu/h-x86_64-mingw32/bin/../lib/gcc/nios2-elf/4.9.1/../../../../../H-x86_64-mingw32/nios2-elf/lib\libc.a(lib_a-fflush.o)
 .comment       0x0000000000000000       0x24 c:/altera/15.0/nios2eds/bin/gnu/h-x86_64-mingw32/bin/../lib/gcc/nios2-elf/4.9.1/../../../../../H-x86_64-mingw32/nios2-elf/lib\libc.a(lib_a-findfp.o)
 .comment       0x0000000000000000       0x24 c:/altera/15.0/nios2eds/bin/gnu/h-x86_64-mingw32/bin/../lib/gcc/nios2-elf/4.9.1/../../../../../H-x86_64-mingw32/nios2-elf/lib\libc.a(lib_a-freer.o)
 .comment       0x0000000000000000       0x24 c:/altera/15.0/nios2eds/bin/gnu/h-x86_64-mingw32/bin/../lib/gcc/nios2-elf/4.9.1/../../../../../H-x86_64-mingw32/nios2-elf/lib\libc.a(lib_a-fwalk.o)
 .comment       0x0000000000000000       0x24 c:/altera/15.0/nios2eds/bin/gnu/h-x86_64-mingw32/bin/../lib/gcc/nios2-elf/4.9.1/../../../../../H-x86_64-mingw32/nios2-elf/lib\libc.a(lib_a-int_errno.o)
 .comment       0x0000000000000000       0x24 c:/altera/15.0/nios2eds/bin/gnu/h-x86_64-mingw32/bin/../lib/gcc/nios2-elf/4.9.1/../../../../../H-x86_64-mingw32/nios2-elf/lib\libc.a(lib_a-makebuf.o)
 .comment       0x0000000000000000       0x24 c:/altera/15.0/nios2eds/bin/gnu/h-x86_64-mingw32/bin/../lib/gcc/nios2-elf/4.9.1/../../../../../H-x86_64-mingw32/nios2-elf/lib\libc.a(lib_a-memset.o)
 .comment       0x0000000000000000       0x24 c:/altera/15.0/nios2eds/bin/gnu/h-x86_64-mingw32/bin/../lib/gcc/nios2-elf/4.9.1/../../../../../H-x86_64-mingw32/nios2-elf/lib\libc.a(lib_a-stdio.o)
 .comment       0x0000000000000000       0x24 c:/altera/15.0/nios2eds/bin/gnu/h-x86_64-mingw32/bin/../lib/gcc/nios2-elf/4.9.1/../../../../../H-x86_64-mingw32/nios2-elf/lib\libc.a(lib_a-writer.o)
 .comment       0x0000000000000000       0x24 c:/altera/15.0/nios2eds/bin/gnu/h-x86_64-mingw32/bin/../lib/gcc/nios2-elf/4.9.1/../../../../../H-x86_64-mingw32/nios2-elf/lib\libc.a(closer.o)
 .comment       0x0000000000000000       0x24 c:/altera/15.0/nios2eds/bin/gnu/h-x86_64-mingw32/bin/../lib/gcc/nios2-elf/4.9.1/../../../../../H-x86_64-mingw32/nios2-elf/lib\libc.a(lib_a-fclose.o)
 .comment       0x0000000000000000       0x24 c:/altera/15.0/nios2eds/bin/gnu/h-x86_64-mingw32/bin/../lib/gcc/nios2-elf/4.9.1/../../../../../H-x86_64-mingw32/nios2-elf/lib\libc.a(lib_a-fstatr.o)
 .comment       0x0000000000000000       0x24 c:/altera/15.0/nios2eds/bin/gnu/h-x86_64-mingw32/bin/../lib/gcc/nios2-elf/4.9.1/../../../../../H-x86_64-mingw32/nios2-elf/lib\libc.a(lib_a-isattyr.o)
 .comment       0x0000000000000000       0x24 c:/altera/15.0/nios2eds/bin/gnu/h-x86_64-mingw32/bin/../lib/gcc/nios2-elf/4.9.1/../../../../../H-x86_64-mingw32/nios2-elf/lib\libc.a(lib_a-lseekr.o)
 .comment       0x0000000000000000       0x24 c:/altera/15.0/nios2eds/bin/gnu/h-x86_64-mingw32/bin/../lib/gcc/nios2-elf/4.9.1/../../../../../H-x86_64-mingw32/nios2-elf/lib\libc.a(lib_a-readr.o)
 .comment       0x0000000000000000       0x24 c:/altera/15.0/nios2eds/bin/gnu/h-x86_64-mingw32/bin/../lib/gcc/nios2-elf/4.9.1\libgcc.a(_udivdi3.o)
 .comment       0x0000000000000000       0x24 c:/altera/15.0/nios2eds/bin/gnu/h-x86_64-mingw32/bin/../lib/gcc/nios2-elf/4.9.1\libgcc.a(_umoddi3.o)
 .comment       0x0000000000000000       0x24 c:/altera/15.0/nios2eds/bin/gnu/h-x86_64-mingw32/bin/../lib/gcc/nios2-elf/4.9.1\libgcc.a(lib2-divmod.o)
 .comment       0x0000000000000000       0x24 c:/altera/15.0/nios2eds/bin/gnu/h-x86_64-mingw32/bin/../lib/gcc/nios2-elf/4.9.1\libgcc.a(adddf3.o)
 .comment       0x0000000000000000       0x24 c:/altera/15.0/nios2eds/bin/gnu/h-x86_64-mingw32/bin/../lib/gcc/nios2-elf/4.9.1\libgcc.a(divdf3.o)
 .comment       0x0000000000000000       0x24 c:/altera/15.0/nios2eds/bin/gnu/h-x86_64-mingw32/bin/../lib/gcc/nios2-elf/4.9.1\libgcc.a(eqdf2.o)
 .comment       0x0000000000000000       0x24 c:/altera/15.0/nios2eds/bin/gnu/h-x86_64-mingw32/bin/../lib/gcc/nios2-elf/4.9.1\libgcc.a(gedf2.o)
 .comment       0x0000000000000000       0x24 c:/altera/15.0/nios2eds/bin/gnu/h-x86_64-mingw32/bin/../lib/gcc/nios2-elf/4.9.1\libgcc.a(ledf2.o)
 .comment       0x0000000000000000       0x24 c:/altera/15.0/nios2eds/bin/gnu/h-x86_64-mingw32/bin/../lib/gcc/nios2-elf/4.9.1\libgcc.a(muldf3.o)
 .comment       0x0000000000000000       0x24 c:/altera/15.0/nios2eds/bin/gnu/h-x86_64-mingw32/bin/../lib/gcc/nios2-elf/4.9.1\libgcc.a(subdf3.o)
 .comment       0x0000000000000000       0x24 c:/altera/15.0/nios2eds/bin/gnu/h-x86_64-mingw32/bin/../lib/gcc/nios2-elf/4.9.1\libgcc.a(fixdfsi.o)
 .comment       0x0000000000000000       0x24 c:/altera/15.0/nios2eds/bin/gnu/h-x86_64-mingw32/bin/../lib/gcc/nios2-elf/4.9.1\libgcc.a(floatsidf.o)
 .comment       0x0000000000000000       0x24 c:/altera/15.0/nios2eds/bin/gnu/h-x86_64-mingw32/bin/../lib/gcc/nios2-elf/4.9.1\libgcc.a(floatunsidf.o)
 .comment       0x0000000000000000       0x24 c:/altera/15.0/nios2eds/bin/gnu/h-x86_64-mingw32/bin/../lib/gcc/nios2-elf/4.9.1\libgcc.a(_clz.o)
 .comment       0x0000000000000000       0x24 c:/altera/15.0/nios2eds/bin/gnu/h-x86_64-mingw32/bin/../lib/gcc/nios2-elf/4.9.1\libgcc.a(_clzsi2.o)
 .comment       0x0000000000000000       0x24 ../CPEN391project_bsp/\libhal_bsp.a(alt_close.o)
 .comment       0x0000000000000000       0x24 ../CPEN391project_bsp/\libhal_bsp.a(alt_dev.o)
 .comment       0x0000000000000000       0x24 ../CPEN391project_bsp/\libhal_bsp.a(alt_errno.o)
 .comment       0x0000000000000000       0x24 ../CPEN391project_bsp/\libhal_bsp.a(alt_fstat.o)
 .comment       0x0000000000000000       0x24 ../CPEN391project_bsp/\libhal_bsp.a(alt_isatty.o)
 .comment       0x0000000000000000       0x24 ../CPEN391project_bsp/\libhal_bsp.a(alt_load.o)
 .comment       0x0000000000000000       0x24 ../CPEN391project_bsp/\libhal_bsp.a(alt_lseek.o)
 .comment       0x0000000000000000       0x24 ../CPEN391project_bsp/\libhal_bsp.a(alt_main.o)
 .comment       0x0000000000000000       0x24 ../CPEN391project_bsp/\libhal_bsp.a(alt_malloc_lock.o)
 .comment       0x0000000000000000       0x24 ../CPEN391project_bsp/\libhal_bsp.a(alt_read.o)
 .comment       0x0000000000000000       0x24 ../CPEN391project_bsp/\libhal_bsp.a(alt_release_fd.o)
 .comment       0x0000000000000000       0x24 ../CPEN391project_bsp/\libhal_bsp.a(alt_sbrk.o)
 .comment       0x0000000000000000       0x24 ../CPEN391project_bsp/\libhal_bsp.a(alt_write.o)
 .comment       0x0000000000000000       0x24 ../CPEN391project_bsp/\libhal_bsp.a(alt_sys_init.o)
 .comment       0x0000000000000000       0x24 ../CPEN391project_bsp/\libhal_bsp.a(altera_avalon_jtag_uart_fd.o)
 .comment       0x0000000000000000       0x24 ../CPEN391project_bsp/\libhal_bsp.a(altera_avalon_jtag_uart_init.o)
 .comment       0x0000000000000000       0x24 ../CPEN391project_bsp/\libhal_bsp.a(altera_avalon_jtag_uart_ioctl.o)
 .comment       0x0000000000000000       0x24 ../CPEN391project_bsp/\libhal_bsp.a(altera_avalon_jtag_uart_read.o)
 .comment       0x0000000000000000       0x24 ../CPEN391project_bsp/\libhal_bsp.a(altera_avalon_jtag_uart_write.o)
 .comment       0x0000000000000000       0x24 ../CPEN391project_bsp/\libhal_bsp.a(altera_avalon_timer_sc.o)
 .comment       0x0000000000000000       0x24 ../CPEN391project_bsp/\libhal_bsp.a(altera_up_avalon_character_lcd.o)
 .comment       0x0000000000000000       0x24 ../CPEN391project_bsp/\libhal_bsp.a(alt_alarm_start.o)
 .comment       0x0000000000000000       0x24 ../CPEN391project_bsp/\libhal_bsp.a(alt_dcache_flush_all.o)
 .comment       0x0000000000000000       0x24 ../CPEN391project_bsp/\libhal_bsp.a(alt_dev_llist_insert.o)
 .comment       0x0000000000000000       0x24 ../CPEN391project_bsp/\libhal_bsp.a(alt_do_ctors.o)
 .comment       0x0000000000000000       0x24 ../CPEN391project_bsp/\libhal_bsp.a(alt_do_dtors.o)
 .comment       0x0000000000000000       0x24 ../CPEN391project_bsp/\libhal_bsp.a(alt_find_dev.o)
 .comment       0x0000000000000000       0x24 ../CPEN391project_bsp/\libhal_bsp.a(alt_icache_flush_all.o)
 .comment       0x0000000000000000       0x24 ../CPEN391project_bsp/\libhal_bsp.a(alt_iic.o)
 .comment       0x0000000000000000       0x24 ../CPEN391project_bsp/\libhal_bsp.a(alt_iic_isr_register.o)
 .comment       0x0000000000000000       0x24 ../CPEN391project_bsp/\libhal_bsp.a(alt_io_redirect.o)
 .comment       0x0000000000000000       0x24 ../CPEN391project_bsp/\libhal_bsp.a(alt_irq_handler.o)
 .comment       0x0000000000000000       0x24 ../CPEN391project_bsp/\libhal_bsp.a(alt_irq_vars.o)
 .comment       0x0000000000000000       0x24 ../CPEN391project_bsp/\libhal_bsp.a(alt_open.o)
 .comment       0x0000000000000000       0x24 ../CPEN391project_bsp/\libhal_bsp.a(alt_tick.o)
 .comment       0x0000000000000000       0x24 ../CPEN391project_bsp/\libhal_bsp.a(altera_nios2_qsys_irq.o)
 .comment       0x0000000000000000       0x24 ../CPEN391project_bsp/\libhal_bsp.a(alt_find_file.o)
 .comment       0x0000000000000000       0x24 ../CPEN391project_bsp/\libhal_bsp.a(alt_get_fd.o)
 .comment       0x0000000000000000       0x24 ../CPEN391project_bsp/\libhal_bsp.a(alt_icache_flush.o)
 .comment       0x0000000000000000       0x24 c:/altera/15.0/nios2eds/bin/gnu/h-x86_64-mingw32/bin/../lib/gcc/nios2-elf/4.9.1/../../../../../H-x86_64-mingw32/nios2-elf/lib\libc.a(lib_a-atexit.o)
 .comment       0x0000000000000000       0x24 c:/altera/15.0/nios2eds/bin/gnu/h-x86_64-mingw32/bin/../lib/gcc/nios2-elf/4.9.1/../../../../../H-x86_64-mingw32/nios2-elf/lib\libc.a(lib_a-exit.o)
 .comment       0x0000000000000000       0x24 c:/altera/15.0/nios2eds/bin/gnu/h-x86_64-mingw32/bin/../lib/gcc/nios2-elf/4.9.1/../../../../../H-x86_64-mingw32/nios2-elf/lib\libc.a(lib_a-memcmp.o)
 .comment       0x0000000000000000       0x24 c:/altera/15.0/nios2eds/bin/gnu/h-x86_64-mingw32/bin/../lib/gcc/nios2-elf/4.9.1/../../../../../H-x86_64-mingw32/nios2-elf/lib\libc.a(lib_a-__atexit.o)
 .comment       0x0000000000000000       0x24 c:/altera/15.0/nios2eds/bin/gnu/h-x86_64-mingw32/bin/../lib/gcc/nios2-elf/4.9.1/../../../../../H-x86_64-mingw32/nios2-elf/lib\libc.a(lib_a-__call_atexit.o)
 .comment       0x0000000000000000       0x24 ../CPEN391project_bsp/\libhal_bsp.a(alt_exit.o)

.debug
 *(.debug)

.line
 *(.line)

.debug_srcinfo
 *(.debug_srcinfo)

.debug_sfnames
 *(.debug_sfnames)

.debug_aranges  0x0000000000000000      0xd08
 *(.debug_aranges)
 .debug_aranges
                0x0000000000000000       0x28 ../CPEN391project_bsp//obj/HAL/src/crt0.o
 .debug_aranges
                0x0000000000000028       0x20 obj/default/RS232.o
 .debug_aranges
                0x0000000000000048       0x20 obj/default/WifiModule.o
 .debug_aranges
                0x0000000000000068       0x20 obj/default/hello_world.o
 .debug_aranges
                0x0000000000000088       0x20 c:/altera/15.0/nios2eds/bin/gnu/h-x86_64-mingw32/bin/../lib/gcc/nios2-elf/4.9.1/../../../../../H-x86_64-mingw32/nios2-elf/lib\libc.a(lib_a-putchar.o)
 .debug_aranges
                0x00000000000000a8       0x20 c:/altera/15.0/nios2eds/bin/gnu/h-x86_64-mingw32/bin/../lib/gcc/nios2-elf/4.9.1/../../../../../H-x86_64-mingw32/nios2-elf/lib\libc.a(lib_a-puts.o)
 .debug_aranges
                0x00000000000000c8       0x20 c:/altera/15.0/nios2eds/bin/gnu/h-x86_64-mingw32/bin/../lib/gcc/nios2-elf/4.9.1/../../../../../H-x86_64-mingw32/nios2-elf/lib\libc.a(lib_a-sprintf.o)
 .debug_aranges
                0x00000000000000e8       0x20 c:/altera/15.0/nios2eds/bin/gnu/h-x86_64-mingw32/bin/../lib/gcc/nios2-elf/4.9.1/../../../../../H-x86_64-mingw32/nios2-elf/lib\libc.a(lib_a-strlen.o)
 .debug_aranges
                0x0000000000000108       0x20 c:/altera/15.0/nios2eds/bin/gnu/h-x86_64-mingw32/bin/../lib/gcc/nios2-elf/4.9.1/../../../../../H-x86_64-mingw32/nios2-elf/lib\libc.a(lib_a-svfprintf.o)
 .debug_aranges
                0x0000000000000128       0x20 c:/altera/15.0/nios2eds/bin/gnu/h-x86_64-mingw32/bin/../lib/gcc/nios2-elf/4.9.1/../../../../../H-x86_64-mingw32/nios2-elf/lib\libc.a(lib_a-dtoa.o)
 .debug_aranges
                0x0000000000000148       0x20 c:/altera/15.0/nios2eds/bin/gnu/h-x86_64-mingw32/bin/../lib/gcc/nios2-elf/4.9.1/../../../../../H-x86_64-mingw32/nios2-elf/lib\libc.a(lib_a-fvwrite.o)
 .debug_aranges
                0x0000000000000168       0x18 c:/altera/15.0/nios2eds/bin/gnu/h-x86_64-mingw32/bin/../lib/gcc/nios2-elf/4.9.1/../../../../../H-x86_64-mingw32/nios2-elf/lib\libc.a(lib_a-impure.o)
 .debug_aranges
                0x0000000000000180       0x20 c:/altera/15.0/nios2eds/bin/gnu/h-x86_64-mingw32/bin/../lib/gcc/nios2-elf/4.9.1/../../../../../H-x86_64-mingw32/nios2-elf/lib\libc.a(lib_a-locale.o)
 .debug_aranges
                0x00000000000001a0       0x20 c:/altera/15.0/nios2eds/bin/gnu/h-x86_64-mingw32/bin/../lib/gcc/nios2-elf/4.9.1/../../../../../H-x86_64-mingw32/nios2-elf/lib\libc.a(lib_a-mallocr.o)
 .debug_aranges
                0x00000000000001c0       0x20 c:/altera/15.0/nios2eds/bin/gnu/h-x86_64-mingw32/bin/../lib/gcc/nios2-elf/4.9.1/../../../../../H-x86_64-mingw32/nios2-elf/lib\libc.a(lib_a-memchr.o)
 .debug_aranges
                0x00000000000001e0       0x20 c:/altera/15.0/nios2eds/bin/gnu/h-x86_64-mingw32/bin/../lib/gcc/nios2-elf/4.9.1/../../../../../H-x86_64-mingw32/nios2-elf/lib\libc.a(lib_a-memcpy.o)
 .debug_aranges
                0x0000000000000200       0x20 c:/altera/15.0/nios2eds/bin/gnu/h-x86_64-mingw32/bin/../lib/gcc/nios2-elf/4.9.1/../../../../../H-x86_64-mingw32/nios2-elf/lib\libc.a(lib_a-memmove.o)
 .debug_aranges
                0x0000000000000220       0x20 c:/altera/15.0/nios2eds/bin/gnu/h-x86_64-mingw32/bin/../lib/gcc/nios2-elf/4.9.1/../../../../../H-x86_64-mingw32/nios2-elf/lib\libc.a(lib_a-mprec.o)
 .debug_aranges
                0x0000000000000240       0x20 c:/altera/15.0/nios2eds/bin/gnu/h-x86_64-mingw32/bin/../lib/gcc/nios2-elf/4.9.1/../../../../../H-x86_64-mingw32/nios2-elf/lib\libc.a(lib_a-putc.o)
 .debug_aranges
                0x0000000000000260       0x20 c:/altera/15.0/nios2eds/bin/gnu/h-x86_64-mingw32/bin/../lib/gcc/nios2-elf/4.9.1/../../../../../H-x86_64-mingw32/nios2-elf/lib\libc.a(lib_a-reallocr.o)
 .debug_aranges
                0x0000000000000280       0x20 c:/altera/15.0/nios2eds/bin/gnu/h-x86_64-mingw32/bin/../lib/gcc/nios2-elf/4.9.1/../../../../../H-x86_64-mingw32/nios2-elf/lib\libc.a(lib_a-s_fpclassify.o)
 .debug_aranges
                0x00000000000002a0       0x20 c:/altera/15.0/nios2eds/bin/gnu/h-x86_64-mingw32/bin/../lib/gcc/nios2-elf/4.9.1/../../../../../H-x86_64-mingw32/nios2-elf/lib\libc.a(lib_a-sbrkr.o)
 .debug_aranges
                0x00000000000002c0       0x20 c:/altera/15.0/nios2eds/bin/gnu/h-x86_64-mingw32/bin/../lib/gcc/nios2-elf/4.9.1/../../../../../H-x86_64-mingw32/nios2-elf/lib\libc.a(lib_a-strcmp.o)
 .debug_aranges
                0x00000000000002e0       0x20 c:/altera/15.0/nios2eds/bin/gnu/h-x86_64-mingw32/bin/../lib/gcc/nios2-elf/4.9.1/../../../../../H-x86_64-mingw32/nios2-elf/lib\libc.a(lib_a-svfiprintf.o)
 .debug_aranges
                0x0000000000000300       0x20 c:/altera/15.0/nios2eds/bin/gnu/h-x86_64-mingw32/bin/../lib/gcc/nios2-elf/4.9.1/../../../../../H-x86_64-mingw32/nios2-elf/lib\libc.a(lib_a-wbuf.o)
 .debug_aranges
                0x0000000000000320       0x20 c:/altera/15.0/nios2eds/bin/gnu/h-x86_64-mingw32/bin/../lib/gcc/nios2-elf/4.9.1/../../../../../H-x86_64-mingw32/nios2-elf/lib\libc.a(lib_a-wsetup.o)
 .debug_aranges