Archive member included to satisfy reference by file (symbol)

c:/altera/15.0/_/nios2eds/bin/gnu/h-x86_64-mingw32/bin/../lib/gcc/nios2-elf/4.9.1\libgcc.a(adddf3.o)
                              obj/default/hello_world.o (__adddf3)
c:/altera/15.0/_/nios2eds/bin/gnu/h-x86_64-mingw32/bin/../lib/gcc/nios2-elf/4.9.1\libgcc.a(divdf3.o)
                              obj/default/hello_world.o (__divdf3)
c:/altera/15.0/_/nios2eds/bin/gnu/h-x86_64-mingw32/bin/../lib/gcc/nios2-elf/4.9.1\libgcc.a(muldf3.o)
                              obj/default/hello_world.o (__muldf3)
c:/altera/15.0/_/nios2eds/bin/gnu/h-x86_64-mingw32/bin/../lib/gcc/nios2-elf/4.9.1\libgcc.a(fixdfsi.o)
                              obj/default/hello_world.o (__fixdfsi)
c:/altera/15.0/_/nios2eds/bin/gnu/h-x86_64-mingw32/bin/../lib/gcc/nios2-elf/4.9.1\libgcc.a(floatsidf.o)
                              obj/default/hello_world.o (__floatsidf)
c:/altera/15.0/_/nios2eds/bin/gnu/h-x86_64-mingw32/bin/../lib/gcc/nios2-elf/4.9.1\libgcc.a(_clzsi2.o)
                              c:/altera/15.0/_/nios2eds/bin/gnu/h-x86_64-mingw32/bin/../lib/gcc/nios2-elf/4.9.1\libgcc.a(adddf3.o) (__clzsi2)
c:/altera/15.0/_/nios2eds/bin/gnu/h-x86_64-mingw32/bin/../lib/gcc/nios2-elf/4.9.1\libgcc.a(lib2-divmod.o)
                              c:/altera/15.0/_/nios2eds/bin/gnu/h-x86_64-mingw32/bin/../lib/gcc/nios2-elf/4.9.1\libgcc.a(divdf3.o) (__udivsi3)
c:/altera/15.0/_/nios2eds/bin/gnu/h-x86_64-mingw32/bin/../lib/gcc/nios2-elf/4.9.1\libgcc.a(_clz.o)
                              c:/altera/15.0/_/nios2eds/bin/gnu/h-x86_64-mingw32/bin/../lib/gcc/nios2-elf/4.9.1\libgcc.a(_clzsi2.o) (__clz_tab)
c:/altera/15.0/_/nios2eds/bin/gnu/h-x86_64-mingw32/bin/../lib/gcc/nios2-elf/4.9.1/../../../../../H-x86_64-mingw32/nios2-elf/lib\libc.a(lib_a-atof.o)
                              obj/default/hello_world.o (atof)
c:/altera/15.0/_/nios2eds/bin/gnu/h-x86_64-mingw32/bin/../lib/gcc/nios2-elf/4.9.1/../../../../../H-x86_64-mingw32/nios2-elf/lib\libc.a(lib_a-malloc.o)
                              obj/default/hello_world.o (malloc)
c:/altera/15.0/_/nios2eds/bin/gnu/h-x86_64-mingw32/bin/../lib/gcc/nios2-elf/4.9.1/../../../../../H-x86_64-mingw32/nios2-elf/lib\libc.a(lib_a-mallocr.o)
                              c:/altera/15.0/_/nios2eds/bin/gnu/h-x86_64-mingw32/bin/../lib/gcc/nios2-elf/4.9.1/../../../../../H-x86_64-mingw32/nios2-elf/lib\libc.a(lib_a-malloc.o) (_malloc_r)
c:/altera/15.0/_/nios2eds/bin/gnu/h-x86_64-mingw32/bin/../lib/gcc/nios2-elf/4.9.1/../../../../../H-x86_64-mingw32/nios2-elf/lib\libc.a(lib_a-printf.o)
                              obj/default/hello_world.o (printf)
c:/altera/15.0/_/nios2eds/bin/gnu/h-x86_64-mingw32/bin/../lib/gcc/nios2-elf/4.9.1/../../../../../H-x86_64-mingw32/nios2-elf/lib\libc.a(lib_a-putchar.o)
                              obj/default/hello_world.o (putchar)
c:/altera/15.0/_/nios2eds/bin/gnu/h-x86_64-mingw32/bin/../lib/gcc/nios2-elf/4.9.1/../../../../../H-x86_64-mingw32/nios2-elf/lib\libc.a(lib_a-sbrkr.o)
                              c:/altera/15.0/_/nios2eds/bin/gnu/h-x86_64-mingw32/bin/../lib/gcc/nios2-elf/4.9.1/../../../../../H-x86_64-mingw32/nios2-elf/lib\libc.a(lib_a-mallocr.o) (_sbrk_r)
c:/altera/15.0/_/nios2eds/bin/gnu/h-x86_64-mingw32/bin/../lib/gcc/nios2-elf/4.9.1/../../../../../H-x86_64-mingw32/nios2-elf/lib\libc.a(lib_a-sprintf.o)
                              obj/default/hello_world.o (sprintf)
c:/altera/15.0/_/nios2eds/bin/gnu/h-x86_64-mingw32/bin/../lib/gcc/nios2-elf/4.9.1/../../../../../H-x86_64-mingw32/nios2-elf/lib\libc.a(lib_a-strcat.o)
                              obj/default/hello_world.o (strcat)
c:/altera/15.0/_/nios2eds/bin/gnu/h-x86_64-mingw32/bin/../lib/gcc/nios2-elf/4.9.1/../../../../../H-x86_64-mingw32/nios2-elf/lib\libc.a(lib_a-strcmp.o)
                              obj/default/hello_world.o (strcmp)
c:/altera/15.0/_/nios2eds/bin/gnu/h-x86_64-mingw32/bin/../lib/gcc/nios2-elf/4.9.1/../../../../../H-x86_64-mingw32/nios2-elf/lib\libc.a(lib_a-strcpy.o)
                              obj/default/hello_world.o (strcpy)
c:/altera/15.0/_/nios2eds/bin/gnu/h-x86_64-mingw32/bin/../lib/gcc/nios2-elf/4.9.1/../../../../../H-x86_64-mingw32/nios2-elf/lib\libc.a(lib_a-strlen.o)
                              obj/default/hello_world.o (strlen)
c:/altera/15.0/_/nios2eds/bin/gnu/h-x86_64-mingw32/bin/../lib/gcc/nios2-elf/4.9.1/../../../../../H-x86_64-mingw32/nios2-elf/lib\libc.a(lib_a-strtod.o)
                              c:/altera/15.0/_/nios2eds/bin/gnu/h-x86_64-mingw32/bin/../lib/gcc/nios2-elf/4.9.1/../../../../../H-x86_64-mingw32/nios2-elf/lib\libc.a(lib_a-atof.o) (strtod)
c:/altera/15.0/_/nios2eds/bin/gnu/h-x86_64-mingw32/bin/../lib/gcc/nios2-elf/4.9.1/../../../../../H-x86_64-mingw32/nios2-elf/lib\libc.a(lib_a-strtok.o)
                              obj/default/hello_world.o (strtok)
c:/altera/15.0/_/nios2eds/bin/gnu/h-x86_64-mingw32/bin/../lib/gcc/nios2-elf/4.9.1/../../../../../H-x86_64-mingw32/nios2-elf/lib\libc.a(lib_a-strtok_r.o)
[...]
Memory Configuration

Name             Origin             Length             Attributes
reset            0x0000000008000000 0x0000000000000020
sdram            0x0000000008000020 0x0000000003ffffe0
*default*        0x0000000000000000 0xffffffffffffffff

Linker script and memory map

LOAD ../CPEN391project_bsp//obj/HAL/src/crt0.o
LOAD obj/default/hello_world.o
LOAD c:/altera/15.0/_/nios2eds/bin/gnu/h-x86_64-mingw32/bin/../lib/gcc/nios2-elf/4.9.1/../../../../../H-x86_64-mingw32/nios2-elf/lib\libstdc++.a
LOAD c:/altera/15.0/_/nios2eds/bin/gnu/h-x86_64-mingw32/bin/../lib/gcc/nios2-elf/4.9.1/../../../../../H-x86_64-mingw32/nios2-elf/lib\libm.a
LOAD c:/altera/15.0/_/nios2eds/bin/gnu/h-x86_64-mingw32/bin/../lib/gcc/nios2-elf/4.9.1\libgcc.a
START GROUP
LOAD c:/altera/15.0/_/nios2eds/bin/gnu/h-x86_64-mingw32/bin/../lib/gcc/nios2-elf/4.9.1/../../../../../H-x86_64-mingw32/nios2-elf/lib\libc.a
LOAD c:/altera/15.0/_/nios2eds/bin/gnu/h-x86_64-mingw32/bin/../lib/gcc/nios2-elf/4.9.1\libgcc.a
LOAD ../CPEN391project_bsp/\libhal_bsp.a
LOAD c:/altera/15.0/_/nios2eds/bin/gnu/h-x86_64-mingw32/bin/../lib/gcc/nios2-elf/4.9.1/../../../../../H-x86_64-mingw32/nios2-elf/lib\libm.a
END GROUP
LOAD c:/altera/15.0/_/nios2eds/bin/gnu/h-x86_64-mingw32/bin/../lib/gcc/nios2-elf/4.9.1\libgcc.a
                0x0000000008000000                __alt_mem_sdram = 0x8000000

.entry          0x0000000008000000       0x20
 *(.entry)
 .entry         0x0000000008000000       0x20 ../CPEN391project_bsp//obj/HAL/src/crt0.o
                0x0000000008000000                __reset

.exceptions     0x0000000008000020      0x19c
                0x0000000008000020                PROVIDE (__ram_exceptions_start, ABSOLUTE (.))
                0x0000000008000020                . = ALIGN (0x20)
 *(.irq)
 *(.exceptions.entry.label)
 .exceptions.entry.label
                0x0000000008000020        0x0 ../CPEN391project_bsp/\libhal_bsp.a(alt_irq_entry.o)
                0x0000000008000020                alt_irq_entry
 .exceptions.entry.label
                0x0000000008000020        0x0 ../CPEN391project_bsp/\libhal_bsp.a(alt_exception_entry.o)
                0x0000000008000020                alt_exception
 *(.exceptions.entry.user)
 *(.exceptions.entry.ecc_fatal)
 *(.exceptions.entry)
 .exceptions.entry
                0x0000000008000020       0x54 ../CPEN391project_bsp/\libhal_bsp.a(alt_exception_entry.o)
 *(.exceptions.irqtest.user)
 *(.exceptions.irqtest)
 .exceptions.irqtest
                0x0000000008000074       0x10 ../CPEN391project_bsp/\libhal_bsp.a(alt_irq_entry.o)
 *(.exceptions.irqhandler.user)
 *(.exceptions.irqhandler)
 .exceptions.irqhandler
                0x0000000008000084        0x4 ../CPEN391project_bsp/\libhal_bsp.a(alt_irq_entry.o)
 *(.exceptions.irqreturn.user)
 *(.exceptions.irqreturn)
 .exceptions.irqreturn
                0x0000000008000088        0x4 ../CPEN391project_bsp/\libhal_bsp.a(alt_irq_entry.o)
 *(.exceptions.notirq.label)
 .exceptions.notirq.label
                0x000000000800008c        0x0 ../CPEN391project_bsp/\libhal_bsp.a(alt_irq_entry.o)
 *(.exceptions.notirq.user)
 *(.exceptions.notirq)
 .exceptions.notirq
                0x000000000800008c        0x8 ../CPEN391project_bsp/\libhal_bsp.a(alt_exception_entry.o)
 *(.exceptions.soft.user)
 *(.exceptions.soft)
 *(.exceptions.unknown.user)
 *(.exceptions.unknown)
 .exceptions.unknown
                0x0000000008000094        0x4 ../CPEN391project_bsp/\libhal_bsp.a(alt_exception_entry.o)
 *(.exceptions.exit.label)
 .exceptions.exit.label
                0x0000000008000098        0x0 ../CPEN391project_bsp/\libhal_bsp.a(alt_irq_entry.o)
 .exceptions.exit.label
                0x0000000008000098        0x0 ../CPEN391project_bsp/\libhal_bsp.a(alt_exception_entry.o)
 *(.exceptions.exit.user)
 *(.exceptions.exit)
 .exceptions.exit
                0x0000000008000098       0x54 ../CPEN391project_bsp/\libhal_bsp.a(alt_exception_entry.o)
 *(.exceptions)
 .exceptions    0x00000000080000ec       0xd0 ../CPEN391project_bsp/\libhal_bsp.a(alt_irq_handler.o)
                0x00000000080000ec                alt_irq_handler
                0x00000000080001bc                PROVIDE (__ram_exceptions_end, ABSOLUTE (.))
                0x0000000008000020                PROVIDE (__flash_exceptions_start, LOADADDR (.exceptions))

.text           0x00000000080001bc    0x16cc0
                0x00000000080001bc                PROVIDE (stext, ABSOLUTE (.))
 *(.interp)
 *(.hash)
 *(.dynsym)
 *(.dynstr)
 *(.gnu.version)
 *(.gnu.version_d)
 *(.gnu.version_r)
 *(.rel.init)
 *(.rela.init)
 *(.rel.text .rel.text.* .rel.gnu.linkonce.t.*)
 *(.rela.text .rela.text.* .rela.gnu.linkonce.t.*)
 *(.rel.fini)
 *(.rela.fini)
 *(.rel.rodata .rel.rodata.* .rel.gnu.linkonce.r.*)
 *(.rela.rodata .rela.rodata.* .rela.gnu.linkonce.r.*)
 *(.rel.data .rel.data.* .rel.gnu.linkonce.d.*)
 *(.rela.data .rela.data.* .rela.gnu.linkonce.d.*)
 *(.rel.tdata .rel.tdata.* .rel.gnu.linkonce.td.*)
 *(.rela.tdata .rela.tdata.* .rela.gnu.linkonce.td.*)
 *(.rel.tbss .rel.tbss.* .rel.gnu.linkonce.tb.*)
 *(.rela.tbss .rela.tbss.* .rela.gnu.linkonce.tb.*)
 *(.rel.ctors)
 *(.rela.ctors)
 *(.rel.dtors)
 *(.rela.dtors)
 *(.rel.got)
 *(.rela.got)
 *(.rel.sdata .rel.sdata.* .rel.gnu.linkonce.s.*)
 *(.rela.sdata .rela.sdata.* .rela.gnu.linkonce.s.*)
 *(.rel.sbss .rel.sbss.* .rel.gnu.linkonce.sb.*)
 *(.rela.sbss .rela.sbss.* .rela.gnu.linkonce.sb.*)
 *(.rel.sdata2 .rel.sdata2.* .rel.gnu.linkonce.s2.*)
 *(.rela.sdata2 .rela.sdata2.* .rela.gnu.linkonce.s2.*)
 *(.rel.sbss2 .rel.sbss2.* .rel.gnu.linkonce.sb2.*)
 *(.rela.sbss2 .rela.sbss2.* .rela.gnu.linkonce.sb2.*)
 *(.rel.bss .rel.bss.* .rel.gnu.linkonce.b.*)
 *(.rela.bss .rela.bss.* .rela.gnu.linkonce.b.*)
 *(.rel.plt)
 *(.rela.plt)
 *(.rel.dyn)
 *(.init)
 *(.plt)
 *(.text .stub .text.* .gnu.linkonce.t.*)
 .text          0x00000000080001bc       0x3c ../CPEN391project_bsp//obj/HAL/src/crt0.o
                0x00000000080001bc                _start
 .text          0x00000000080001f8     0x1e54 obj/default/hello_world.o
                0x00000000080001f8                OutGraphicsCharFont1
                0x00000000080003a4                OutGraphicsCharFont2a
                0x0000000008000534                initRS232Touch
                0x0000000008000570                getCharRS232Touch
                0x00000000080005b4                putCharRS232Touch
                0x0000000008000600                initTouchScreen
                0x0000000008000664                screenTouched
                0x00000000080006b4                waitForTouch
                0x00000000080006e4                screenReleased
                0x000000000800073c                waitForRelease
                0x000000000800076c                check_bounds
                0x00000000080007b8                getPoint
                0x0000000008000914                getTime
                0x0000000008000948                getPressTime
                0x00000000080009fc                getPress
                0x0000000008000a40                getRelease
                0x0000000008000a84                Init_RS232WIFI
                0x0000000008000ac0                putcharRS232WIFI
                0x0000000008000b10                getcharRS232WIFI
                0x0000000008000b58                RS232TestForReceivedDataWIFI
                0x0000000008000b88                putString
                0x0000000008000c10                message
                0x0000000008000c54                initRS232GPS
                0x0000000008000c90                getCharRS232GPS
                0x0000000008000cd4                putCharRS232GPS
                0x0000000008000d20                getGPSdata
                0x0000000008000f70                concat
                0x0000000008001020                WriteAPixel
                0x000000000800109c                ReadAPixel
                0x000000000800112c                ProgramPalette
                0x00000000080011a8                DrawHline
                0x0000000008001248                DrawHlineWeighted
                0x00000000080012bc                DrawVline
                0x000000000800135c                DrawVlineWeighted
                0x00000000080013d0                Drawline
                0x0000000008001470                DrawSolidRectangle
                0x00000000080014fc                DrawRectangle
                0x00000000080015a0                waitFor
                0x00000000080015f8                clearScreen
                0x0000000008001634                write
                0x00000000080016e0                drawBox1
                0x00000000080019c4                drawBox2
                0x0000000008001df4                touchBox
                0x0000000008001e6c                getGPSmessage
                0x0000000008001ebc                getLostmessage
                0x0000000008001f0c                main
 .text          0x000000000800204c      0x89c c:/altera/15.0/_/nios2eds/bin/gnu/h-x86_64-mingw32/bin/../lib/gcc/nios2-elf/4.9.1\libgcc.a(adddf3.o)
                0x000000000800204c                __adddf3
 .text          0x00000000080028e8      0x8cc c:/altera/15.0/_/nios2eds/bin/gnu/h-x86_64-mingw32/bin/../lib/gcc/nios2-elf/4.9.1\libgcc.a(divdf3.o)
                0x00000000080028e8                __divdf3
 .text          0x00000000080031b4      0x724 c:/altera/15.0/_/nios2eds/bin/gnu/h-x86_64-mingw32/bin/../lib/gcc/nios2-elf/4.9.1\libgcc.a(muldf3.o)
                0x00000000080031b4                __muldf3
 .text          0x00000000080038d8       0x88 c:/altera/15.0/_/nios2eds/bin/gnu/h-x86_64-mingw32/bin/../lib/gcc/nios2-elf/4.9.1\libgcc.a(fixdfsi.o)
                0x00000000080038d8                __fixdfsi
 .text          0x0000000008003960       0xd0 c:/altera/15.0/_/nios2eds/bin/gnu/h-x86_64-mingw32/bin/../lib/gcc/nios2-elf/4.9.1\libgcc.a(floatsidf.o)
                0x0000000008003960                __floatsidf
 .text          0x0000000008003a30       0x64 c:/altera/15.0/_/nios2eds/bin/gnu/h-x86_64-mingw32/bin/../lib/gcc/nios2-elf/4.9.1\libgcc.a(_clzsi2.o)
                0x0000000008003a30                __clzsi2
 .text          0x0000000008003a94      0x12c c:/altera/15.0/_/nios2eds/bin/gnu/h-x86_64-mingw32/bin/../lib/gcc/nios2-elf/4.9.1\libgcc.a(lib2-divmod.o)
                0x0000000008003b00                __divsi3
                0x0000000008003b54                __modsi3
                0x0000000008003bb0                __udivsi3
                0x0000000008003bb8                __umodsi3
 .text          0x0000000008003bc0        0x0 c:/altera/15.0/_/nios2eds/bin/gnu/h-x86_64-mingw32/bin/../lib/gcc/nios2-elf/4.9.1\libgcc.a(_clz.o)
 .text          0x0000000008003bc0        0x8 c:/altera/15.0/_/nios2eds/bin/gnu/h-x86_64-mingw32/bin/../lib/gcc/nios2-elf/4.9.1/../../../../../H-x86_64-mingw32/nios2-elf/lib\libc.a(lib_a-atof.o)
                0x0000000008003bc0                atof
 .text          0x0000000008003bc8       0x28 c:/altera/15.0/_/nios2eds/bin/gnu/h-x86_64-mingw32/bin/../lib/gcc/nios2-elf/4.9.1/../../../../../H-x86_64-mingw32/nios2-elf/lib\libc.a(lib_a-malloc.o)
                0x0000000008003bc8                malloc
                0x0000000008003bdc                free
 .text          0x0000000008003bf0      0x7a8 c:/altera/15.0/_/nios2eds/bin/gnu/h-x86_64-mingw32/bin/../lib/gcc/nios2-elf/4.9.1/../../../../../H-x86_64-mingw32/nios2-elf/lib\libc.a(lib_a-mallocr.o)
                0x0000000008003bf0                _malloc_r
 .text          0x0000000008004398       0x68 c:/altera/15.0/_/nios2eds/bin/gnu/h-x86_64-mingw32/bin/../lib/gcc/nios2-elf/4.9.1/../../../../../H-x86_64-mingw32/nios2-elf/lib\libc.a(lib_a-printf.o)
                0x0000000008004398                _printf_r
                0x00000000080043c4                printf
 .text          0x0000000008004400       0x20 c:/altera/15.0/_/nios2eds/bin/gnu/h-x86_64-mingw32/bin/../lib/gcc/nios2-elf/4.9.1/../../../../../H-x86_64-mingw32/nios2-elf/lib\libc.a(lib_a-putchar.o)
                0x0000000008004400                _putchar_r
                0x0000000008004408                putchar
 .text          0x0000000008004420       0x54 c:/altera/15.0/_/nios2eds/bin/gnu/h-x86_64-mingw32/bin/../lib/gcc/nios2-elf/4.9.1/../../../../../H-x86_64-mingw32/nios2-elf/lib\libc.a(lib_a-sbrkr.o)
                0x0000000008004420                _sbrk_r
 .text          0x0000000008004474       0xc4 c:/altera/15.0/_/nios2eds/bin/gnu/h-x86_64-mingw32/bin/../lib/gcc/nios2-elf/4.9.1/../../../../../H-x86_64-mingw32/nios2-elf/lib\libc.a(lib_a-sprintf.o)
                0x0000000008004474                _sprintf_r
                0x00000000080044cc                sprintf
 .text          0x0000000008004538       0x88 c:/altera/15.0/_/nios2eds/bin/gnu/h-x86_64-mingw32/bin/../lib/gcc/nios2-elf/4.9.1/../../../../../H-x86_64-mingw32/nios2-elf/lib\libc.a(lib_a-strcat.o)
                0x0000000008004538                strcat
 .text          0x00000000080045c0       0xa4 c:/altera/15.0/_/nios2eds/bin/gnu/h-x86_64-mingw32/bin/../lib/gcc/nios2-elf/4.9.1/../../../../../H-x86_64-mingw32/nios2-elf/lib\libc.a(lib_a-strcmp.o)
                0x00000000080045c0                strcmp
 .text          0x0000000008004664       0x90 c:/altera/15.0/_/nios2eds/bin/gnu/h-x86_64-mingw32/bin/../lib/gcc/nios2-elf/4.9.1/../../../../../H-x86_64-mingw32/nios2-elf/lib\libc.a(lib_a-strcpy.o)
                0x0000000008004664                strcpy
 .text          0x00000000080046f4       0x98 c:/altera/15.0/_/nios2eds/bin/gnu/h-x86_64-mingw32/bin/../lib/gcc/nios2-elf/4.9.1/../../../../../H-x86_64-mingw32/nios2-elf/lib\libc.a(lib_a-strlen.o)
                0x00000000080046f4                strlen
 .text          0x000000000800478c     0x1660 c:/altera/15.0/_/nios2eds/bin/gnu/h-x86_64-mingw32/bin/../lib/gcc/nios2-elf/4.9.1/../../../../../H-x86_64-mingw32/nios2-elf/lib\libc.a(lib_a-strtod.o)
                0x000000000800478c                _strtod_r
                0x0000000008005ccc                strtod
                0x0000000008005ce8                strtof
 .text          0x0000000008005dec       0x18 c:/altera/15.0/_/nios2eds/bin/gnu/h-x86_64-mingw32/bin/../lib/gcc/nios2-elf/4.9.1/../../../../../H-x86_64-mingw32/nios2-elf/lib\libc.a(lib_a-strtok.o)
                0x0000000008005dec                strtok
 .text          0x0000000008005e04       0xa0 c:/altera/15.0/_/nios2eds/bin/gnu/h-x86_64-mingw32/bin/../lib/gcc/nios2-elf/4.9.1/../../../../../H-x86_64-mingw32/nios2-elf/lib\libc.a(lib_a-strtok_r.o)
                0x0000000008005e04                __strtok_r
                0x0000000008005e9c                strtok_r
 .text          0x0000000008005ea4     0x1f90 c:/altera/15.0/_/nios2eds/bin/gnu/h-x86_64-mingw32/bin/../lib/gcc/nios2-elf/4.9.1/../../../../../H-x86_64-mingw32/nios2-elf/lib\libc.a(lib_a-svfprintf.o)
                0x0000000008005ea4                ___svfprintf_internal_r
 .text          0x0000000008007e34       0x50 c:/altera/15.0/_/nios2eds/bin/gnu/h-x86_64-mingw32/bin/../lib/gcc/nios2-elf/4.9.1/../../../../../H-x86_64-mingw32/nios2-elf/lib\libc.a(lib_a-time.o)
                0x0000000008007e34                time
 .text          0x0000000008007e84     0x2020 c:/altera/15.0/_/nios2eds/bin/gnu/h-x86_64-mingw32/bin/../lib/gcc/nios2-elf/4.9.1/../../../../../H-x86_64-mingw32/nios2-elf/lib\libc.a(lib_a-vfprintf.o)
                0x0000000008007e84                ___vfprintf_internal_r
                0x0000000008009e80                __vfprintf_internal
 .text          0x0000000008009ea4      0x130 c:/altera/15.0/_/nios2eds/bin/gnu/h-x86_64-mingw32/bin/../lib/gcc/nios2-elf/4.9.1/../../../../../H-x86_64-mingw32/nios2-elf/lib\libc.a(lib_a-wsetup.o)
                0x0000000008009ea4                __swsetup_r
 .text          0x0000000008009fd4     0x1928 c:/altera/15.0/_/nios2eds/bin/gnu/h-x86_64-mingw32/bin/../lib/gcc/nios2-elf/4.9.1/../../../../../H-x86_64-mingw32/nios2-elf/lib\libc.a(lib_a-dtoa.o)
                0x000000000800a1d4                _dtoa_r
 .text          0x000000000800b8fc      0x258 c:/altera/15.0/_/nios2eds/bin/gnu/h-x86_64-mingw32/bin/../lib/gcc/nios2-elf/4.9.1/../../../../../H-x86_64-mingw32/nios2-elf/lib\libc.a(lib_a-fflush.o)
                0x000000000800b8fc                _fflush_r
                0x000000000800bb24                fflush
 .text          0x000000000800bb54      0x3a0 c:/altera/15.0/_/nios2eds/bin/gnu/h-x86_64-mingw32/bin/../lib/gcc/nios2-elf/4.9.1/../../../../../H-x86_64-mingw32/nios2-elf/lib\libc.a(lib_a-findfp.o)
                0x000000000800bb64                _cleanup_r
                0x000000000800bd10                __sfmoreglue
                0x000000000800bd74                __sfp
                0x000000000800be8c                _cleanup
                0x000000000800bea4                __sinit
                0x000000000800beb4                __sfp_lock_acquire
                0x000000000800beb8                __sfp_lock_release
                0x000000000800bebc                __sinit_lock_acquire
                0x000000000800bec0                __sinit_lock_release
                0x000000000800bec4                __fp_lock_all
                0x000000000800bedc                __fp_unlock_all
 .text          0x000000000800bef4      0x414 c:/altera/15.0/_/nios2eds/bin/gnu/h-x86_64-mingw32/bin/../lib/gcc/nios2-elf/4.9.1/../../../../../H-x86_64-mingw32/nios2-elf/lib\libc.a(lib_a-freer.o)
                0x000000000800bef4                _malloc_trim_r
                0x000000000800c018                _free_r
 .text          0x000000000800c308      0x170 c:/altera/15.0/_/nios2eds/bin/gnu/h-x86_64-mingw32/bin/../lib/gcc/nios2-elf/4.9.1/../../../../../H-x86_64-mingw32/nios2-elf/lib\libc.a(lib_a-fwalk.o)
                0x000000000800c308                _fwalk
                0x000000000800c3c0                _fwalk_reent
 .text          0x000000000800c478      0x9a0 c:/altera/15.0/_/nios2eds/bin/gnu/h-x86_64-mingw32/bin/../lib/gcc/nios2-elf/4.9.1/../../../../../H-x86_64-mingw32/nios2-elf/lib\libc.a(lib_a-gdtoa-gethex.o)
                0x000000000800c578                __hexdig_init
                0x000000000800c5fc                __gethex
 .text          0x000000000800ce18      0x294 c:/altera/15.0/_/nios2eds/bin/gnu/h-x86_64-mingw32/bin/../lib/gcc/nios2-elf/4.9.1/../../../../../H-x86_64-mingw32/nios2-elf/lib\libc.a(lib_a-gdtoa-hexnan.o)
                0x000000000800ce18                __hexnan
 .text          0x000000000800d0ac       0x58 c:/altera/15.0/_/nios2eds/bin/gnu/h-x86_64-mingw32/bin/../lib/gcc/nios2-elf/4.9.1/../../../../../H-x86_64-mingw32/nios2-elf/lib\libc.a(lib_a-gettimeofdayr.o)
                0x000000000800d0ac                _gettimeofday_r
 .text          0x000000000800d104        0x0 c:/altera/15.0/_/nios2eds/bin/gnu/h-x86_64-mingw32/bin/../lib/gcc/nios2-elf/4.9.1/../../../../../H-x86_64-mingw32/nios2-elf/lib\libc.a(lib_a-impure.o)
 .text          0x000000000800d104        0x0 c:/altera/15.0/_/nios2eds/bin/gnu/h-x86_64-mingw32/bin/../lib/gcc/nios2-elf/4.9.1/../../../../../H-x86_64-mingw32/nios2-elf/lib\libc.a(lib_a-int_errno.o)
 .text          0x000000000800d104       0xe0 c:/altera/15.0/_/nios2eds/bin/gnu/h-x86_64-mingw32/bin/../lib/gcc/nios2-elf/4.9.1/../../../../../H-x86_64-mingw32/nios2-elf/lib\libc.a(lib_a-locale.o)
                0x000000000800d104                _setlocale_r
                0x000000000800d180                __locale_charset
                0x000000000800d18c                __locale_mb_cur_max
                0x000000000800d19c                __locale_msgcharset
                0x000000000800d1a8                __locale_cjk_lang
                0x000000000800d1b0                _localeconv_r
                0x000000000800d1bc                setlocale
                0x000000000800d1d8                localeconv
 .text          0x000000000800d1e4      0x1b8 c:/altera/15.0/_/nios2eds/bin/gnu/h-x86_64-mingw32/bin/../lib/gcc/nios2-elf/4.9.1/../../../../../H-x86_64-mingw32/nios2-elf/lib\libc.a(lib_a-makebuf.o)
                0x000000000800d1e4                __smakebuf_r
 .text          0x000000000800d39c       0xe8 c:/altera/15.0/_/nios2eds/bin/gnu/h-x86_64-mingw32/bin/../lib/gcc/nios2-elf/4.9.1/../../../../../H-x86_64-mingw32/nios2-elf/lib\libc.a(lib_a-memchr.o)
                0x000000000800d39c                memchr
 .text          0x000000000800d484      0x138 c:/altera/15.0/_/nios2eds/bin/gnu/h-x86_64-mingw32/bin/../lib/gcc/nios2-elf/4.9.1/../../../../../H-x86_64-mingw32/nios2-elf/lib\libc.a(lib_a-memcpy.o)
                0x000000000800d484                memcpy
 .text          0x000000000800d5bc      0x124 c:/altera/15.0/_/nios2eds/bin/gnu/h-x86_64-mingw32/bin/../lib/gcc/nios2-elf/4.9.1/../../../../../H-x86_64-mingw32/nios2-elf/lib\libc.a(lib_a-memset.o)
                0x000000000800d5bc                memset
 .text          0x000000000800d6e0      0xf8c c:/altera/15.0/_/nios2eds/bin/gnu/h-x86_64-mingw32/bin/../lib/gcc/nios2-elf/4.9.1/../../../../../H-x86_64-mingw32/nios2-elf/lib\libc.a(lib_a-mprec.o)
                0x000000000800d6e0                _Balloc
                0x000000000800d788                _Bfree
                0x000000000800d7b0                __multadd
                0x000000000800d8c4                __s2b
                0x000000000800d9c8                __hi0bits
                0x000000000800da30                __lo0bits
                0x000000000800dae0                __i2b
                0x000000000800db1c                __multiply
                0x000000000800dd18                __pow5mult
                0x000000000800de58                __lshift
                0x000000000800dfa0                __mcmp
                0x000000000800e000                __mdiff
                0x000000000800e198                __ulp
                0x000000000800e1f8                __b2d
                0x000000000800e314                __d2b
                0x000000000800e450                __ratio
                0x000000000800e4f4                _mprec_log10
                0x000000000800e568                __copybits
                0x000000000800e5e0                __any_on
 .text          0x000000000800e66c      0x168 c:/altera/15.0/_/nios2eds/bin/gnu/h-x86_64-mingw32/bin/../lib/gcc/nios2-elf/4.9.1/../../../../../H-x86_64-mingw32/nios2-elf/lib\libc.a(lib_a-putc.o)
                0x000000000800e66c                _putc_r
                0x000000000800e70c                putc
 .text          0x000000000800e7d4       0x74 c:/altera/15.0/_/nios2eds/bin/gnu/h-x86_64-mingw32/bin/../lib/gcc/nios2-elf/4.9.1/../../../../../H-x86_64-mingw32/nios2-elf/lib\libc.a(lib_a-s_fpclassify.o)
                0x000000000800e7d4                __fpclassifyd
 .text          0x000000000800e848      0x13c c:/altera/15.0/_/nios2eds/bin/gnu/h-x86_64-mingw32/bin/../lib/gcc/nios2-elf/4.9.1/../../../../../H-x86_64-mingw32/nios2-elf/lib\libc.a(lib_a-stdio.o)
                0x000000000800e848                __sread
                0x000000000800e89c                __seofread
                0x000000000800e8a4                __swrite
                0x000000000800e920                __sseek
                0x000000000800e97c                __sclose
 .text          0x000000000800e984       0xc0 c:/altera/15.0/_/nios2eds/bin/gnu/h-x86_64-mingw32/bin/../lib/gcc/nios2-elf/4.9.1/../../../../../H-x86_64-mingw32/nios2-elf/lib\libc.a(lib_a-strncmp.o)
                0x000000000800e984                strncmp
 .text          0x000000000800ea44     0x1230 c:/altera/15.0/_/nios2eds/bin/gnu/h-x86_64-mingw32/bin/../lib/gcc/nios2-elf/4.9.1/../../../../../H-x86_64-mingw32/nios2-elf/lib\libc.a(lib_a-svfiprintf.o)
                0x000000000800ea44                __ssprint_r
                0x000000000800ec0c                ___svfiprintf_internal_r
 .text          0x000000000800fc74     0x1494 c:/altera/15.0/_/nios2eds/bin/gnu/h-x86_64-mingw32/bin/../lib/gcc/nios2-elf/4.9.1/../../../../../H-x86_64-mingw32/nios2-elf/lib\libc.a(lib_a-vfiprintf.o)
                0x000000000800fd70                __sprint_r
                0x000000000800fd88                ___vfiprintf_internal_r
                0x00000000080110e4                __vfiprintf_internal
 .text          0x0000000008011108      0x170 c:/altera/15.0/_/nios2eds/bin/gnu/h-x86_64-mingw32/bin/../lib/gcc/nios2-elf/4.9.1/../../../../../H-x86_64-mingw32/nios2-elf/lib\libc.a(lib_a-wbuf.o)
                0x0000000008011108                __swbuf_r
                0x000000000801125c                __swbuf
 .text          0x0000000008011278       0x5c c:/altera/15.0/_/nios2eds/bin/gnu/h-x86_64-mingw32/bin/../lib/gcc/nios2-elf/4.9.1/../../../../../H-x86_64-mingw32/nios2-elf/lib\libc.a(lib_a-writer.o)
                0x0000000008011278                _write_r
 .text          0x00000000080112d4       0x54 c:/altera/15.0/_/nios2eds/bin/gnu/h-x86_64-mingw32/bin/../lib/gcc/nios2-elf/4.9.1/../../../../../H-x86_64-mingw32/nios2-elf/lib\libc.a(closer.o)
                0x00000000080112d4                _close_r
 .text          0x0000000008011328       0xc4 c:/altera/15.0/_/nios2eds/bin/gnu/h-x86_64-mingw32/bin/../lib/gcc/nios2-elf/4.9.1/../../../../../H-x86_64-mingw32/nios2-elf/lib\libc.a(lib_a-callocr.o)
                0x0000000008011328                _calloc_r
 .text          0x00000000080113ec      0x114 c:/altera/15.0/_/nios2eds/bin/gnu/h-x86_64-mingw32/bin/../lib/gcc/nios2-elf/4.9.1/../../../../../H-x86_64-mingw32/nios2-elf/lib\libc.a(lib_a-fclose.o)
                0x00000000080113ec                _fclose_r
                0x00000000080114ec                fclose
 .text          0x0000000008011500      0x1dc c:/altera/15.0/_/nios2eds/bin/gnu/h-x86_64-mingw32/bin/../lib/gcc/nios2-elf/4.9.1/../../../../../H-x86_64-mingw32/nios2-elf/lib\libc.a(lib_a-fputwc.o)
                0x0000000008011500                _fputwc_r
                0x0000000008011684                fputwc
 .text          0x00000000080116dc       0x58 c:/altera/15.0/_/nios2eds/bin/gnu/h-x86_64-mingw32/bin/../lib/gcc/nios2-elf/4.9.1/../../../../../H-x86_64-mingw32/nios2-elf/lib\libc.a(lib_a-fstatr.o)
                0x00000000080116dc                _fstat_r
 .text          0x0000000008011734      0x4a4 c:/altera/15.0/_/nios2eds/bin/gnu/h-x86_64-mingw32/bin/../lib/gcc/nios2-elf/4.9.1/../../../../../H-x86_64-mingw32/nios2-elf/lib\libc.a(lib_a-fvwrite.o)
                0x0000000008011734                __sfvwrite_r
 .text          0x0000000008011bd8       0x54 c:/altera/15.0/_/nios2eds/bin/gnu/h-x86_64-mingw32/bin/../lib/gcc/nios2-elf/4.9.1/../../../../../H-x86_64-mingw32/nios2-elf/lib\libc.a(lib_a-isattyr.o)
                0x0000000008011bd8                _isatty_r
 .text          0x0000000008011c2c       0x5c c:/altera/15.0/_/nios2eds/bin/gnu/h-x86_64-mingw32/bin/../lib/gcc/nios2-elf/4.9.1/../../../../../H-x86_64-mingw32/nios2-elf/lib\libc.a(lib_a-lseekr.o)
                0x0000000008011c2c                _lseek_r
 .text          0x0000000008011c88      0x15c c:/altera/15.0/_/nios2eds/bin/gnu/h-x86_64-mingw32/bin/../lib/gcc/nios2-elf/4.9.1/../../../../../H-x86_64-mingw32/nios2-elf/lib\libc.a(lib_a-memmove.o)
                0x0000000008011c88                memmove
 .text          0x0000000008011de4       0x5c c:/altera/15.0/_/nios2eds/bin/gnu/h-x86_64-mingw32/bin/../lib/gcc/nios2-elf/4.9.1/../../../../../H-x86_64-mingw32/nios2-elf/lib\libc.a(lib_a-readr.o)
                0x0000000008011de4                _read_r
 .text          0x0000000008011e40      0x5a0 c:/altera/15.0/_/nios2eds/bin/gnu/h-x86_64-mingw32/bin/../lib/gcc/nios2-elf/4.9.1/../../../../../H-x86_64-mingw32/nios2-elf/lib\libc.a(lib_a-reallocr.o)
                0x0000000008011e40                _realloc_r
 .text          0x00000000080123e0      0x174 c:/altera/15.0/_/nios2eds/bin/gnu/h-x86_64-mingw32/bin/../lib/gcc/nios2-elf/4.9.1/../../../../../H-x86_64-mingw32/nios2-elf/lib\libc.a(lib_a-wcrtomb.o)
                0x00000000080123e0                _wcrtomb_r
                0x000000000801247c                wcrtomb
 .text          0x0000000008012554       0x8c c:/altera/15.0/_/nios2eds/bin/gnu/h-x86_64-mingw32/bin/../lib/gcc/nios2-elf/4.9.1/../../../../../H-x86_64-mingw32/nios2-elf/lib\libc.a(lib_a-wctomb_r.o)
                0x0000000008012554                __ascii_wctomb
                0x0000000008012584                _wctomb_r
 .text          0x00000000080125e0       0x74 c:/altera/15.0/_/nios2eds/bin/gnu/h-x86_64-mingw32/bin/../lib/gcc/nios2-elf/4.9.1\libgcc.a(_fixunsdfsi.o)
                0x00000000080125e0                __fixunsdfsi
 .text          0x0000000008012654      0x5c0 c:/altera/15.0/_/nios2eds/bin/gnu/h-x86_64-mingw32/bin/../lib/gcc/nios2-elf/4.9.1\libgcc.a(_udivdi3.o)
                0x0000000008012654                __udivdi3
 .text          0x0000000008012c14      0x590 c:/altera/15.0/_/nios2eds/bin/gnu/h-x86_64-mingw32/bin/../lib/gcc/nios2-elf/4.9.1\libgcc.a(_umoddi3.o)
                0x0000000008012c14                __umoddi3
 .text          0x00000000080131a4       0x74 c:/altera/15.0/_/nios2eds/bin/gnu/h-x86_64-mingw32/bin/../lib/gcc/nios2-elf/4.9.1\libgcc.a(eqsf2.o)
                0x00000000080131a4                __eqsf2
                0x00000000080131a4                __nesf2
 .text          0x0000000008013218       0xb8 c:/altera/15.0/_/nios2eds/bin/gnu/h-x86_64-mingw32/bin/../lib/gcc/nios2-elf/4.9.1\libgcc.a(gesf2.o)
                0x0000000008013218                __gesf2
                0x0000000008013218                __gtsf2
 .text          0x00000000080132d0       0xb8 c:/altera/15.0/_/nios2eds/bin/gnu/h-x86_64-mingw32/bin/../lib/gcc/nios2-elf/4.9.1\libgcc.a(lesf2.o)
                0x00000000080132d0                __ltsf2
                0x00000000080132d0                __lesf2
 .text          0x0000000008013388       0x84 c:/altera/15.0/_/nios2eds/bin/gnu/h-x86_64-mingw32/bin/../lib/gcc/nios2-elf/4.9.1\libgcc.a(eqdf2.o)
                0x0000000008013388                __nedf2
                0x0000000008013388                __eqdf2
 .text          0x000000000801340c       0xe0 c:/altera/15.0/_/nios2eds/bin/gnu/h-x86_64-mingw32/bin/../lib/gcc/nios2-elf/4.9.1\libgcc.a(gedf2.o)
                0x000000000801340c                __gedf2
                0x000000000801340c                __gtdf2
 .text          0x00000000080134ec       0xe0 c:/altera/15.0/_/nios2eds/bin/gnu/h-x86_64-mingw32/bin/../lib/gcc/nios2-elf/4.9.1\libgcc.a(ledf2.o)
                0x00000000080134ec                __ledf2
                0x00000000080134ec                __ltdf2
 .text          0x00000000080135cc      0x8d0 c:/altera/15.0/_/nios2eds/bin/gnu/h-x86_64-mingw32/bin/../lib/gcc/nios2-elf/4.9.1\libgcc.a(subdf3.o)
                0x00000000080135cc                __subdf3
 .text          0x0000000008013e9c       0xa4 c:/altera/15.0/_/nios2eds/bin/gnu/h-x86_64-mingw32/bin/../lib/gcc/nios2-elf/4.9.1\libgcc.a(floatunsidf.o)
                0x0000000008013e9c                __floatunsidf
 .text          0x0000000008013f40      0x198 c:/altera/15.0/_/nios2eds/bin/gnu/h-x86_64-mingw32/bin/../lib/gcc/nios2-elf/4.9.1\libgcc.a(truncdfsf2.o)
                0x0000000008013f40                __truncdfsf2
 .text          0x00000000080140d8      0x120 ../CPEN391project_bsp/\libhal_bsp.a(alt_close.o)
                0x0000000008014128                close
 .text          0x00000000080141f8       0x2c ../CPEN391project_bsp/\libhal_bsp.a(alt_dev.o)
 .text          0x0000000008014224        0x0 ../CPEN391project_bsp/\libhal_bsp.a(alt_errno.o)
 .text          0x0000000008014224      0x100 ../CPEN391project_bsp/\libhal_bsp.a(alt_fstat.o)
                0x0000000008014274                fstat
 .text          0x0000000008014324      0x1f4 ../CPEN391project_bsp/\libhal_bsp.a(alt_gettod.o)
                0x0000000008014324                gettimeofday
 .text          0x0000000008014518       0xf4 ../CPEN391project_bsp/\libhal_bsp.a(alt_isatty.o)
                0x0000000008014568                isatty
 .text          0x000000000801460c       0xe4 ../CPEN391project_bsp/\libhal_bsp.a(alt_load.o)
                0x0000000008014670                alt_load
 .text          0x00000000080146f0      0x124 ../CPEN391project_bsp/\libhal_bsp.a(alt_lseek.o)
                0x0000000008014740                lseek
 .text          0x0000000008014814       0x78 ../CPEN391project_bsp/\libhal_bsp.a(alt_main.o)
                0x0000000008014814                alt_main
 .text          0x000000000801488c       0x40 ../CPEN391project_bsp/\libhal_bsp.a(alt_malloc_lock.o)
                0x000000000801488c                __malloc_lock
                0x00000000080148ac                __malloc_unlock
 .text          0x00000000080148cc      0x14c ../CPEN391project_bsp/\libhal_bsp.a(alt_read.o)
                0x000000000801491c                read
 .text          0x0000000008014a18       0x60 ../CPEN391project_bsp/\libhal_bsp.a(alt_release_fd.o)
                0x0000000008014a18                alt_release_fd
 .text          0x0000000008014a78       0xb0 ../CPEN391project_bsp/\libhal_bsp.a(alt_sbrk.o)
                0x0000000008014a78                sbrk
 .text          0x0000000008014b28      0x19c ../CPEN391project_bsp/\libhal_bsp.a(alt_tick.o)
                0x0000000008014b28                alt_alarm_stop
                0x0000000008014bc0                alt_tick
 .text          0x0000000008014cc4       0xdc ../CPEN391project_bsp/\libhal_bsp.a(alt_sys_init.o)
                0x0000000008014cfc                alt_irq_init
                0x0000000008014d30                alt_sys_init
 .text          0x0000000008014da0      0x164 ../CPEN391project_bsp/\libhal_bsp.a(altera_avalon_jtag_uart_fd.o)
                0x0000000008014da0                altera_avalon_jtag_uart_read_fd
                0x0000000008014e00                altera_avalon_jtag_uart_write_fd
                0x0000000008014e60                altera_avalon_jtag_uart_close_fd
                0x0000000008014eb0                altera_avalon_jtag_uart_ioctl_fd
 .text          0x0000000008014f04      0x3d8 ../CPEN391project_bsp/\libhal_bsp.a(altera_avalon_jtag_uart_init.o)
                0x0000000008014f04                altera_avalon_jtag_uart_init
                0x0000000008015274                altera_avalon_jtag_uart_close
 .text          0x00000000080152dc       0xec ../CPEN391project_bsp/\libhal_bsp.a(altera_avalon_jtag_uart_ioctl.o)
                0x00000000080152dc                altera_avalon_jtag_uart_ioctl
 .text          0x00000000080153c8      0x20c ../CPEN391project_bsp/\libhal_bsp.a(altera_avalon_jtag_uart_read.o)
                0x00000000080153c8                altera_avalon_jtag_uart_read
 .text          0x00000000080155d4      0x218 ../CPEN391project_bsp/\libhal_bsp.a(altera_avalon_jtag_uart_write.o)
                0x00000000080155d4                altera_avalon_jtag_uart_write
 .text          0x00000000080157ec       0xfc ../CPEN391project_bsp/\libhal_bsp.a(altera_avalon_timer_sc.o)
                0x0000000008015860                alt_avalon_timer_sc_init
 .text          0x00000000080158e8      0x4d8 ../CPEN391project_bsp/\libhal_bsp.a(altera_up_avalon_character_lcd.o)
                0x00000000080158e8                get_DDRAM_addr
                0x000000000801595c                alt_up_character_lcd_send_cmd
                0x0000000008015998                alt_up_character_lcd_init
                0x00000000080159cc                alt_up_character_lcd_open_dev
                0x0000000008015a0c                alt_up_character_lcd_write
                0x0000000008015a84                alt_up_character_lcd_string
                0x0000000008015af8                alt_up_character_lcd_write_fd
                0x0000000008015b48                alt_up_character_lcd_set_cursor_pos
                0x0000000008015bbc                alt_up_character_lcd_shift_cursor
                0x0000000008015c44                alt_up_character_lcd_shift_display
                0x0000000008015ccc                alt_up_character_lcd_erase_pos
                0x0000000008015d58                alt_up_character_lcd_cursor_off
                0x0000000008015d8c                alt_up_character_lcd_cursor_blink_on
 .text          0x0000000008015dc0      0x140 ../CPEN391project_bsp/\libhal_bsp.a(alt_alarm_start.o)
                0x0000000008015dc0                alt_alarm_start
 .text          0x0000000008015f00       0x1c ../CPEN391project_bsp/\libhal_bsp.a(alt_dcache_flush_all.o)
                0x0000000008015f00                alt_dcache_flush_all
 .text          0x0000000008015f1c       0xf4 ../CPEN391project_bsp/\libhal_bsp.a(alt_dev_llist_insert.o)
                0x0000000008015f6c                alt_dev_llist_insert
 .text          0x0000000008016010       0x5c ../CPEN391project_bsp/\libhal_bsp.a(alt_do_ctors.o)
                0x0000000008016010                _do_ctors
 .text          0x000000000801606c       0x5c ../CPEN391project_bsp/\libhal_bsp.a(alt_do_dtors.o)
                0x000000000801606c                _do_dtors
 .text          0x00000000080160c8       0x90 ../CPEN391project_bsp/\libhal_bsp.a(alt_find_dev.o)
                0x00000000080160c8                alt_find_dev
 .text          0x0000000008016158       0x30 ../CPEN391project_bsp/\libhal_bsp.a(alt_icache_flush_all.o)
                0x0000000008016158                alt_icache_flush_all
 .text          0x0000000008016188      0x1e0 ../CPEN391project_bsp/\libhal_bsp.a(alt_iic.o)
                0x0000000008016188                alt_ic_isr_register
                0x00000000080161d8                alt_ic_irq_enable
                0x0000000008016278                alt_ic_irq_disable
                0x000000000801631c                alt_ic_irq_enabled
 .text          0x0000000008016368       0xf0 ../CPEN391project_bsp/\libhal_bsp.a(alt_iic_isr_register.o)
                0x0000000008016368                alt_iic_isr_register
 .text          0x0000000008016458      0x138 ../CPEN391project_bsp/\libhal_bsp.a(alt_io_redirect.o)
                0x0000000008016518                alt_io_redirect
 .text          0x0000000008016590        0x0 ../CPEN391project_bsp/\libhal_bsp.a(alt_irq_entry.o)
 .text          0x0000000008016590        0x0 ../CPEN391project_bsp/\libhal_bsp.a(alt_irq_handler.o)
 .text          0x0000000008016590        0x0 ../CPEN391project_bsp/\libhal_bsp.a(alt_irq_vars.o)
 .text          0x0000000008016590      0x274 ../CPEN391project_bsp/\libhal_bsp.a(alt_open.o)
                0x00000000080166ac                open
 .text          0x0000000008016804       0x20 ../CPEN391project_bsp/\libhal_bsp.a(altera_nios2_qsys_irq.o)
                0x0000000008016804                altera_nios2_qsys_irq_init
 .text          0x0000000008016824        0x0 ../CPEN391project_bsp/\libhal_bsp.a(alt_exception_entry.o)
 .text          0x0000000008016824      0x114 ../CPEN391project_bsp/\libhal_bsp.a(alt_find_file.o)
                0x0000000008016824                alt_find_file
 .text          0x0000000008016938       0xb4 ../CPEN391project_bsp/\libhal_bsp.a(alt_get_fd.o)
                0x0000000008016938                alt_get_fd
 .text          0x00000000080169ec       0x8c ../CPEN391project_bsp/\libhal_bsp.a(alt_icache_flush.o)
                0x00000000080169ec                alt_icache_flush
 .text          0x0000000008016a78       0x14 c:/altera/15.0/_/nios2eds/bin/gnu/h-x86_64-mingw32/bin/../lib/gcc/nios2-elf/4.9.1/../../../../../H-x86_64-mingw32/nios2-elf/lib\libc.a(lib_a-atexit.o)
                0x0000000008016a78                atexit
 .text          0x0000000008016a8c       0x38 c:/altera/15.0/_/nios2eds/bin/gnu/h-x86_64-mingw32/bin/../lib/gcc/nios2-elf/4.9.1/../../../../../H-x86_64-mingw32/nios2-elf/lib\libc.a(lib_a-exit.o)
                0x0000000008016a8c                exit
 .text          0x0000000008016ac4       0x7c c:/altera/15.0/_/nios2eds/bin/gnu/h-x86_64-mingw32/bin/../lib/gcc/nios2-elf/4.9.1/../../../../../H-x86_64-mingw32/nios2-elf/lib\libc.a(lib_a-memcmp.o)
                0x0000000008016ac4                memcmp
 .text          0x0000000008016b40      0x114 c:/altera/15.0/_/nios2eds/bin/gnu/h-x86_64-mingw32/bin/../lib/gcc/nios2-elf/4.9.1/../../../../../H-x86_64-mingw32/nios2-elf/lib\libc.a(lib_a-__atexit.o)
                0x0000000008016b40                __register_exitproc
 .text          0x0000000008016c54      0x194 c:/altera/15.0/_/nios2eds/bin/gnu/h-x86_64-mingw32/bin/../lib/gcc/nios2-elf/4.9.1/../../../../../H-x86_64-mingw32/nios2-elf/lib\libc.a(lib_a-__call_atexit.o)
                0x0000000008016c54                __call_exitprocs
 .text          0x0000000008016de8       0x60 c:/altera/15.0/_/nios2eds/bin/gnu/h-x86_64-mingw32/bin/../lib/gcc/nios2-elf/4.9.1\libgcc.a(_muldi3.o)
                0x0000000008016de8                __muldi3
 .text          0x0000000008016e48       0x34 ../CPEN391project_bsp/\libhal_bsp.a(alt_exit.o)
                0x0000000008016e48                _exit
 *(.gnu.warning.*)
 *(.fini)
                0x0000000008016e7c                PROVIDE (__etext, ABSOLUTE (.))
                0x0000000008016e7c                PROVIDE (_etext, ABSOLUTE (.))
                0x0000000008016e7c                PROVIDE (etext, ABSOLUTE (.))
 *(.eh_frame_hdr)
                0x0000000008016e7c                . = ALIGN (0x4)
                0x0000000008016e7c                PROVIDE (__preinit_array_start, ABSOLUTE (.))
 *(.preinit_array)
                0x0000000008016e7c                PROVIDE (__preinit_array_end, ABSOLUTE (.))
                0x0000000008016e7c                PROVIDE (__init_array_start, ABSOLUTE (.))
 *(.init_array)
                0x0000000008016e7c                PROVIDE (__init_array_end, ABSOLUTE (.))
                0x0000000008016e7c                PROVIDE (__fini_array_start, ABSOLUTE (.))
 *(.fini_array)
                0x0000000008016e7c                PROVIDE (__fini_array_end, ABSOLUTE (.))
 *(.eh_frame)
 *(.gcc_except_table .gcc_except_table.*)
 *(.dynamic)
                0x0000000008016e7c                PROVIDE (__CTOR_LIST__, ABSOLUTE (.))
 *(.ctors)
 *(SORT(.ctors.*))
                0x0000000008016e7c                PROVIDE (__CTOR_END__, ABSOLUTE (.))
                0x0000000008016e7c                PROVIDE (__DTOR_LIST__, ABSOLUTE (.))
 *(.dtors)
 *(SORT(.dtors.*))
                0x0000000008016e7c                PROVIDE (__DTOR_END__, ABSOLUTE (.))
 *(.jcr)
                0x0000000008016e7c                . = ALIGN (0x4)

.rodata         0x0000000008016e7c     0xaa2c
                0x0000000008016e7c                PROVIDE (__ram_rodata_start, ABSOLUTE (.))
                0x0000000008016e7c                . = ALIGN (0x4)
 *(.rodata .rodata.* .gnu.linkonce.r.*)
 .rodata        0x0000000008016e7c     0xa684 obj/default/hello_world.o
                0x0000000008016e7c                Font5x7
                0x0000000008017116                Font10x14
                0x0000000008017b7a                Font16x27
                0x0000000008018f84                Font22x40
                0x000000000801bc0c                Font38x59
 .rodata        0x0000000008021500      0x100 c:/altera/15.0/_/nios2eds/bin/gnu/h-x86_64-mingw32/bin/../lib/gcc/nios2-elf/4.9.1\libgcc.a(_clz.o)
                0x0000000008021500                __clz_tab
 .rodata.str1.4
                0x0000000008021600        0xf c:/altera/15.0/_/nios2eds/bin/gnu/h-x86_64-mingw32/bin/../lib/gcc/nios2-elf/4.9.1/../../../../../H-x86_64-mingw32/nios2-elf/lib\libc.a(lib_a-strtod.o)
                                         0x10 (size before relaxing)
 *fill*         0x000000000802160f        0x1 
 .rodata        0x0000000008021610       0x28 c:/altera/15.0/_/nios2eds/bin/gnu/h-x86_64-mingw32/bin/../lib/gcc/nios2-elf/4.9.1/../../../../../H-x86_64-mingw32/nios2-elf/lib\libc.a(lib_a-strtod.o)
 .rodata.str1.4
                0x0000000008021638       0x42 c:/altera/15.0/_/nios2eds/bin/gnu/h-x86_64-mingw32/bin/../lib/gcc/nios2-elf/4.9.1/../../../../../H-x86_64-mingw32/nios2-elf/lib\libc.a(lib_a-svfprintf.o)
                                         0x44 (size before relaxing)
 .rodata        0x000000000802167a       0x20 c:/altera/15.0/_/nios2eds/bin/gnu/h-x86_64-mingw32/bin/../lib/gcc/nios2-elf/4.9.1/../../../../../H-x86_64-mingw32/nios2-elf/lib\libc.a(lib_a-svfprintf.o)
 .rodata.str1.4
                0x0000000000000000       0x44 c:/altera/15.0/_/nios2eds/bin/gnu/h-x86_64-mingw32/bin/../lib/gcc/nios2-elf/4.9.1/../../../../../H-x86_64-mingw32/nios2-elf/lib\libc.a(lib_a-vfprintf.o)
 .rodata        0x000000000802169a       0x20 c:/altera/15.0/_/nios2eds/bin/gnu/h-x86_64-mingw32/bin/../lib/gcc/nios2-elf/4.9.1/../../../../../H-x86_64-mingw32/nios2-elf/lib\libc.a(lib_a-vfprintf.o)
 *fill*         0x00000000080216ba        0x2 
 .rodata.str1.4
                0x00000000080216bc       0x10 c:/altera/15.0/_/nios2eds/bin/gnu/h-x86_64-mingw32/bin/../lib/gcc/nios2-elf/4.9.1/../../../../../H-x86_64-mingw32/nios2-elf/lib\libc.a(lib_a-dtoa.o)
                                         0x14 (size before relaxing)
 .rodata.str1.4
                0x00000000080216cc       0x1b c:/altera/15.0/_/nios2eds/bin/gnu/h-x86_64-mingw32/bin/../lib/gcc/nios2-elf/4.9.1/../../../../../H-x86_64-mingw32/nios2-elf/lib\libc.a(lib_a-gdtoa-gethex.o)
                                         0x1c (size before relaxing)
 *fill*         0x00000000080216e7        0x1 
 .rodata.str1.4
                0x00000000080216e8        0x2 c:/altera/15.0/_/nios2eds/bin/gnu/h-x86_64-mingw32/bin/../lib/gcc/nios2-elf/4.9.1/../../../../../H-x86_64-mingw32/nios2-elf/lib\libc.a(lib_a-impure.o)
                                          0x4 (size before relaxing)
 *fill*         0x00000000080216ea        0x2 
 .rodata.str1.4
                0x00000000080216ec        0xc c:/altera/15.0/_/nios2eds/bin/gnu/h-x86_64-mingw32/bin/../lib/gcc/nios2-elf/4.9.1/../../../../../H-x86_64-mingw32/nios2-elf/lib\libc.a(lib_a-locale.o)
                                         0x14 (size before relaxing)
 .rodata        0x00000000080216f8      0x124 c:/altera/15.0/_/nios2eds/bin/gnu/h-x86_64-mingw32/bin/../lib/gcc/nios2-elf/4.9.1/../../../../../H-x86_64-mingw32/nios2-elf/lib\libc.a(lib_a-mprec.o)
                0x0000000008021704                __mprec_tinytens
                0x000000000802172c                __mprec_bigtens
                0x0000000008021754                __mprec_tens
 .rodata.str1.4
                0x0000000000000000       0x30 c:/altera/15.0/_/nios2eds/bin/gnu/h-x86_64-mingw32/bin/../lib/gcc/nios2-elf/4.9.1/../../../../../H-x86_64-mingw32/nios2-elf/lib\libc.a(lib_a-svfiprintf.o)
 .rodata        0x000000000802181c       0x20 c:/altera/15.0/_/nios2eds/bin/gnu/h-x86_64-mingw32/bin/../lib/gcc/nios2-elf/4.9.1/../../../../../H-x86_64-mingw32/nios2-elf/lib\libc.a(lib_a-svfiprintf.o)
 .rodata.str1.4
                0x0000000000000000       0x30 c:/altera/15.0/_/nios2eds/bin/gnu/h-x86_64-mingw32/bin/../lib/gcc/nios2-elf/4.9.1/../../../../../H-x86_64-mingw32/nios2-elf/lib\libc.a(lib_a-vfiprintf.o)
 .rodata        0x000000000802183c       0x20 c:/altera/15.0/_/nios2eds/bin/gnu/h-x86_64-mingw32/bin/../lib/gcc/nios2-elf/4.9.1/../../../../../H-x86_64-mingw32/nios2-elf/lib\libc.a(lib_a-vfiprintf.o)
 .rodata        0x000000000802185c        0xc ../CPEN391project_bsp/\libhal_bsp.a(alt_dev.o)
 .rodata        0x0000000008021868       0x14 ../CPEN391project_bsp/\libhal_bsp.a(alt_main.o)
 .rodata        0x000000000802187c       0x2c ../CPEN391project_bsp/\libhal_bsp.a(alt_sys_init.o)
 *(.rodata1)
                0x00000000080218a8                . = ALIGN (0x4)
                0x00000000080218a8                PROVIDE (__ram_rodata_end, ABSOLUTE (.))
                0x0000000008016e7c                PROVIDE (__flash_rodata_start, LOADADDR (.rodata))

.rwdata         0x00000000080218a8     0x1b78 load address 0x0000000008023420
                0x00000000080218a8                PROVIDE (__ram_rwdata_start, ABSOLUTE (.))
                0x00000000080218a8                . = ALIGN (0x4)
 *(.got.plt)
 *(.got)
 *(.data1)
 *(.data .data.* .gnu.linkonce.d.*)
 .data          0x00000000080218a8        0x0 ../CPEN391project_bsp//obj/HAL/src/crt0.o
 .data          0x00000000080218a8       0x38 obj/default/hello_world.o
                0x00000000080218a8                initialize
                0x00000000080218c8                safeMessage
 .data          0x00000000080218e0        0x0 c:/altera/15.0/_/nios2eds/bin/gnu/h-x86_64-mingw32/bin/../lib/gcc/nios2-elf/4.9.1\libgcc.a(adddf3.o)
 .data          0x00000000080218e0        0x0 c:/altera/15.0/_/nios2eds/bin/gnu/h-x86_64-mingw32/bin/../lib/gcc/nios2-elf/4.9.1\libgcc.a(divdf3.o)
 .data          0x00000000080218e0        0x0 c:/altera/15.0/_/nios2eds/bin/gnu/h-x86_64-mingw32/bin/../lib/gcc/nios2-elf/4.9.1\libgcc.a(muldf3.o)
 .data          0x00000000080218e0        0x0 c:/altera/15.0/_/nios2eds/bin/gnu/h-x86_64-mingw32/bin/../lib/gcc/nios2-elf/4.9.1\libgcc.a(fixdfsi.o)
 .data          0x00000000080218e0        0x0 c:/altera/15.0/_/nios2eds/bin/gnu/h-x86_64-mingw32/bin/../lib/gcc/nios2-elf/4.9.1\libgcc.a(floatsidf.o)
 .data          0x00000000080218e0        0x0 c:/altera/15.0/_/nios2eds/bin/gnu/h-x86_64-mingw32/bin/../lib/gcc/nios2-elf/4.9.1\libgcc.a(_clzsi2.o)
 .data          0x00000000080218e0        0x0 c:/altera/15.0/_/nios2eds/bin/gnu/h-x86_64-mingw32/bin/../lib/gcc/nios2-elf/4.9.1\libgcc.a(lib2-divmod.o)
 .data          0x00000000080218e0        0x0 c:/altera/15.0/_/nios2eds/bin/gnu/h-x86_64-mingw32/bin/../lib/gcc/nios2-elf/4.9.1\libgcc.a(_clz.o)
 .data          0x00000000080218e0        0x0 c:/altera/15.0/_/nios2eds/bin/gnu/h-x86_64-mingw32/bin/../lib/gcc/nios2-elf/4.9.1/../../../../../H-x86_64-mingw32/nios2-elf/lib\libc.a(lib_a-atof.o)
 .data          0x00000000080218e0        0x0 c:/altera/15.0/_/nios2eds/bin/gnu/h-x86_64-mingw32/bin/../lib/gcc/nios2-elf/4.9.1/../../../../../H-x86_64-mingw32/nios2-elf/lib\libc.a(lib_a-malloc.o)
 .data          0x00000000080218e0      0x408 c:/altera/15.0/_/nios2eds/bin/gnu/h-x86_64-mingw32/bin/../lib/gcc/nios2-elf/4.9.1/../../../../../H-x86_64-mingw32/nios2-elf/lib\libc.a(lib_a-mallocr.o)
                0x00000000080218e0                __malloc_av_
 .data          0x0000000008021ce8        0x0 c:/altera/15.0/_/nios2eds/bin/gnu/h-x86_64-mingw32/bin/../lib/gcc/nios2-elf/4.9.1/../../../../../H-x86_64-mingw32/nios2-elf/lib\libc.a(lib_a-printf.o)
 .data          0x0000000008021ce8        0x0 c:/altera/15.0/_/nios2eds/bin/gnu/h-x86_64-mingw32/bin/../lib/gcc/nios2-elf/4.9.1/../../../../../H-x86_64-mingw32/nios2-elf/lib\libc.a(lib_a-putchar.o)
 .data          0x0000000008021ce8        0x0 c:/altera/15.0/_/nios2eds/bin/gnu/h-x86_64-mingw32/bin/../lib/gcc/nios2-elf/4.9.1/../../../../../H-x86_64-mingw32/nios2-elf/lib\libc.a(lib_a-sbrkr.o)
 .data          0x0000000008021ce8        0x0 c:/altera/15.0/_/nios2eds/bin/gnu/h-x86_64-mingw32/bin/../lib/gcc/nios2-elf/4.9.1/../../../../../H-x86_64-mingw32/nios2-elf/lib\libc.a(lib_a-sprintf.o)
 .data          0x0000000008021ce8        0x0 c:/altera/15.0/_/nios2eds/bin/gnu/h-x86_64-mingw32/bin/../lib/gcc/nios2-elf/4.9.1/../../../../../H-x86_64-mingw32/nios2-elf/lib\libc.a(lib_a-strcat.o)
 .data          0x0000000008021ce8        0x0 c:/altera/15.0/_/nios2eds/bin/gnu/h-x86_64-mingw32/bin/../lib/gcc/nios2-elf/4.9.1/../../../../../H-x86_64-mingw32/nios2-elf/lib\libc.a(lib_a-strcmp.o)
 .data          0x0000000008021ce8        0x0 c:/altera/15.0/_/nios2eds/bin/gnu/h-x86_64-mingw32/bin/../lib/gcc/nios2-elf/4.9.1/../../../../../H-x86_64-mingw32/nios2-elf/lib\libc.a(lib_a-strcpy.o)
 .data          0x0000000008021ce8        0x0 c:/altera/15.0/_/nios2eds/bin/gnu/h-x86_64-mingw32/bin/../lib/gcc/nios2-elf/4.9.1/../../../../../H-x86_64-mingw32/nios2-elf/lib\libc.a(lib_a-strlen.o)
 .data          0x0000000008021ce8       0x28 c:/altera/15.0/_/nios2eds/bin/gnu/h-x86_64-mingw32/bin/../lib/gcc/nios2-elf/4.9.1/../../../../../H-x86_64-mingw32/nios2-elf/lib\libc.a(lib_a-strtod.o)
 .data          0x0000000008021d10        0x0 c:/altera/15.0/_/nios2eds/bin/gnu/h-x86_64-mingw32/bin/../lib/gcc/nios2-elf/4.9.1/../../../../../H-x86_64-mingw32/nios2-elf/lib\libc.a(lib_a-strtok.o)
 .data          0x0000000008021d10        0x0 c:/altera/15.0/_/nios2eds/bin/gnu/h-x86_64-mingw32/bin/../lib/gcc/nios2-elf/4.9.1/../../../../../H-x86_64-mingw32/nios2-elf/lib\libc.a(lib_a-strtok_r.o)
 .data          0x0000000008021d10        0x0 c:/altera/15.0/_/nios2eds/bin/gnu/h-x86_64-mingw32/bin/../lib/gcc/nios2-elf/4.9.1/../../../../../H-x86_64-mingw32/nios2-elf/lib\libc.a(lib_a-svfprintf.o)
 .data          0x0000000008021d10        0x0 c:/altera/15.0/_/nios2eds/bin/gnu/h-x86_64-mingw32/bin/../lib/gcc/nios2-elf/4.9.1/../../../../../H-x86_64-mingw32/nios2-elf/lib\libc.a(lib_a-time.o)
 .data          0x0000000008021d10        0x0 c:/altera/15.0/_/nios2eds/bin/gnu/h-x86_64-mingw32/bin/../lib/gcc/nios2-elf/4.9.1/../../../../../H-x86_64-mingw32/nios2-elf/lib\libc.a(lib_a-vfprintf.o)
 .data          0x0000000008021d10        0x0 c:/altera/15.0/_/nios2eds/bin/gnu/h-x86_64-mingw32/bin/../lib/gcc/nios2-elf/4.9.1/../../../../../H-x86_64-mingw32/nios2-elf/lib\libc.a(lib_a-wsetup.o)
 .data          0x0000000008021d10        0x0 c:/altera/15.0/_/nios2eds/bin/gnu/h-x86_64-mingw32/bin/../lib/gcc/nios2-elf/4.9.1/../../../../../H-x86_64-mingw32/nios2-elf/lib\libc.a(lib_a-dtoa.o)
 .data          0x0000000008021d10        0x0 c:/altera/15.0/_/nios2eds/bin/gnu/h-x86_64-mingw32/bin/../lib/gcc/nios2-elf/4.9.1/../../../../../H-x86_64-mingw32/nios2-elf/lib\libc.a(lib_a-fflush.o)
 .data          0x0000000008021d10        0x0 c:/altera/15.0/_/nios2eds/bin/gnu/h-x86_64-mingw32/bin/../lib/gcc/nios2-elf/4.9.1/../../../../../H-x86_64-mingw32/nios2-elf/lib\libc.a(lib_a-findfp.o)
 .data          0x0000000008021d10        0x0 c:/altera/15.0/_/nios2eds/bin/gnu/h-x86_64-mingw32/bin/../lib/gcc/nios2-elf/4.9.1/../../../../../H-x86_64-mingw32/nios2-elf/lib\libc.a(lib_a-freer.o)
 .data          0x0000000008021d10        0x0 c:/altera/15.0/_/nios2eds/bin/gnu/h-x86_64-mingw32/bin/../lib/gcc/nios2-elf/4.9.1/../../../../../H-x86_64-mingw32/nios2-elf/lib\libc.a(lib_a-fwalk.o)
 .data          0x0000000008021d10        0x0 c:/altera/15.0/_/nios2eds/bin/gnu/h-x86_64-mingw32/bin/../lib/gcc/nios2-elf/4.9.1/../../../../../H-x86_64-mingw32/nios2-elf/lib\libc.a(lib_a-gdtoa-gethex.o)
 .data          0x0000000008021d10        0x0 c:/altera/15.0/_/nios2eds/bin/gnu/h-x86_64-mingw32/bin/../lib/gcc/nios2-elf/4.9.1/../../../../../H-x86_64-mingw32/nios2-elf/lib\libc.a(lib_a-gdtoa-hexnan.o)
 .data          0x0000000008021d10        0x0 c:/altera/15.0/_/nios2eds/bin/gnu/h-x86_64-mingw32/bin/../lib/gcc/nios2-elf/4.9.1/../../../../../H-x86_64-mingw32/nios2-elf/lib\libc.a(lib_a-gettimeofdayr.o)
 .data          0x0000000008021d10      0x424 c:/altera/15.0/_/nios2eds/bin/gnu/h-x86_64-mingw32/bin/../lib/gcc/nios2-elf/4.9.1/../../../../../H-x86_64-mingw32/nios2-elf/lib\libc.a(lib_a-impure.o)
 .data          0x0000000008022134        0x0 c:/altera/15.0/_/nios2eds/bin/gnu/h-x86_64-mingw32/bin/../lib/gcc/nios2-elf/4.9.1/../../../../../H-x86_64-mingw32/nios2-elf/lib\libc.a(lib_a-int_errno.o)
 .data          0x0000000008022134       0x78 c:/altera/15.0/_/nios2eds/bin/gnu/h-x86_64-mingw32/bin/../lib/gcc/nios2-elf/4.9.1/../../../../../H-x86_64-mingw32/nios2-elf/lib\libc.a(lib_a-locale.o)
 .data          0x00000000080221ac        0x0 c:/altera/15.0/_/nios2eds/bin/gnu/h-x86_64-mingw32/bin/../lib/gcc/nios2-elf/4.9.1/../../../../../H-x86_64-mingw32/nios2-elf/lib\libc.a(lib_a-makebuf.o)
 .data          0x00000000080221ac        0x0 c:/altera/15.0/_/nios2eds/bin/gnu/h-x86_64-mingw32/bin/../lib/gcc/nios2-elf/4.9.1/../../../../../H-x86_64-mingw32/nios2-elf/lib\libc.a(lib_a-memchr.o)
 .data          0x00000000080221ac        0x0 c:/altera/15.0/_/nios2eds/bin/gnu/h-x86_64-mingw32/bin/../lib/gcc/nios2-elf/4.9.1/../../../../../H-x86_64-mingw32/nios2-elf/lib\libc.a(lib_a-memcpy.o)
 .data          0x00000000080221ac        0x0 c:/altera/15.0/_/nios2eds/bin/gnu/h-x86_64-mingw32/bin/../lib/gcc/nios2-elf/4.9.1/../../../../../H-x86_64-mingw32/nios2-elf/lib\libc.a(lib_a-memset.o)
 .data          0x00000000080221ac        0x0 c:/altera/15.0/_/nios2eds/bin/gnu/h-x86_64-mingw32/bin/../lib/gcc/nios2-elf/4.9.1/../../../../../H-x86_64-mingw32/nios2-elf/lib\libc.a(lib_a-mprec.o)
 .data          0x00000000080221ac        0x0 c:/altera/15.0/_/nios2eds/bin/gnu/h-x86_64-mingw32/bin/../lib/gcc/nios2-elf/4.9.1/../../../../../H-x86_64-mingw32/nios2-elf/lib\libc.a(lib_a-putc.o)
 .data          0x00000000080221ac        0x0 c:/altera/15.0/_/nios2eds/bin/gnu/h-x86_64-mingw32/bin/../lib/gcc/nios2-elf/4.9.1/../../../../../H-x86_64-mingw32/nios2-elf/lib\libc.a(lib_a-s_fpclassify.o)
 .data          0x00000000080221ac        0x0 c:/altera/15.0/_/nios2eds/bin/gnu/h-x86_64-mingw32/bin/../lib/gcc/nios2-elf/4.9.1/../../../../../H-x86_64-mingw32/nios2-elf/lib\libc.a(lib_a-stdio.o)
 .data          0x00000000080221ac        0x0 c:/altera/15.0/_/nios2eds/bin/gnu/h-x86_64-mingw32/bin/../lib/gcc/nios2-elf/4.9.1/../../../../../H-x86_64-mingw32/nios2-elf/lib\libc.a(lib_a-strncmp.o)
 .data          0x00000000080221ac        0x0 c:/altera/15.0/_/nios2eds/bin/gnu/h-x86_64-mingw32/bin/../lib/gcc/nios2-elf/4.9.1/../../../../../H-x86_64-mingw32/nios2-elf/lib\libc.a(lib_a-svfiprintf.o)
 .data          0x00000000080221ac        0x0 c:/altera/15.0/_/nios2eds/bin/gnu/h-x86_64-mingw32/bin/../lib/gcc/nios2-elf/4.9.1/../../../../../H-x86_64-mingw32/nios2-elf/lib\libc.a(lib_a-vfiprintf.o)
 .data          0x00000000080221ac        0x0 c:/altera/15.0/_/nios2eds/bin/gnu/h-x86_64-mingw32/bin/../lib/gcc/nios2-elf/4.9.1/../../../../../H-x86_64-mingw32/nios2-elf/lib\libc.a(lib_a-wbuf.o)
 .data          0x00000000080221ac        0x0 c:/altera/15.0/_/nios2eds/bin/gnu/h-x86_64-mingw32/bin/../lib/gcc/nios2-elf/4.9.1/../../../../../H-x86_64-mingw32/nios2-elf/lib\libc.a(lib_a-writer.o)
 .data          0x00000000080221ac        0x0 c:/altera/15.0/_/nios2eds/bin/gnu/h-x86_64-mingw32/bin/../lib/gcc/nios2-elf/4.9.1/../../../../../H-x86_64-mingw32/nios2-elf/lib\libc.a(closer.o)
 .data          0x00000000080221ac        0x0 c:/altera/15.0/_/nios2eds/bin/gnu/h-x86_64-mingw32/bin/../lib/gcc/nios2-elf/4.9.1/../../../../../H-x86_64-mingw32/nios2-elf/lib\libc.a(lib_a-callocr.o)
 .data          0x00000000080221ac        0x0 c:/altera/15.0/_/nios2eds/bin/gnu/h-x86_64-mingw32/bin/../lib/gcc/nios2-elf/4.9.1/../../../../../H-x86_64-mingw32/nios2-elf/lib\libc.a(lib_a-fclose.o)
 .data          0x00000000080221ac        0x0 c:/altera/15.0/_/nios2eds/bin/gnu/h-x86_64-mingw32/bin/../lib/gcc/nios2-elf/4.9.1/../../../../../H-x86_64-mingw32/nios2-elf/lib\libc.a(lib_a-fputwc.o)
 .data          0x00000000080221ac        0x0 c:/altera/15.0/_/nios2eds/bin/gnu/h-x86_64-mingw32/bin/../lib/gcc/nios2-elf/4.9.1/../../../../../H-x86_64-mingw32/nios2-elf/lib\libc.a(lib_a-fstatr.o)
 .data          0x00000000080221ac        0x0 c:/altera/15.0/_/nios2eds/bin/gnu/h-x86_64-mingw32/bin/../lib/gcc/nios2-elf/4.9.1/../../../../../H-x86_64-mingw32/nios2-elf/lib\libc.a(lib_a-fvwrite.o)
 .data          0x00000000080221ac        0x0 c:/altera/15.0/_/nios2eds/bin/gnu/h-x86_64-mingw32/bin/../lib/gcc/nios2-elf/4.9.1/../../../../../H-x86_64-mingw32/nios2-elf/lib\libc.a(lib_a-isattyr.o)
 .data          0x00000000080221ac        0x0 c:/altera/15.0/_/nios2eds/bin/gnu/h-x86_64-mingw32/bin/../lib/gcc/nios2-elf/4.9.1/../../../../../H-x86_64-mingw32/nios2-elf/lib\libc.a(lib_a-lseekr.o)
 .data          0x00000000080221ac        0x0 c:/altera/15.0/_/nios2eds/bin/gnu/h-x86_64-mingw32/bin/../lib/gcc/nios2-elf/4.9.1/../../../../../H-x86_64-mingw32/nios2-elf/lib\libc.a(lib_a-memmove.o)
 .data          0x00000000080221ac        0x0 c:/altera/15.0/_/nios2eds/bin/gnu/h-x86_64-mingw32/bin/../lib/gcc/nios2-elf/4.9.1/../../../../../H-x86_64-mingw32/nios2-elf/lib\libc.a(lib_a-readr.o)
 .data          0x00000000080221ac        0x0 c:/altera/15.0/_/nios2eds/bin/gnu/h-x86_64-mingw32/bin/../lib/gcc/nios2-elf/4.9.1/../../../../../H-x86_64-mingw32/nios2-elf/lib\libc.a(lib_a-reallocr.o)
 .data          0x00000000080221ac        0x0 c:/altera/15.0/_/nios2eds/bin/gnu/h-x86_64-mingw32/bin/../lib/gcc/nios2-elf/4.9.1/../../../../../H-x86_64-mingw32/nios2-elf/lib\libc.a(lib_a-wcrtomb.o)
 .data          0x00000000080221ac        0x0 c:/altera/15.0/_/nios2eds/bin/gnu/h-x86_64-mingw32/bin/../lib/gcc/nios2-elf/4.9.1/../../../../../H-x86_64-mingw32/nios2-elf/lib\libc.a(lib_a-wctomb_r.o)
 .data          0x00000000080221ac        0x0 c:/altera/15.0/_/nios2eds/bin/gnu/h-x86_64-mingw32/bin/../lib/gcc/nios2-elf/4.9.1\libgcc.a(_fixunsdfsi.o)
 .data          0x00000000080221ac        0x0 c:/altera/15.0/_/nios2eds/bin/gnu/h-x86_64-mingw32/bin/../lib/gcc/nios2-elf/4.9.1\libgcc.a(_udivdi3.o)
 .data          0x00000000080221ac        0x0 c:/altera/15.0/_/nios2eds/bin/gnu/h-x86_64-mingw32/bin/../lib/gcc/nios2-elf/4.9.1\libgcc.a(_umoddi3.o)
 .data          0x00000000080221ac        0x0 c:/altera/15.0/_/nios2eds/bin/gnu/h-x86_64-mingw32/bin/../lib/gcc/nios2-elf/4.9.1\libgcc.a(eqsf2.o)
 .data          0x00000000080221ac        0x0 c:/altera/15.0/_/nios2eds/bin/gnu/h-x86_64-mingw32/bin/../lib/gcc/nios2-elf/4.9.1\libgcc.a(gesf2.o)
 .data          0x00000000080221ac        0x0 c:/altera/15.0/_/nios2eds/bin/gnu/h-x86_64-mingw32/bin/../lib/gcc/nios2-elf/4.9.1\libgcc.a(lesf2.o)
 .data          0x00000000080221ac        0x0 c:/altera/15.0/_/nios2eds/bin/gnu/h-x86_64-mingw32/bin/../lib/gcc/nios2-elf/4.9.1\libgcc.a(eqdf2.o)
 .data          0x00000000080221ac        0x0 c:/altera/15.0/_/nios2eds/bin/gnu/h-x86_64-mingw32/bin/../lib/gcc/nios2-elf/4.9.1\libgcc.a(gedf2.o)
 .data          0x00000000080221ac        0x0 c:/altera/15.0/_/nios2eds/bin/gnu/h-x86_64-mingw32/bin/../lib/gcc/nios2-elf/4.9.1\libgcc.a(ledf2.o)
 .data          0x00000000080221ac        0x0 c:/altera/15.0/_/nios2eds/bin/gnu/h-x86_64-mingw32/bin/../lib/gcc/nios2-elf/4.9.1\libgcc.a(subdf3.o)
 .data          0x00000000080221ac        0x0 c:/altera/15.0/_/nios2eds/bin/gnu/h-x86_64-mingw32/bin/../lib/gcc/nios2-elf/4.9.1\libgcc.a(floatunsidf.o)
 .data          0x00000000080221ac        0x0 c:/altera/15.0/_/nios2eds/bin/gnu/h-x86_64-mingw32/bin/../lib/gcc/nios2-elf/4.9.1\libgcc.a(truncdfsf2.o)
 .data          0x00000000080221ac        0x0 ../CPEN391project_bsp/\libhal_bsp.a(alt_close.o)
 .data          0x00000000080221ac      0x1a8 ../CPEN391project_bsp/\libhal_bsp.a(alt_dev.o)
                0x00000000080221ac                alt_dev_null
                0x00000000080221d4                alt_fd_list
 .data          0x0000000008022354        0x0 ../CPEN391project_bsp/\libhal_bsp.a(alt_errno.o)
 .data          0x0000000008022354        0x0 ../CPEN391project_bsp/\libhal_bsp.a(alt_fstat.o)
 .data          0x0000000008022354        0x0 ../CPEN391project_bsp/\libhal_bsp.a(alt_gettod.o)
 .data          0x0000000008022354        0x0 ../CPEN391project_bsp/\libhal_bsp.a(alt_isatty.o)
 .data          0x0000000008022354        0x0 ../CPEN391project_bsp/\libhal_bsp.a(alt_load.o)
 .data          0x0000000008022354        0x0 ../CPEN391project_bsp/\libhal_bsp.a(alt_lseek.o)
 .data          0x0000000008022354        0x0 ../CPEN391project_bsp/\libhal_bsp.a(alt_main.o)
 .data          0x0000000008022354        0x0 ../CPEN391project_bsp/\libhal_bsp.a(alt_malloc_lock.o)
 .data          0x0000000008022354        0x0 ../CPEN391project_bsp/\libhal_bsp.a(alt_read.o)
 .data          0x0000000008022354        0x0 ../CPEN391project_bsp/\libhal_bsp.a(alt_release_fd.o)
 .data          0x0000000008022354        0x0 ../CPEN391project_bsp/\libhal_bsp.a(alt_sbrk.o)
 .data          0x0000000008022354        0x0 ../CPEN391project_bsp/\libhal_bsp.a(alt_tick.o)
 .data          0x0000000008022354     0x108c ../CPEN391project_bsp/\libhal_bsp.a(alt_sys_init.o)
 .data          0x00000000080233e0        0x0 ../CPEN391project_bsp/\libhal_bsp.a(altera_avalon_jtag_uart_fd.o)
 .data          0x00000000080233e0        0x0 ../CPEN391project_bsp/\libhal_bsp.a(altera_avalon_jtag_uart_init.o)
 .data          0x00000000080233e0        0x0 ../CPEN391project_bsp/\libhal_bsp.a(altera_avalon_jtag_uart_ioctl.o)
 .data          0x00000000080233e0        0x0 ../CPEN391project_bsp/\libhal_bsp.a(altera_avalon_jtag_uart_read.o)
 .data          0x00000000080233e0        0x0 ../CPEN391project_bsp/\libhal_bsp.a(altera_avalon_jtag_uart_write.o)
 .data          0x00000000080233e0        0x0 ../CPEN391project_bsp/\libhal_bsp.a(altera_avalon_timer_sc.o)
 .data          0x00000000080233e0        0x0 ../CPEN391project_bsp/\libhal_bsp.a(altera_up_avalon_character_lcd.o)
 .data          0x00000000080233e0        0x0 ../CPEN391project_bsp/\libhal_bsp.a(alt_alarm_start.o)
 .data          0x00000000080233e0        0x0 ../CPEN391project_bsp/\libhal_bsp.a(alt_dcache_flush_all.o)
 .data          0x00000000080233e0        0x0 ../CPEN391project_bsp/\libhal_bsp.a(alt_dev_llist_insert.o)
 .data          0x00000000080233e0        0x0 ../CPEN391project_bsp/\libhal_bsp.a(alt_do_ctors.o)
 .data          0x00000000080233e0        0x0 ../CPEN391project_bsp/\libhal_bsp.a(alt_do_dtors.o)
 .data          0x00000000080233e0        0x0 ../CPEN391project_bsp/\libhal_bsp.a(alt_find_dev.o)
 .data          0x00000000080233e0        0x0 ../CPEN391project_bsp/\libhal_bsp.a(alt_icache_flush_all.o)
 .data          0x00000000080233e0        0x0 ../CPEN391project_bsp/\libhal_bsp.a(alt_iic.o)
 .data          0x00000000080233e0        0x0 ../CPEN391project_bsp/\libhal_bsp.a(alt_iic_isr_register.o)
 .data          0x00000000080233e0        0x0 ../CPEN391project_bsp/\libhal_bsp.a(alt_io_redirect.o)
 .data          0x00000000080233e0        0x0 ../CPEN391project_bsp/\libhal_bsp.a(alt_irq_entry.o)
 .data          0x00000000080233e0        0x0 ../CPEN391project_bsp/\libhal_bsp.a(alt_irq_handler.o)
 .data          0x00000000080233e0        0x0 ../CPEN391project_bsp/\libhal_bsp.a(alt_irq_vars.o)
 .data          0x00000000080233e0        0x0 ../CPEN391project_bsp/\libhal_bsp.a(alt_open.o)
 .data          0x00000000080233e0        0x0 ../CPEN391project_bsp/\libhal_bsp.a(altera_nios2_qsys_irq.o)
 .data          0x00000000080233e0        0x0 ../CPEN391project_bsp/\libhal_bsp.a(alt_exception_entry.o)
 .data          0x00000000080233e0        0x0 ../CPEN391project_bsp/\libhal_bsp.a(alt_find_file.o)
 .data          0x00000000080233e0        0x0 ../CPEN391project_bsp/\libhal_bsp.a(alt_get_fd.o)
 .data          0x00000000080233e0        0x0 ../CPEN391project_bsp/\libhal_bsp.a(alt_icache_flush.o)
 .data          0x00000000080233e0        0x0 c:/altera/15.0/_/nios2eds/bin/gnu/h-x86_64-mingw32/bin/../lib/gcc/nios2-elf/4.9.1/../../../../../H-x86_64-mingw32/nios2-elf/lib\libc.a(lib_a-atexit.o)
 .data          0x00000000080233e0        0x0 c:/altera/15.0/_/nios2eds/bin/gnu/h-x86_64-mingw32/bin/../lib/gcc/nios2-elf/4.9.1/../../../../../H-x86_64-mingw32/nios2-elf/lib\libc.a(lib_a-exit.o)
 .data          0x00000000080233e0        0x0 c:/altera/15.0/_/nios2eds/bin/gnu/h-x86_64-mingw32/bin/../lib/gcc/nios2-elf/4.9.1/../../../../../H-x86_64-mingw32/nios2-elf/lib\libc.a(lib_a-memcmp.o)
 .data          0x00000000080233e0        0x0 c:/altera/15.0/_/nios2eds/bin/gnu/h-x86_64-mingw32/bin/../lib/gcc/nios2-elf/4.9.1/../../../../../H-x86_64-mingw32/nios2-elf/lib\libc.a(lib_a-__atexit.o)
 .data          0x00000000080233e0        0x0 c:/altera/15.0/_/nios2eds/bin/gnu/h-x86_64-mingw32/bin/../lib/gcc/nios2-elf/4.9.1/../../../../../H-x86_64-mingw32/nios2-elf/lib\libc.a(lib_a-__call_atexit.o)
 .data          0x00000000080233e0        0x0 c:/altera/15.0/_/nios2eds/bin/gnu/h-x86_64-mingw32/bin/../lib/gcc/nios2-elf/4.9.1\libgcc.a(_muldi3.o)
 .data          0x00000000080233e0        0x0 ../CPEN391project_bsp/\libhal_bsp.a(alt_exit.o)
                0x000000000802b3e0                _gp = ABSOLUTE ((. + 0x8000))
                0x000000000802b3e0                PROVIDE (gp, _gp)
 *(.rwdata .rwdata.*)
 *(.sdata .sdata.* .gnu.linkonce.s.*)
 .sdata         0x00000000080233e0        0x8 c:/altera/15.0/_/nios2eds/bin/gnu/h-x86_64-mingw32/bin/../lib/gcc/nios2-elf/4.9.1/../../../../../H-x86_64-mingw32/nios2-elf/lib\libc.a(lib_a-mallocr.o)
                0x00000000080233e0                __malloc_sbrk_base
                0x00000000080233e4                __malloc_trim_threshold
 .sdata         0x00000000080233e8        0x8 c:/altera/15.0/_/nios2eds/bin/gnu/h-x86_64-mingw32/bin/../lib/gcc/nios2-elf/4.9.1/../../../../../H-x86_64-mingw32/nios2-elf/lib\libc.a(lib_a-impure.o)
                0x00000000080233e8                _global_impure_ptr
                0x00000000080233ec                _impure_ptr
 .sdata         0x00000000080233f0        0x4 c:/altera/15.0/_/nios2eds/bin/gnu/h-x86_64-mingw32/bin/../lib/gcc/nios2-elf/4.9.1/../../../../../H-x86_64-mingw32/nios2-elf/lib\libc.a(lib_a-locale.o)
                0x00000000080233f0                __mb_cur_max
 .sdata         0x00000000080233f4        0x4 c:/altera/15.0/_/nios2eds/bin/gnu/h-x86_64-mingw32/bin/../lib/gcc/nios2-elf/4.9.1/../../../../../H-x86_64-mingw32/nios2-elf/lib\libc.a(lib_a-wctomb_r.o)
                0x00000000080233f4                __wctomb
 .sdata         0x00000000080233f8       0x14 ../CPEN391project_bsp/\libhal_bsp.a(alt_dev.o)
                0x00000000080233f8                alt_fs_list
                0x0000000008023400                alt_dev_list
                0x0000000008023408                alt_max_fd
 .sdata         0x000000000802340c        0x4 ../CPEN391project_bsp/\libhal_bsp.a(alt_errno.o)
                0x000000000802340c                alt_errno
 .sdata         0x0000000008023410        0x4 ../CPEN391project_bsp/\libhal_bsp.a(alt_sbrk.o)
 .sdata         0x0000000008023414        0x8 ../CPEN391project_bsp/\libhal_bsp.a(alt_tick.o)
                0x0000000008023414                alt_alarm_list
 .sdata         0x000000000802341c        0x4 ../CPEN391project_bsp/\libhal_bsp.a(alt_irq_vars.o)
                0x000000000802341c                alt_priority_mask
 *(.sdata2 .sdata2.* .gnu.linkonce.s2.*)
                0x0000000008023420                . = ALIGN (0x4)
                0x0000000008023420                _edata = ABSOLUTE (.)
                0x0000000008023420                PROVIDE (edata, ABSOLUTE (.))
                0x0000000008023420                PROVIDE (__ram_rwdata_end, ABSOLUTE (.))
                0x0000000008023420                PROVIDE (__flash_rwdata_start, LOADADDR (.rwdata))

.bss            0x0000000008024f98      0x26c
                0x0000000008024f98                __bss_start = ABSOLUTE (.)
                0x0000000008024f98                PROVIDE (__sbss_start, ABSOLUTE (.))
                0x0000000008024f98                PROVIDE (___sbss_start, ABSOLUTE (.))
 *(.dynsbss)
 *(.sbss .sbss.* .gnu.linkonce.sb.*)
 .sbss          0x0000000008024f98        0xc c:/altera/15.0/_/nios2eds/bin/gnu/h-x86_64-mingw32/bin/../lib/gcc/nios2-elf/4.9.1/../../../../../H-x86_64-mingw32/nios2-elf/lib\libc.a(lib_a-mallocr.o)
                0x0000000008024f98                __malloc_max_total_mem
                0x0000000008024f9c                __malloc_max_sbrked_mem
                0x0000000008024fa0                __malloc_top_pad
 .sbss          0x0000000008024fa4        0x4 c:/altera/15.0/_/nios2eds/bin/gnu/h-x86_64-mingw32/bin/../lib/gcc/nios2-elf/4.9.1/../../../../../H-x86_64-mingw32/nios2-elf/lib\libc.a(lib_a-int_errno.o)
                0x0000000008024fa4                errno
 .sbss          0x0000000008024fa8        0xc c:/altera/15.0/_/nios2eds/bin/gnu/h-x86_64-mingw32/bin/../lib/gcc/nios2-elf/4.9.1/../../../../../H-x86_64-mingw32/nios2-elf/lib\libc.a(lib_a-locale.o)
                0x0000000008024fa8                _PathLocale
                0x0000000008024fac                __mlocale_changed
                0x0000000008024fb0                __nlocale_changed
 .sbss          0x0000000008024fb4       0x10 ../CPEN391project_bsp/\libhal_bsp.a(alt_gettod.o)
                0x0000000008024fb4                alt_timezone
                0x0000000008024fbc                alt_resettime
 .sbss          0x0000000008024fc4        0xc ../CPEN391project_bsp/\libhal_bsp.a(alt_main.o)
                0x0000000008024fc4                alt_argc
                0x0000000008024fc8                alt_argv
                0x0000000008024fcc                alt_envp
 .sbss          0x0000000008024fd0        0x8 ../CPEN391project_bsp/\libhal_bsp.a(alt_tick.o)
                0x0000000008024fd0                _alt_tick_rate
                0x0000000008024fd4                _alt_nticks
 .sbss          0x0000000008024fd8        0x4 ../CPEN391project_bsp/\libhal_bsp.a(alt_irq_vars.o)
                0x0000000008024fd8                alt_irq_active
 *(.sbss2 .sbss2.* .gnu.linkonce.sb2.*)
 *(.scommon)
                0x0000000008024fdc                PROVIDE (__sbss_end, ABSOLUTE (.))
                0x0000000008024fdc                PROVIDE (___sbss_end, ABSOLUTE (.))
 *(.dynbss)
 *(.bss .bss.* .gnu.linkonce.b.*)
 .bss           0x0000000008024fdc        0x0 ../CPEN391project_bsp//obj/HAL/src/crt0.o
 .bss           0x0000000008024fdc        0x0 obj/default/hello_world.o
 .bss           0x0000000008024fdc        0x0 c:/altera/15.0/_/nios2eds/bin/gnu/h-x86_64-mingw32/bin/../lib/gcc/nios2-elf/4.9.1\libgcc.a(adddf3.o)
 .bss           0x0000000008024fdc        0x0 c:/altera/15.0/_/nios2eds/bin/gnu/h-x86_64-mingw32/bin/../lib/gcc/nios2-elf/4.9.1\libgcc.a(divdf3.o)
 .bss           0x0000000008024fdc        0x0 c:/altera/15.0/_/nios2eds/bin/gnu/h-x86_64-mingw32/bin/../lib/gcc/nios2-elf/4.9.1\libgcc.a(muldf3.o)
 .bss           0x0000000008024fdc        0x0 c:/altera/15.0/_/nios2eds/bin/gnu/h-x86_64-mingw32/bin/../lib/gcc/nios2-elf/4.9.1\libgcc.a(fixdfsi.o)
 .bss           0x0000000008024fdc        0x0 c:/altera/15.0/_/nios2eds/bin/gnu/h-x86_64-mingw32/bin/../lib/gcc/nios2-elf/4.9.1\libgcc.a(floatsidf.o)
 .bss           0x0000000008024fdc        0x0 c:/altera/15.0/_/nios2eds/bin/gnu/h-x86_64-mingw32/bin/../lib/gcc/nios2-elf/4.9.1\libgcc.a(_clzsi2.o)
 .bss           0x0000000008024fdc        0x0 c:/altera/15.0/_/nios2eds/bin/gnu/h-x86_64-mingw32/bin/../lib/gcc/nios2-elf/4.9.1\libgcc.a(lib2-divmod.o)
 .bss           0x0000000008024fdc        0x0 c:/altera/15.0/_/nios2eds/bin/gnu/h-x86_64-mingw32/bin/../lib/gcc/nios2-elf/4.9.1\libgcc.a(_clz.o)
 .bss           0x0000000008024fdc        0x0 c:/altera/15.0/_/nios2eds/bin/gnu/h-x86_64-mingw32/bin/../lib/gcc/nios2-elf/4.9.1/../../../../../H-x86_64-mingw32/nios2-elf/lib\libc.a(lib_a-atof.o)
 .bss           0x0000000008024fdc        0x0 c:/altera/15.0/_/nios2eds/bin/gnu/h-x86_64-mingw32/bin/../lib/gcc/nios2-elf/4.9.1/../../../../../H-x86_64-mingw32/nios2-elf/lib\libc.a(lib_a-malloc.o)
 .bss           0x0000000008024fdc       0x28 c:/altera/15.0/_/nios2eds/bin/gnu/h-x86_64-mingw32/bin/../lib/gcc/nios2-elf/4.9.1/../../../../../H-x86_64-mingw32/nios2-elf/lib\libc.a(lib_a-mallocr.o)
                0x0000000008024fdc                __malloc_current_mallinfo
 .bss           0x0000000008025004        0x0 c:/altera/15.0/_/nios2eds/bin/gnu/h-x86_64-mingw32/bin/../lib/gcc/nios2-elf/4.9.1/../../../../../H-x86_64-mingw32/nios2-elf/lib\libc.a(lib_a-printf.o)
 .bss           0x0000000008025004        0x0 c:/altera/15.0/_/nios2eds/bin/gnu/h-x86_64-mingw32/bin/../lib/gcc/nios2-elf/4.9.1/../../../../../H-x86_64-mingw32/nios2-elf/lib\libc.a(lib_a-putchar.o)
 .bss           0x0000000008025004        0x0 c:/altera/15.0/_/nios2eds/bin/gnu/h-x86_64-mingw32/bin/../lib/gcc/nios2-elf/4.9.1/../../../../../H-x86_64-mingw32/nios2-elf/lib\libc.a(lib_a-sbrkr.o)
 .bss           0x0000000008025004        0x0 c:/altera/15.0/_/nios2eds/bin/gnu/h-x86_64-mingw32/bin/../lib/gcc/nios2-elf/4.9.1/../../../../../H-x86_64-mingw32/nios2-elf/lib\libc.a(lib_a-sprintf.o)
 .bss           0x0000000008025004        0x0 c:/altera/15.0/_/nios2eds/bin/gnu/h-x86_64-mingw32/bin/../lib/gcc/nios2-elf/4.9.1/../../../../../H-x86_64-mingw32/nios2-elf/lib\libc.a(lib_a-strcat.o)
 .bss           0x0000000008025004        0x0 c:/altera/15.0/_/nios2eds/bin/gnu/h-x86_64-mingw32/bin/../lib/gcc/nios2-elf/4.9.1/../../../../../H-x86_64-mingw32/nios2-elf/lib\libc.a(lib_a-strcmp.o)
 .bss           0x0000000008025004        0x0 c:/altera/15.0/_/nios2eds/bin/gnu/h-x86_64-mingw32/bin/../lib/gcc/nios2-elf/4.9.1/../../../../../H-x86_64-mingw32/nios2-elf/lib\libc.a(lib_a-strcpy.o)
 .bss           0x0000000008025004        0x0 c:/altera/15.0/_/nios2eds/bin/gnu/h-x86_64-mingw32/bin/../lib/gcc/nios2-elf/4.9.1/../../../../../H-x86_64-mingw32/nios2-elf/lib\libc.a(lib_a-strlen.o)
 .bss           0x0000000008025004        0x0 c:/altera/15.0/_/nios2eds/bin/gnu/h-x86_64-mingw32/bin/../lib/gcc/nios2-elf/4.9.1/../../../../../H-x86_64-mingw32/nios2-elf/lib\libc.a(lib_a-strtod.o)
 .bss           0x0000000008025004        0x0 c:/altera/15.0/_/nios2eds/bin/gnu/h-x86_64-mingw32/bin/../lib/gcc/nios2-elf/4.9.1/../../../../../H-x86_64-mingw32/nios2-elf/lib\libc.a(lib_a-strtok.o)
 .bss           0x0000000008025004        0x0 c:/altera/15.0/_/nios2eds/bin/gnu/h-x86_64-mingw32/bin/../lib/gcc/nios2-elf/4.9.1/../../../../../H-x86_64-mingw32/nios2-elf/lib\libc.a(lib_a-strtok_r.o)
 .bss           0x0000000008025004        0x0 c:/altera/15.0/_/nios2eds/bin/gnu/h-x86_64-mingw32/bin/../lib/gcc/nios2-elf/4.9.1/../../../../../H-x86_64-mingw32/nios2-elf/lib\libc.a(lib_a-svfprintf.o)
 .bss           0x0000000008025004        0x0 c:/altera/15.0/_/nios2eds/bin/gnu/h-x86_64-mingw32/bin/../lib/gcc/nios2-elf/4.9.1/../../../../../H-x86_64-mingw32/nios2-elf/lib\libc.a(lib_a-time.o)
 .bss           0x0000000008025004        0x0 c:/altera/15.0/_/nios2eds/bin/gnu/h-x86_64-mingw32/bin/../lib/gcc/nios2-elf/4.9.1/../../../../../H-x86_64-mingw32/nios2-elf/lib\libc.a(lib_a-vfprintf.o)
 .bss           0x0000000008025004        0x0 c:/altera/15.0/_/nios2eds/bin/gnu/h-x86_64-mingw32/bin/../lib/gcc/nios2-elf/4.9.1/../../../../../H-x86_64-mingw32/nios2-elf/lib\libc.a(lib_a-wsetup.o)
 .bss           0x0000000008025004        0x0 c:/altera/15.0/_/nios2eds/bin/gnu/h-x86_64-mingw32/bin/../lib/gcc/nios2-elf/4.9.1/../../../../../H-x86_64-mingw32/nios2-elf/lib\libc.a(lib_a-dtoa.o)
 .bss           0x0000000008025004        0x0 c:/altera/15.0/_/nios2eds/bin/gnu/h-x86_64-mingw32/bin/../lib/gcc/nios2-elf/4.9.1/../../../../../H-x86_64-mingw32/nios2-elf/lib\libc.a(lib_a-fflush.o)
 .bss           0x0000000008025004        0x0 c:/altera/15.0/_/nios2eds/bin/gnu/h-x86_64-mingw32/bin/../lib/gcc/nios2-elf/4.9.1/../../../../../H-x86_64-mingw32/nios2-elf/lib\libc.a(lib_a-findfp.o)
 .bss           0x0000000008025004        0x0 c:/altera/15.0/_/nios2eds/bin/gnu/h-x86_64-mingw32/bin/../lib/gcc/nios2-elf/4.9.1/../../../../../H-x86_64-mingw32/nios2-elf/lib\libc.a(lib_a-freer.o)
 .bss           0x0000000008025004        0x0 c:/altera/15.0/_/nios2eds/bin/gnu/h-x86_64-mingw32/bin/../lib/gcc/nios2-elf/4.9.1/../../../../../H-x86_64-mingw32/nios2-elf/lib\libc.a(lib_a-fwalk.o)
 .bss           0x0000000008025004        0x0 c:/altera/15.0/_/nios2eds/bin/gnu/h-x86_64-mingw32/bin/../lib/gcc/nios2-elf/4.9.1/../../../../../H-x86_64-mingw32/nios2-elf/lib\libc.a(lib_a-gdtoa-gethex.o)
 .bss           0x0000000008025004        0x0 c:/altera/15.0/_/nios2eds/bin/gnu/h-x86_64-mingw32/bin/../lib/gcc/nios2-elf/4.9.1/../../../../../H-x86_64-mingw32/nios2-elf/lib\libc.a(lib_a-gdtoa-hexnan.o)
 .bss           0x0000000008025004        0x0 c:/altera/15.0/_/nios2eds/bin/gnu/h-x86_64-mingw32/bin/../lib/gcc/nios2-elf/4.9.1/../../../../../H-x86_64-mingw32/nios2-elf/lib\libc.a(lib_a-gettimeofdayr.o)
 .bss           0x0000000008025004        0x0 c:/altera/15.0/_/nios2eds/bin/gnu/h-x86_64-mingw32/bin/../lib/gcc/nios2-elf/4.9.1/../../../../../H-x86_64-mingw32/nios2-elf/lib\libc.a(lib_a-impure.o)
 .bss           0x0000000008025004        0x0 c:/altera/15.0/_/nios2eds/bin/gnu/h-x86_64-mingw32/bin/../lib/gcc/nios2-elf/4.9.1/../../../../../H-x86_64-mingw32/nios2-elf/lib\libc.a(lib_a-int_errno.o)
 .bss           0x0000000008025004        0x0 c:/altera/15.0/_/nios2eds/bin/gnu/h-x86_64-mingw32/bin/../lib/gcc/nios2-elf/4.9.1/../../../../../H-x86_64-mingw32/nios2-elf/lib\libc.a(lib_a-locale.o)
 .bss           0x0000000008025004        0x0 c:/altera/15.0/_/nios2eds/bin/gnu/h-x86_64-mingw32/bin/../lib/gcc/nios2-elf/4.9.1/../../../../../H-x86_64-mingw32/nios2-elf/lib\libc.a(lib_a-makebuf.o)
 .bss           0x0000000008025004        0x0 c:/altera/15.0/_/nios2eds/bin/gnu/h-x86_64-mingw32/bin/../lib/gcc/nios2-elf/4.9.1/../../../../../H-x86_64-mingw32/nios2-elf/lib\libc.a(lib_a-memchr.o)
 .bss           0x0000000008025004        0x0 c:/altera/15.0/_/nios2eds/bin/gnu/h-x86_64-mingw32/bin/../lib/gcc/nios2-elf/4.9.1/../../../../../H-x86_64-mingw32/nios2-elf/lib\libc.a(lib_a-memcpy.o)
 .bss           0x0000000008025004        0x0 c:/altera/15.0/_/nios2eds/bin/gnu/h-x86_64-mingw32/bin/../lib/gcc/nios2-elf/4.9.1/../../../../../H-x86_64-mingw32/nios2-elf/lib\libc.a(lib_a-memset.o)
 .bss           0x0000000008025004        0x0 c:/altera/15.0/_/nios2eds/bin/gnu/h-x86_64-mingw32/bin/../lib/gcc/nios2-elf/4.9.1/../../../../../H-x86_64-mingw32/nios2-elf/lib\libc.a(lib_a-mprec.o)
 .bss           0x0000000008025004        0x0 c:/altera/15.0/_/nios2eds/bin/gnu/h-x86_64-mingw32/bin/../lib/gcc/nios2-elf/4.9.1/../../../../../H-x86_64-mingw32/nios2-elf/lib\libc.a(lib_a-putc.o)
 .bss           0x0000000008025004        0x0 c:/altera/15.0/_/nios2eds/bin/gnu/h-x86_64-mingw32/bin/../lib/gcc/nios2-elf/4.9.1/../../../../../H-x86_64-mingw32/nios2-elf/lib\libc.a(lib_a-s_fpclassify.o)
 .bss           0x0000000008025004        0x0 c:/altera/15.0/_/nios2eds/bin/gnu/h-x86_64-mingw32/bin/../lib/gcc/nios2-elf/4.9.1/../../../../../H-x86_64-mingw32/nios2-elf/lib\libc.a(lib_a-stdio.o)
 .bss           0x0000000008025004        0x0 c:/altera/15.0/_/nios2eds/bin/gnu/h-x86_64-mingw32/bin/../lib/gcc/nios2-elf/4.9.1/../../../../../H-x86_64-mingw32/nios2-elf/lib\libc.a(lib_a-strncmp.o)
 .bss           0x0000000008025004        0x0 c:/altera/15.0/_/nios2eds/bin/gnu/h-x86_64-mingw32/bin/../lib/gcc/nios2-elf/4.9.1/../../../../../H-x86_64-mingw32/nios2-elf/lib\libc.a(lib_a-svfiprintf.o)
 .bss           0x0000000008025004        0x0 c:/altera/15.0/_/nios2eds/bin/gnu/h-x86_64-mingw32/bin/../lib/gcc/nios2-elf/4.9.1/../../../../../H-x86_64-mingw32/nios2-elf/lib\libc.a(lib_a-vfiprintf.o)
 .bss           0x0000000008025004        0x0 c:/altera/15.0/_/nios2eds/bin/gnu/h-x86_64-mingw32/bin/../lib/gcc/nios2-elf/4.9.1/../../../../../H-x86_64-mingw32/nios2-elf/lib\libc.a(lib_a-wbuf.o)
 .bss           0x0000000008025004        0x0 c:/altera/15.0/_/nios2eds/bin/gnu/h-x86_64-mingw32/bin/../lib/gcc/nios2-elf/4.9.1/../../../../../H-x86_64-mingw32/nios2-elf/lib\libc.a(lib_a-writer.o)
 .bss           0x0000000008025004        0x0 c:/altera/15.0/_/nios2eds/bin/gnu/h-x86_64-mingw32/bin/../lib/gcc/nios2-elf/4.9.1/../../../../../H-x86_64-mingw32/nios2-elf/lib\libc.a(closer.o)
 .bss           0x0000000008025004        0x0 c:/altera/15.0/_/nios2eds/bin/gnu/h-x86_64-mingw32/bin/../lib/gcc/nios2-elf/4.9.1/../../../../../H-x86_64-mingw32/nios2-elf/lib\libc.a(lib_a-callocr.o)
 .bss           0x0000000008025004        0x0 c:/altera/15.0/_/nios2eds/bin/gnu/h-x86_64-mingw32/bin/../lib/gcc/nios2-elf/4.9.1/../../../../../H-x86_64-mingw32/nios2-elf/lib\libc.a(lib_a-fclose.o)
 .bss           0x0000000008025004        0x0 c:/altera/15.0/_/nios2eds/bin/gnu/h-x86_64-mingw32/bin/../lib/gcc/nios2-elf/4.9.1/../../../../../H-x86_64-mingw32/nios2-elf/lib\libc.a(lib_a-fputwc.o)
 .bss           0x0000000008025004        0x0 c:/altera/15.0/_/nios2eds/bin/gnu/h-x86_64-mingw32/bin/../lib/gcc/nios2-elf/4.9.1/../../../../../H-x86_64-mingw32/nios2-elf/lib\libc.a(lib_a-fstatr.o)
 .bss           0x0000000008025004        0x0 c:/altera/15.0/_/nios2eds/bin/gnu/h-x86_64-mingw32/bin/../lib/gcc/nios2-elf/4.9.1/../../../../../H-x86_64-mingw32/nios2-elf/lib\libc.a(lib_a-fvwrite.o)
 .bss           0x0000000008025004        0x0 c:/altera/15.0/_/nios2eds/bin/gnu/h-x86_64-mingw32/bin/../lib/gcc/nios2-elf/4.9.1/../../../../../H-x86_64-mingw32/nios2-elf/lib\libc.a(lib_a-isattyr.o)
 .bss           0x0000000008025004        0x0 c:/altera/15.0/_/nios2eds/bin/gnu/h-x86_64-mingw32/bin/../lib/gcc/nios2-elf/4.9.1/../../../../../H-x86_64-mingw32/nios2-elf/lib\libc.a(lib_a-lseekr.o)
 .bss           0x0000000008025004        0x0 c:/altera/15.0/_/nios2eds/bin/gnu/h-x86_64-mingw32/bin/../lib/gcc/nios2-elf/4.9.1/../../../../../H-x86_64-mingw32/nios2-elf/lib\libc.a(lib_a-memmove.o)
 .bss           0x0000000008025004        0x0 c:/altera/15.0/_/nios2eds/bin/gnu/h-x86_64-mingw32/bin/../lib/gcc/nios2-elf/4.9.1/../../../../../H-x86_64-mingw32/nios2-elf/lib\libc.a(lib_a-readr.o)
 .bss           0x0000000008025004        0x0 c:/altera/15.0/_/nios2eds/bin/gnu/h-x86_64-mingw32/bin/../lib/gcc/nios2-elf/4.9.1/../../../../../H-x86_64-mingw32/nios2-elf/lib\libc.a(lib_a-reallocr.o)
 .bss           0x0000000008025004        0x0 c:/altera/15.0/_/nios2eds/bin/gnu/h-x86_64-mingw32/bin/../lib/gcc/nios2-elf/4.9.1/../../../../../H-x86_64-mingw32/nios2-elf/lib\libc.a(lib_a-wcrtomb.o)
 .bss           0x0000000008025004        0x0 c:/altera/15.0/_/nios2eds/bin/gnu/h-x86_64-mingw32/bin/../lib/gcc/nios2-elf/4.9.1/../../../../../H-x86_64-mingw32/nios2-elf/lib\libc.a(lib_a-wctomb_r.o)
 .bss           0x0000000008025004        0x0 c:/altera/15.0/_/nios2eds/bin/gnu/h-x86_64-mingw32/bin/../lib/gcc/nios2-elf/4.9.1\libgcc.a(_fixunsdfsi.o)
 .bss           0x0000000008025004        0x0 c:/altera/15.0/_/nios2eds/bin/gnu/h-x86_64-mingw32/bin/../lib/gcc/nios2-elf/4.9.1\libgcc.a(_udivdi3.o)
 .bss           0x0000000008025004        0x0 c:/altera/15.0/_/nios2eds/bin/gnu/h-x86_64-mingw32/bin/../lib/gcc/nios2-elf/4.9.1\libgcc.a(_umoddi3.o)
 .bss           0x0000000008025004        0x0 c:/altera/15.0/_/nios2eds/bin/gnu/h-x86_64-mingw32/bin/../lib/gcc/nios2-elf/4.9.1\libgcc.a(eqsf2.o)
 .bss           0x0000000008025004        0x0 c:/altera/15.0/_/nios2eds/bin/gnu/h-x86_64-mingw32/bin/../lib/gcc/nios2-elf/4.9.1\libgcc.a(gesf2.o)
 .bss           0x0000000008025004        0x0 c:/altera/15.0/_/nios2eds/bin/gnu/h-x86_64-mingw32/bin/../lib/gcc/nios2-elf/4.9.1\libgcc.a(lesf2.o)
 .bss           0x0000000008025004        0x0 c:/altera/15.0/_/nios2eds/bin/gnu/h-x86_64-mingw32/bin/../lib/gcc/nios2-elf/4.9.1\libgcc.a(eqdf2.o)
 .bss           0x0000000008025004        0x0 c:/altera/15.0/_/nios2eds/bin/gnu/h-x86_64-mingw32/bin/../lib/gcc/nios2-elf/4.9.1\libgcc.a(gedf2.o)
 .bss           0x0000000008025004        0x0 c:/altera/15.0/_/nios2eds/bin/gnu/h-x86_64-mingw32/bin/../lib/gcc/nios2-elf/4.9.1\libgcc.a(ledf2.o)
 .bss           0x0000000008025004        0x0 c:/altera/15.0/_/nios2eds/bin/gnu/h-x86_64-mingw32/bin/../lib/gcc/nios2-elf/4.9.1\libgcc.a(subdf3.o)
 .bss           0x0000000008025004        0x0 c:/altera/15.0/_/nios2eds/bin/gnu/h-x86_64-mingw32/bin/../lib/gcc/nios2-elf/4.9.1\libgcc.a(floatunsidf.o)
 .bss           0x0000000008025004        0x0 c:/altera/15.0/_/nios2eds/bin/gnu/h-x86_64-mingw32/bin/../lib/gcc/nios2-elf/4.9.1\libgcc.a(truncdfsf2.o)
 .bss           0x0000000008025004        0x0 ../CPEN391project_bsp/\libhal_bsp.a(alt_close.o)
 .bss           0x0000000008025004        0x0 ../CPEN391project_bsp/\libhal_bsp.a(alt_dev.o)
 .bss           0x0000000008025004        0x0 ../CPEN391project_bsp/\libhal_bsp.a(alt_errno.o)
 .bss           0x0000000008025004        0x0 ../CPEN391project_bsp/\libhal_bsp.a(alt_fstat.o)
 .bss           0x0000000008025004        0x0 ../CPEN391project_bsp/\libhal_bsp.a(alt_gettod.o)
 .bss           0x0000000008025004        0x0 ../CPEN391project_bsp/\libhal_bsp.a(alt_isatty.o)
 .bss           0x0000000008025004        0x0 ../CPEN391project_bsp/\libhal_bsp.a(alt_load.o)
 .bss           0x0000000008025004        0x0 ../CPEN391project_bsp/\libhal_bsp.a(alt_lseek.o)
 .bss           0x0000000008025004        0x0 ../CPEN391project_bsp/\libhal_bsp.a(alt_main.o)
 .bss           0x0000000008025004        0x0 ../CPEN391project_bsp/\libhal_bsp.a(alt_malloc_lock.o)
 .bss           0x0000000008025004        0x0 ../CPEN391project_bsp/\libhal_bsp.a(alt_read.o)
 .bss           0x0000000008025004        0x0 ../CPEN391project_bsp/\libhal_bsp.a(alt_release_fd.o)
 .bss           0x0000000008025004        0x0 ../CPEN391project_bsp/\libhal_bsp.a(alt_sbrk.o)
 .bss           0x0000000008025004        0x0 ../CPEN391project_bsp/\libhal_bsp.a(alt_tick.o)
 .bss           0x0000000008025004        0x0 ../CPEN391project_bsp/\libhal_bsp.a(alt_sys_init.o)
 .bss           0x0000000008025004        0x0 ../CPEN391project_bsp/\libhal_bsp.a(altera_avalon_jtag_uart_fd.o)
 .bss           0x0000000008025004        0x0 ../CPEN391project_bsp/\libhal_bsp.a(altera_avalon_jtag_uart_init.o)
 .bss           0x0000000008025004        0x0 ../CPEN391project_bsp/\libhal_bsp.a(altera_avalon_jtag_uart_ioctl.o)
 .bss           0x0000000008025004        0x0 ../CPEN391project_bsp/\libhal_bsp.a(altera_avalon_jtag_uart_read.o)
 .bss           0x0000000008025004        0x0 ../CPEN391project_bsp/\libhal_bsp.a(altera_avalon_jtag_uart_write.o)
 .bss           0x0000000008025004        0x0 ../CPEN391project_bsp/\libhal_bsp.a(altera_avalon_timer_sc.o)
 .bss           0x0000000008025004        0x0 ../CPEN391project_bsp/\libhal_bsp.a(altera_up_avalon_character_lcd.o)
 .bss           0x0000000008025004        0x0 ../CPEN391project_bsp/\libhal_bsp.a(alt_alarm_start.o)
 .bss           0x0000000008025004        0x0 ../CPEN391project_bsp/\libhal_bsp.a(alt_dcache_flush_all.o)
 .bss           0x0000000008025004        0x0 ../CPEN391project_bsp/\libhal_bsp.a(alt_dev_llist_insert.o)
 .bss           0x0000000008025004        0x0 ../CPEN391project_bsp/\libhal_bsp.a(alt_do_ctors.o)
 .bss           0x0000000008025004        0x0 ../CPEN391project_bsp/\libhal_bsp.a(alt_do_dtors.o)
 .bss           0x0000000008025004        0x0 ../CPEN391project_bsp/\libhal_bsp.a(alt_find_dev.o)
 .bss           0x0000000008025004        0x0 ../CPEN391project_bsp/\libhal_bsp.a(alt_icache_flush_all.o)
 .bss           0x0000000008025004        0x0 ../CPEN391project_bsp/\libhal_bsp.a(alt_iic.o)
 .bss           0x0000000008025004        0x0 ../CPEN391project_bsp/\libhal_bsp.a(alt_iic_isr_register.o)
 .bss           0x0000000008025004        0x0 ../CPEN391project_bsp/\libhal_bsp.a(alt_io_redirect.o)
 .bss           0x0000000008025004        0x0 ../CPEN391project_bsp/\libhal_bsp.a(alt_irq_entry.o)
 .bss           0x0000000008025004        0x0 ../CPEN391project_bsp/\libhal_bsp.a(alt_irq_handler.o)
 .bss           0x0000000008025004        0x0 ../CPEN391project_bsp/\libhal_bsp.a(alt_irq_vars.o)
 .bss           0x0000000008025004        0x0 ../CPEN391project_bsp/\libhal_bsp.a(alt_open.o)
 .bss           0x0000000008025004        0x0 ../CPEN391project_bsp/\libhal_bsp.a(altera_nios2_qsys_irq.o)
 .bss           0x0000000008025004        0x0 ../CPEN391project_bsp/\libhal_bsp.a(alt_exception_entry.o)
 .bss           0x0000000008025004        0x0 ../CPEN391project_bsp/\libhal_bsp.a(alt_find_file.o)
 .bss           0x0000000008025004        0x0 ../CPEN391project_bsp/\libhal_bsp.a(alt_get_fd.o)
 .bss           0x0000000008025004        0x0 ../CPEN391project_bsp/\libhal_bsp.a(alt_icache_flush.o)
 .bss           0x0000000008025004        0x0 c:/altera/15.0/_/nios2eds/bin/gnu/h-x86_64-mingw32/bin/../lib/gcc/nios2-elf/4.9.1/../../../../../H-x86_64-mingw32/nios2-elf/lib\libc.a(lib_a-atexit.o)
 .bss           0x0000000008025004        0x0 c:/altera/15.0/_/nios2eds/bin/gnu/h-x86_64-mingw32/bin/../lib/gcc/nios2-elf/4.9.1/../../../../../H-x86_64-mingw32/nios2-elf/lib\libc.a(lib_a-exit.o)
 .bss           0x0000000008025004        0x0 c:/altera/15.0/_/nios2eds/bin/gnu/h-x86_64-mingw32/bin/../lib/gcc/nios2-elf/4.9.1/../../../../../H-x86_64-mingw32/nios2-elf/lib\libc.a(lib_a-memcmp.o)
 .bss           0x0000000008025004        0x0 c:/altera/15.0/_/nios2eds/bin/gnu/h-x86_64-mingw32/bin/../lib/gcc/nios2-elf/4.9.1/../../../../../H-x86_64-mingw32/nios2-elf/lib\libc.a(lib_a-__atexit.o)
 .bss           0x0000000008025004        0x0 c:/altera/15.0/_/nios2eds/bin/gnu/h-x86_64-mingw32/bin/../lib/gcc/nios2-elf/4.9.1/../../../../../H-x86_64-mingw32/nios2-elf/lib\libc.a(lib_a-__call_atexit.o)
 .bss           0x0000000008025004        0x0 c:/altera/15.0/_/nios2eds/bin/gnu/h-x86_64-mingw32/bin/../lib/gcc/nios2-elf/4.9.1\libgcc.a(_muldi3.o)
 .bss           0x0000000008025004        0x0 ../CPEN391project_bsp/\libhal_bsp.a(alt_exit.o)
 *(COMMON)
 COMMON         0x0000000008025004      0x100 c:/altera/15.0/_/nios2eds/bin/gnu/h-x86_64-mingw32/bin/../lib/gcc/nios2-elf/4.9.1/../../../../../H-x86_64-mingw32/nios2-elf/lib\libc.a(lib_a-gdtoa-gethex.o)
                0x0000000008025004                __hexdig
 COMMON         0x0000000008025104      0x100 ../CPEN391project_bsp/\libhal_bsp.a(alt_irq_handler.o)
                0x0000000008025104                alt_irq
                0x0000000008025204                . = ALIGN (0x4)
                0x0000000008025204                __bss_end = ABSOLUTE (.)

.sdram          0x0000000008025204        0x0
                0x0000000008025204                PROVIDE (_alt_partition_sdram_start, ABSOLUTE (.))
 *(.sdram .sdram. sdram.*)
                0x0000000008025204                . = ALIGN (0x4)
                0x0000000008025204                PROVIDE (_alt_partition_sdram_end, ABSOLUTE (.))
                0x0000000008025204                _end = ABSOLUTE (.)
                0x0000000008025204                end = ABSOLUTE (.)
                0x0000000008025204                __alt_stack_base = ABSOLUTE (.)
                0x0000000008025204                PROVIDE (_alt_partition_sdram_load_addr, LOADADDR (.sdram))

.stab
 *(.stab)

.stabstr
 *(.stabstr)

.stab.excl
 *(.stab.excl)

.stab.exclstr
 *(.stab.exclstr)

.stab.index
 *(.stab.index)

.stab.indexstr
 *(.stab.indexstr)

.comment        0x0000000000000000       0x23
 *(.comment)
 .comment       0x0000000000000000       0x23 obj/default/hello_world.o
                                         0x24 (size before relaxing)
 .comment       0x0000000000000000       0x24 c:/altera/15.0/_/nios2eds/bin/gnu/h-x86_64-mingw32/bin/../lib/gcc/nios2-elf/4.9.1\libgcc.a(adddf3.o)
 .comment       0x0000000000000000       0x24 c:/altera/15.0/_/nios2eds/bin/gnu/h-x86_64-mingw32/bin/../lib/gcc/nios2-elf/4.9.1\libgcc.a(divdf3.o)
 .comment       0x0000000000000000       0x24 c:/altera/15.0/_/nios2eds/bin/gnu/h-x86_64-mingw32/bin/../lib/gcc/nios2-elf/4.9.1\libgcc.a(muldf3.o)
 .comment       0x0000000000000000       0x24 c:/altera/15.0/_/nios2eds/bin/gnu/h-x86_64-mingw32/bin/../lib/gcc/nios2-elf/4.9.1\libgcc.a(fixdfsi.o)
 .comment       0x0000000000000000       0x24 c:/altera/15.0/_/nios2eds/bin/gnu/h-x86_64-mingw32/bin/../lib/gcc/nios2-elf/4.9.1\libgcc.a(floatsidf.o)