Archive member included to satisfy reference by file (symbol)

c:/altera/15.0/_/nios2eds/bin/gnu/h-x86_64-mingw32/bin/../lib/gcc/nios2-elf/4.9.1/../../../../../H-x86_64-mingw32/nios2-elf/lib\libc.a(lib_a-printf.o)
                              obj/default/hello_world.o (printf)
c:/altera/15.0/_/nios2eds/bin/gnu/h-x86_64-mingw32/bin/../lib/gcc/nios2-elf/4.9.1/../../../../../H-x86_64-mingw32/nios2-elf/lib\libc.a(lib_a-puts.o)
                              obj/default/hello_world.o (puts)
c:/altera/15.0/_/nios2eds/bin/gnu/h-x86_64-mingw32/bin/../lib/gcc/nios2-elf/4.9.1/../../../../../H-x86_64-mingw32/nios2-elf/lib\libc.a(lib_a-strlen.o)
                              c:/altera/15.0/_/nios2eds/bin/gnu/h-x86_64-mingw32/bin/../lib/gcc/nios2-elf/4.9.1/../../../../../H-x86_64-mingw32/nios2-elf/lib\libc.a(lib_a-puts.o) (strlen)
c:/altera/15.0/_/nios2eds/bin/gnu/h-x86_64-mingw32/bin/../lib/gcc/nios2-elf/4.9.1/../../../../../H-x86_64-mingw32/nios2-elf/lib\libc.a(lib_a-time.o)
                              obj/default/hello_world.o (time)
c:/altera/15.0/_/nios2eds/bin/gnu/h-x86_64-mingw32/bin/../lib/gcc/nios2-elf/4.9.1/../../../../../H-x86_64-mingw32/nios2-elf/lib\libc.a(lib_a-vfprintf.o)
                              c:/altera/15.0/_/nios2eds/bin/gnu/h-x86_64-mingw32/bin/../lib/gcc/nios2-elf/4.9.1/../../../../../H-x86_64-mingw32/nios2-elf/lib\libc.a(lib_a-printf.o) (___vfprintf_internal_r)
c:/altera/15.0/_/nios2eds/bin/gnu/h-x86_64-mingw32/bin/../lib/gcc/nios2-elf/4.9.1/../../../../../H-x86_64-mingw32/nios2-elf/lib\libc.a(lib_a-wsetup.o)
                              c:/altera/15.0/_/nios2eds/bin/gnu/h-x86_64-mingw32/bin/../lib/gcc/nios2-elf/4.9.1/../../../../../H-x86_64-mingw32/nios2-elf/lib\libc.a(lib_a-vfprintf.o) (__swsetup_r)
c:/altera/15.0/_/nios2eds/bin/gnu/h-x86_64-mingw32/bin/../lib/gcc/nios2-elf/4.9.1/../../../../../H-x86_64-mingw32/nios2-elf/lib\libc.a(lib_a-dtoa.o)
                              c:/altera/15.0/_/nios2eds/bin/gnu/h-x86_64-mingw32/bin/../lib/gcc/nios2-elf/4.9.1/../../../../../H-x86_64-mingw32/nios2-elf/lib\libc.a(lib_a-vfprintf.o) (_dtoa_r)
c:/altera/15.0/_/nios2eds/bin/gnu/h-x86_64-mingw32/bin/../lib/gcc/nios2-elf/4.9.1/../../../../../H-x86_64-mingw32/nios2-elf/lib\libc.a(lib_a-fflush.o)
                              c:/altera/15.0/_/nios2eds/bin/gnu/h-x86_64-mingw32/bin/../lib/gcc/nios2-elf/4.9.1/../../../../../H-x86_64-mingw32/nios2-elf/lib\libc.a(lib_a-vfprintf.o) (_fflush_r)
c:/altera/15.0/_/nios2eds/bin/gnu/h-x86_64-mingw32/bin/../lib/gcc/nios2-elf/4.9.1/../../../../../H-x86_64-mingw32/nios2-elf/lib\libc.a(lib_a-findfp.o)
                              c:/altera/15.0/_/nios2eds/bin/gnu/h-x86_64-mingw32/bin/../lib/gcc/nios2-elf/4.9.1/../../../../../H-x86_64-mingw32/nios2-elf/lib\libc.a(lib_a-vfprintf.o) (__sinit)
c:/altera/15.0/_/nios2eds/bin/gnu/h-x86_64-mingw32/bin/../lib/gcc/nios2-elf/4.9.1/../../../../../H-x86_64-mingw32/nios2-elf/lib\libc.a(lib_a-freer.o)
                              c:/altera/15.0/_/nios2eds/bin/gnu/h-x86_64-mingw32/bin/../lib/gcc/nios2-elf/4.9.1/../../../../../H-x86_64-mingw32/nios2-elf/lib\libc.a(lib_a-wsetup.o) (_free_r)
c:/altera/15.0/_/nios2eds/bin/gnu/h-x86_64-mingw32/bin/../lib/gcc/nios2-elf/4.9.1/../../../../../H-x86_64-mingw32/nios2-elf/lib\libc.a(lib_a-fvwrite.o)
                              c:/altera/15.0/_/nios2eds/bin/gnu/h-x86_64-mingw32/bin/../lib/gcc/nios2-elf/4.9.1/../../../../../H-x86_64-mingw32/nios2-elf/lib\libc.a(lib_a-puts.o) (__sfvwrite_r)
c:/altera/15.0/_/nios2eds/bin/gnu/h-x86_64-mingw32/bin/../lib/gcc/nios2-elf/4.9.1/../../../../../H-x86_64-mingw32/nios2-elf/lib\libc.a(lib_a-fwalk.o)
                              c:/altera/15.0/_/nios2eds/bin/gnu/h-x86_64-mingw32/bin/../lib/gcc/nios2-elf/4.9.1/../../../../../H-x86_64-mingw32/nios2-elf/lib\libc.a(lib_a-findfp.o) (_fwalk)
c:/altera/15.0/_/nios2eds/bin/gnu/h-x86_64-mingw32/bin/../lib/gcc/nios2-elf/4.9.1/../../../../../H-x86_64-mingw32/nios2-elf/lib\libc.a(lib_a-gettimeofdayr.o)
                              c:/altera/15.0/_/nios2eds/bin/gnu/h-x86_64-mingw32/bin/../lib/gcc/nios2-elf/4.9.1/../../../../../H-x86_64-mingw32/nios2-elf/lib\libc.a(lib_a-time.o) (_gettimeofday_r)
c:/altera/15.0/_/nios2eds/bin/gnu/h-x86_64-mingw32/bin/../lib/gcc/nios2-elf/4.9.1/../../../../../H-x86_64-mingw32/nios2-elf/lib\libc.a(lib_a-impure.o)
                              c:/altera/15.0/_/nios2eds/bin/gnu/h-x86_64-mingw32/bin/../lib/gcc/nios2-elf/4.9.1/../../../../../H-x86_64-mingw32/nios2-elf/lib\libc.a(lib_a-fflush.o) (_global_impure_ptr)
c:/altera/15.0/_/nios2eds/bin/gnu/h-x86_64-mingw32/bin/../lib/gcc/nios2-elf/4.9.1/../../../../../H-x86_64-mingw32/nios2-elf/lib\libc.a(lib_a-int_errno.o)
                              c:/altera/15.0/_/nios2eds/bin/gnu/h-x86_64-mingw32/bin/../lib/gcc/nios2-elf/4.9.1/../../../../../H-x86_64-mingw32/nios2-elf/lib\libc.a(lib_a-gettimeofdayr.o) (errno)
[...]
Memory Configuration

Name             Origin             Length             Attributes
reset            0x0000000008000000 0x0000000000000020
sdram            0x0000000008000020 0x0000000003ffffe0
*default*        0x0000000000000000 0xffffffffffffffff

Linker script and memory map

LOAD ../healthsensor_bsp//obj/HAL/src/crt0.o
LOAD obj/default/hello_world.o
LOAD c:/altera/15.0/_/nios2eds/bin/gnu/h-x86_64-mingw32/bin/../lib/gcc/nios2-elf/4.9.1/../../../../../H-x86_64-mingw32/nios2-elf/lib\libstdc++.a
LOAD c:/altera/15.0/_/nios2eds/bin/gnu/h-x86_64-mingw32/bin/../lib/gcc/nios2-elf/4.9.1/../../../../../H-x86_64-mingw32/nios2-elf/lib\libm.a
LOAD c:/altera/15.0/_/nios2eds/bin/gnu/h-x86_64-mingw32/bin/../lib/gcc/nios2-elf/4.9.1\libgcc.a
START GROUP
LOAD c:/altera/15.0/_/nios2eds/bin/gnu/h-x86_64-mingw32/bin/../lib/gcc/nios2-elf/4.9.1/../../../../../H-x86_64-mingw32/nios2-elf/lib\libc.a
LOAD c:/altera/15.0/_/nios2eds/bin/gnu/h-x86_64-mingw32/bin/../lib/gcc/nios2-elf/4.9.1\libgcc.a
LOAD ../healthsensor_bsp/\libhal_bsp.a
LOAD c:/altera/15.0/_/nios2eds/bin/gnu/h-x86_64-mingw32/bin/../lib/gcc/nios2-elf/4.9.1/../../../../../H-x86_64-mingw32/nios2-elf/lib\libm.a
END GROUP
LOAD c:/altera/15.0/_/nios2eds/bin/gnu/h-x86_64-mingw32/bin/../lib/gcc/nios2-elf/4.9.1\libgcc.a
                0x0000000008000000                __alt_mem_sdram = 0x8000000

.entry          0x0000000008000000       0x20
 *(.entry)
 .entry         0x0000000008000000       0x20 ../healthsensor_bsp//obj/HAL/src/crt0.o
                0x0000000008000000                __reset

.exceptions     0x0000000008000020      0x19c
                0x0000000008000020                PROVIDE (__ram_exceptions_start, ABSOLUTE (.))
                0x0000000008000020                . = ALIGN (0x20)
 *(.irq)
 *(.exceptions.entry.label)
 .exceptions.entry.label
                0x0000000008000020        0x0 ../healthsensor_bsp/\libhal_bsp.a(alt_irq_entry.o)
                0x0000000008000020                alt_irq_entry
 .exceptions.entry.label
                0x0000000008000020        0x0 ../healthsensor_bsp/\libhal_bsp.a(alt_exception_entry.o)
                0x0000000008000020                alt_exception
 *(.exceptions.entry.user)
 *(.exceptions.entry.ecc_fatal)
 *(.exceptions.entry)
 .exceptions.entry
                0x0000000008000020       0x54 ../healthsensor_bsp/\libhal_bsp.a(alt_exception_entry.o)
 *(.exceptions.irqtest.user)
 *(.exceptions.irqtest)
 .exceptions.irqtest
                0x0000000008000074       0x10 ../healthsensor_bsp/\libhal_bsp.a(alt_irq_entry.o)
 *(.exceptions.irqhandler.user)
 *(.exceptions.irqhandler)
 .exceptions.irqhandler
                0x0000000008000084        0x4 ../healthsensor_bsp/\libhal_bsp.a(alt_irq_entry.o)
 *(.exceptions.irqreturn.user)
 *(.exceptions.irqreturn)
 .exceptions.irqreturn
                0x0000000008000088        0x4 ../healthsensor_bsp/\libhal_bsp.a(alt_irq_entry.o)
 *(.exceptions.notirq.label)
 .exceptions.notirq.label
                0x000000000800008c        0x0 ../healthsensor_bsp/\libhal_bsp.a(alt_irq_entry.o)
 *(.exceptions.notirq.user)
 *(.exceptions.notirq)
 .exceptions.notirq
                0x000000000800008c        0x8 ../healthsensor_bsp/\libhal_bsp.a(alt_exception_entry.o)
 *(.exceptions.soft.user)
 *(.exceptions.soft)
 *(.exceptions.unknown.user)
 *(.exceptions.unknown)
 .exceptions.unknown
                0x0000000008000094        0x4 ../healthsensor_bsp/\libhal_bsp.a(alt_exception_entry.o)
 *(.exceptions.exit.label)
 .exceptions.exit.label
                0x0000000008000098        0x0 ../healthsensor_bsp/\libhal_bsp.a(alt_irq_entry.o)
 .exceptions.exit.label
                0x0000000008000098        0x0 ../healthsensor_bsp/\libhal_bsp.a(alt_exception_entry.o)
 *(.exceptions.exit.user)
 *(.exceptions.exit)
 .exceptions.exit
                0x0000000008000098       0x54 ../healthsensor_bsp/\libhal_bsp.a(alt_exception_entry.o)
 *(.exceptions)
 .exceptions    0x00000000080000ec       0xd0 ../healthsensor_bsp/\libhal_bsp.a(alt_irq_handler.o)
                0x00000000080000ec                alt_irq_handler
                0x00000000080001bc                PROVIDE (__ram_exceptions_end, ABSOLUTE (.))
                0x0000000008000020                PROVIDE (__flash_exceptions_start, LOADADDR (.exceptions))

.text           0x00000000080001bc     0xf5b0
                0x00000000080001bc                PROVIDE (stext, ABSOLUTE (.))
 *(.interp)
 *(.hash)
 *(.dynsym)
 *(.dynstr)
 *(.gnu.version)
 *(.gnu.version_d)
 *(.gnu.version_r)
 *(.rel.init)
 *(.rela.init)
 *(.rel.text .rel.text.* .rel.gnu.linkonce.t.*)
 *(.rela.text .rela.text.* .rela.gnu.linkonce.t.*)
 *(.rel.fini)
 *(.rela.fini)
 *(.rel.rodata .rel.rodata.* .rel.gnu.linkonce.r.*)
 *(.rela.rodata .rela.rodata.* .rela.gnu.linkonce.r.*)
 *(.rel.data .rel.data.* .rel.gnu.linkonce.d.*)
 *(.rela.data .rela.data.* .rela.gnu.linkonce.d.*)
 *(.rel.tdata .rel.tdata.* .rel.gnu.linkonce.td.*)
 *(.rela.tdata .rela.tdata.* .rela.gnu.linkonce.td.*)
 *(.rel.tbss .rel.tbss.* .rel.gnu.linkonce.tb.*)
 *(.rela.tbss .rela.tbss.* .rela.gnu.linkonce.tb.*)
 *(.rel.ctors)
 *(.rela.ctors)
 *(.rel.dtors)
 *(.rela.dtors)
 *(.rel.got)
 *(.rela.got)
 *(.rel.sdata .rel.sdata.* .rel.gnu.linkonce.s.*)
 *(.rela.sdata .rela.sdata.* .rela.gnu.linkonce.s.*)
 *(.rel.sbss .rel.sbss.* .rel.gnu.linkonce.sb.*)
 *(.rela.sbss .rela.sbss.* .rela.gnu.linkonce.sb.*)
 *(.rel.sdata2 .rel.sdata2.* .rel.gnu.linkonce.s2.*)
 *(.rela.sdata2 .rela.sdata2.* .rela.gnu.linkonce.s2.*)
 *(.rel.sbss2 .rel.sbss2.* .rel.gnu.linkonce.sb2.*)
 *(.rela.sbss2 .rela.sbss2.* .rela.gnu.linkonce.sb2.*)
 *(.rel.bss .rel.bss.* .rel.gnu.linkonce.b.*)
 *(.rela.bss .rela.bss.* .rela.gnu.linkonce.b.*)
 *(.rel.plt)
 *(.rela.plt)
 *(.rel.dyn)
 *(.init)
 *(.plt)
 *(.text .stub .text.* .gnu.linkonce.t.*)
 .text          0x00000000080001bc       0x3c ../healthsensor_bsp//obj/HAL/src/crt0.o
                0x00000000080001bc                _start
 .text          0x00000000080001f8      0x280 obj/default/hello_world.o
                0x00000000080001f8                initRS232HR
                0x0000000008000234                getCharRS232HR
                0x0000000008000278                putCharRS232HR
                0x00000000080002c4                waitChar
                0x0000000008000310                getHRData
                0x00000000080003d8                waitFor
                0x0000000008000430                main
 .text          0x0000000008000478       0x68 c:/altera/15.0/_/nios2eds/bin/gnu/h-x86_64-mingw32/bin/../lib/gcc/nios2-elf/4.9.1/../../../../../H-x86_64-mingw32/nios2-elf/lib\libc.a(lib_a-printf.o)
                0x0000000008000478                _printf_r
                0x00000000080004a4                printf
 .text          0x00000000080004e0       0xcc c:/altera/15.0/_/nios2eds/bin/gnu/h-x86_64-mingw32/bin/../lib/gcc/nios2-elf/4.9.1/../../../../../H-x86_64-mingw32/nios2-elf/lib\libc.a(lib_a-puts.o)
                0x00000000080004e0                _puts_r
                0x0000000008000598                puts
 .text          0x00000000080005ac       0x98 c:/altera/15.0/_/nios2eds/bin/gnu/h-x86_64-mingw32/bin/../lib/gcc/nios2-elf/4.9.1/../../../../../H-x86_64-mingw32/nios2-elf/lib\libc.a(lib_a-strlen.o)
                0x00000000080005ac                strlen
 .text          0x0000000008000644       0x50 c:/altera/15.0/_/nios2eds/bin/gnu/h-x86_64-mingw32/bin/../lib/gcc/nios2-elf/4.9.1/../../../../../H-x86_64-mingw32/nios2-elf/lib\libc.a(lib_a-time.o)
                0x0000000008000644                time
 .text          0x0000000008000694     0x2020 c:/altera/15.0/_/nios2eds/bin/gnu/h-x86_64-mingw32/bin/../lib/gcc/nios2-elf/4.9.1/../../../../../H-x86_64-mingw32/nios2-elf/lib\libc.a(lib_a-vfprintf.o)
                0x0000000008000694                ___vfprintf_internal_r
                0x0000000008002690                __vfprintf_internal
 .text          0x00000000080026b4      0x130 c:/altera/15.0/_/nios2eds/bin/gnu/h-x86_64-mingw32/bin/../lib/gcc/nios2-elf/4.9.1/../../../../../H-x86_64-mingw32/nios2-elf/lib\libc.a(lib_a-wsetup.o)
                0x00000000080026b4                __swsetup_r
 .text          0x00000000080027e4     0x1928 c:/altera/15.0/_/nios2eds/bin/gnu/h-x86_64-mingw32/bin/../lib/gcc/nios2-elf/4.9.1/../../../../../H-x86_64-mingw32/nios2-elf/lib\libc.a(lib_a-dtoa.o)
                0x00000000080029e4                _dtoa_r
 .text          0x000000000800410c      0x258 c:/altera/15.0/_/nios2eds/bin/gnu/h-x86_64-mingw32/bin/../lib/gcc/nios2-elf/4.9.1/../../../../../H-x86_64-mingw32/nios2-elf/lib\libc.a(lib_a-fflush.o)
                0x000000000800410c                _fflush_r
                0x0000000008004334                fflush
 .text          0x0000000008004364      0x3a0 c:/altera/15.0/_/nios2eds/bin/gnu/h-x86_64-mingw32/bin/../lib/gcc/nios2-elf/4.9.1/../../../../../H-x86_64-mingw32/nios2-elf/lib\libc.a(lib_a-findfp.o)
                0x0000000008004374                _cleanup_r
                0x0000000008004520                __sfmoreglue
                0x0000000008004584                __sfp
                0x000000000800469c                _cleanup
                0x00000000080046b4                __sinit
                0x00000000080046c4                __sfp_lock_acquire
                0x00000000080046c8                __sfp_lock_release
                0x00000000080046cc                __sinit_lock_acquire
                0x00000000080046d0                __sinit_lock_release
                0x00000000080046d4                __fp_lock_all
                0x00000000080046ec                __fp_unlock_all
 .text          0x0000000008004704      0x414 c:/altera/15.0/_/nios2eds/bin/gnu/h-x86_64-mingw32/bin/../lib/gcc/nios2-elf/4.9.1/../../../../../H-x86_64-mingw32/nios2-elf/lib\libc.a(lib_a-freer.o)
                0x0000000008004704                _malloc_trim_r
                0x0000000008004828                _free_r
 .text          0x0000000008004b18      0x4a4 c:/altera/15.0/_/nios2eds/bin/gnu/h-x86_64-mingw32/bin/../lib/gcc/nios2-elf/4.9.1/../../../../../H-x86_64-mingw32/nios2-elf/lib\libc.a(lib_a-fvwrite.o)
                0x0000000008004b18                __sfvwrite_r
 .text          0x0000000008004fbc      0x170 c:/altera/15.0/_/nios2eds/bin/gnu/h-x86_64-mingw32/bin/../lib/gcc/nios2-elf/4.9.1/../../../../../H-x86_64-mingw32/nios2-elf/lib\libc.a(lib_a-fwalk.o)
                0x0000000008004fbc                _fwalk
                0x0000000008005074                _fwalk_reent
 .text          0x000000000800512c       0x58 c:/altera/15.0/_/nios2eds/bin/gnu/h-x86_64-mingw32/bin/../lib/gcc/nios2-elf/4.9.1/../../../../../H-x86_64-mingw32/nios2-elf/lib\libc.a(lib_a-gettimeofdayr.o)
                0x000000000800512c                _gettimeofday_r
 .text          0x0000000008005184        0x0 c:/altera/15.0/_/nios2eds/bin/gnu/h-x86_64-mingw32/bin/../lib/gcc/nios2-elf/4.9.1/../../../../../H-x86_64-mingw32/nios2-elf/lib\libc.a(lib_a-impure.o)
 .text          0x0000000008005184        0x0 c:/altera/15.0/_/nios2eds/bin/gnu/h-x86_64-mingw32/bin/../lib/gcc/nios2-elf/4.9.1/../../../../../H-x86_64-mingw32/nios2-elf/lib\libc.a(lib_a-int_errno.o)
 .text          0x0000000008005184       0xe0 c:/altera/15.0/_/nios2eds/bin/gnu/h-x86_64-mingw32/bin/../lib/gcc/nios2-elf/4.9.1/../../../../../H-x86_64-mingw32/nios2-elf/lib\libc.a(lib_a-locale.o)
                0x0000000008005184                _setlocale_r
                0x0000000008005200                __locale_charset
                0x000000000800520c                __locale_mb_cur_max
                0x000000000800521c                __locale_msgcharset
                0x0000000008005228                __locale_cjk_lang
                0x0000000008005230                _localeconv_r
                0x000000000800523c                setlocale
                0x0000000008005258                localeconv
 .text          0x0000000008005264      0x1b8 c:/altera/15.0/_/nios2eds/bin/gnu/h-x86_64-mingw32/bin/../lib/gcc/nios2-elf/4.9.1/../../../../../H-x86_64-mingw32/nios2-elf/lib\libc.a(lib_a-makebuf.o)
                0x0000000008005264                __smakebuf_r
 .text          0x000000000800541c      0x7a8 c:/altera/15.0/_/nios2eds/bin/gnu/h-x86_64-mingw32/bin/../lib/gcc/nios2-elf/4.9.1/../../../../../H-x86_64-mingw32/nios2-elf/lib\libc.a(lib_a-mallocr.o)
                0x000000000800541c                _malloc_r
 .text          0x0000000008005bc4       0xe8 c:/altera/15.0/_/nios2eds/bin/gnu/h-x86_64-mingw32/bin/../lib/gcc/nios2-elf/4.9.1/../../../../../H-x86_64-mingw32/nios2-elf/lib\libc.a(lib_a-memchr.o)
                0x0000000008005bc4                memchr
 .text          0x0000000008005cac      0x138 c:/altera/15.0/_/nios2eds/bin/gnu/h-x86_64-mingw32/bin/../lib/gcc/nios2-elf/4.9.1/../../../../../H-x86_64-mingw32/nios2-elf/lib\libc.a(lib_a-memcpy.o)
                0x0000000008005cac                memcpy
 .text          0x0000000008005de4      0x15c c:/altera/15.0/_/nios2eds/bin/gnu/h-x86_64-mingw32/bin/../lib/gcc/nios2-elf/4.9.1/../../../../../H-x86_64-mingw32/nios2-elf/lib\libc.a(lib_a-memmove.o)
                0x0000000008005de4                memmove
 .text          0x0000000008005f40      0x124 c:/altera/15.0/_/nios2eds/bin/gnu/h-x86_64-mingw32/bin/../lib/gcc/nios2-elf/4.9.1/../../../../../H-x86_64-mingw32/nios2-elf/lib\libc.a(lib_a-memset.o)
                0x0000000008005f40                memset
 .text          0x0000000008006064      0xf8c c:/altera/15.0/_/nios2eds/bin/gnu/h-x86_64-mingw32/bin/../lib/gcc/nios2-elf/4.9.1/../../../../../H-x86_64-mingw32/nios2-elf/lib\libc.a(lib_a-mprec.o)
                0x0000000008006064                _Balloc
                0x000000000800610c                _Bfree
                0x0000000008006134                __multadd
                0x0000000008006248                __s2b
                0x000000000800634c                __hi0bits
                0x00000000080063b4                __lo0bits
                0x0000000008006464                __i2b
                0x00000000080064a0                __multiply
                0x000000000800669c                __pow5mult
                0x00000000080067dc                __lshift
                0x0000000008006924                __mcmp
                0x0000000008006984                __mdiff
                0x0000000008006b1c                __ulp
                0x0000000008006b7c                __b2d
                0x0000000008006c98                __d2b
                0x0000000008006dd4                __ratio
                0x0000000008006e78                _mprec_log10
                0x0000000008006eec                __copybits
                0x0000000008006f64                __any_on
 .text          0x0000000008006ff0      0x5a0 c:/altera/15.0/_/nios2eds/bin/gnu/h-x86_64-mingw32/bin/../lib/gcc/nios2-elf/4.9.1/../../../../../H-x86_64-mingw32/nios2-elf/lib\libc.a(lib_a-reallocr.o)
                0x0000000008006ff0                _realloc_r
 .text          0x0000000008007590       0x74 c:/altera/15.0/_/nios2eds/bin/gnu/h-x86_64-mingw32/bin/../lib/gcc/nios2-elf/4.9.1/../../../../../H-x86_64-mingw32/nios2-elf/lib\libc.a(lib_a-s_fpclassify.o)
                0x0000000008007590                __fpclassifyd
 .text          0x0000000008007604       0x54 c:/altera/15.0/_/nios2eds/bin/gnu/h-x86_64-mingw32/bin/../lib/gcc/nios2-elf/4.9.1/../../../../../H-x86_64-mingw32/nios2-elf/lib\libc.a(lib_a-sbrkr.o)
                0x0000000008007604                _sbrk_r
 .text          0x0000000008007658      0x13c c:/altera/15.0/_/nios2eds/bin/gnu/h-x86_64-mingw32/bin/../lib/gcc/nios2-elf/4.9.1/../../../../../H-x86_64-mingw32/nios2-elf/lib\libc.a(lib_a-stdio.o)
                0x0000000008007658                __sread
                0x00000000080076ac                __seofread
                0x00000000080076b4                __swrite
                0x0000000008007730                __sseek
                0x000000000800778c                __sclose
 .text          0x0000000008007794       0xa4 c:/altera/15.0/_/nios2eds/bin/gnu/h-x86_64-mingw32/bin/../lib/gcc/nios2-elf/4.9.1/../../../../../H-x86_64-mingw32/nios2-elf/lib\libc.a(lib_a-strcmp.o)
                0x0000000008007794                strcmp
 .text          0x0000000008007838     0x1494 c:/altera/15.0/_/nios2eds/bin/gnu/h-x86_64-mingw32/bin/../lib/gcc/nios2-elf/4.9.1/../../../../../H-x86_64-mingw32/nios2-elf/lib\libc.a(lib_a-vfiprintf.o)
                0x0000000008007934                __sprint_r
                0x000000000800794c                ___vfiprintf_internal_r
                0x0000000008008ca8                __vfiprintf_internal
 .text          0x0000000008008ccc       0x5c c:/altera/15.0/_/nios2eds/bin/gnu/h-x86_64-mingw32/bin/../lib/gcc/nios2-elf/4.9.1/../../../../../H-x86_64-mingw32/nios2-elf/lib\libc.a(lib_a-writer.o)
                0x0000000008008ccc                _write_r
 .text          0x0000000008008d28       0x54 c:/altera/15.0/_/nios2eds/bin/gnu/h-x86_64-mingw32/bin/../lib/gcc/nios2-elf/4.9.1/../../../../../H-x86_64-mingw32/nios2-elf/lib\libc.a(closer.o)
                0x0000000008008d28                _close_r
 .text          0x0000000008008d7c       0xc4 c:/altera/15.0/_/nios2eds/bin/gnu/h-x86_64-mingw32/bin/../lib/gcc/nios2-elf/4.9.1/../../../../../H-x86_64-mingw32/nios2-elf/lib\libc.a(lib_a-callocr.o)
                0x0000000008008d7c                _calloc_r
 .text          0x0000000008008e40      0x114 c:/altera/15.0/_/nios2eds/bin/gnu/h-x86_64-mingw32/bin/../lib/gcc/nios2-elf/4.9.1/../../../../../H-x86_64-mingw32/nios2-elf/lib\libc.a(lib_a-fclose.o)
                0x0000000008008e40                _fclose_r
                0x0000000008008f40                fclose
 .text          0x0000000008008f54      0x1dc c:/altera/15.0/_/nios2eds/bin/gnu/h-x86_64-mingw32/bin/../lib/gcc/nios2-elf/4.9.1/../../../../../H-x86_64-mingw32/nios2-elf/lib\libc.a(lib_a-fputwc.o)
                0x0000000008008f54                _fputwc_r
                0x00000000080090d8                fputwc
 .text          0x0000000008009130       0x58 c:/altera/15.0/_/nios2eds/bin/gnu/h-x86_64-mingw32/bin/../lib/gcc/nios2-elf/4.9.1/../../../../../H-x86_64-mingw32/nios2-elf/lib\libc.a(lib_a-fstatr.o)
                0x0000000008009130                _fstat_r
 .text          0x0000000008009188       0x54 c:/altera/15.0/_/nios2eds/bin/gnu/h-x86_64-mingw32/bin/../lib/gcc/nios2-elf/4.9.1/../../../../../H-x86_64-mingw32/nios2-elf/lib\libc.a(lib_a-isattyr.o)
                0x0000000008009188                _isatty_r
 .text          0x00000000080091dc       0x5c c:/altera/15.0/_/nios2eds/bin/gnu/h-x86_64-mingw32/bin/../lib/gcc/nios2-elf/4.9.1/../../../../../H-x86_64-mingw32/nios2-elf/lib\libc.a(lib_a-lseekr.o)
                0x00000000080091dc                _lseek_r
 .text          0x0000000008009238       0x5c c:/altera/15.0/_/nios2eds/bin/gnu/h-x86_64-mingw32/bin/../lib/gcc/nios2-elf/4.9.1/../../../../../H-x86_64-mingw32/nios2-elf/lib\libc.a(lib_a-readr.o)
                0x0000000008009238                _read_r
 .text          0x0000000008009294      0x170 c:/altera/15.0/_/nios2eds/bin/gnu/h-x86_64-mingw32/bin/../lib/gcc/nios2-elf/4.9.1/../../../../../H-x86_64-mingw32/nios2-elf/lib\libc.a(lib_a-wbuf.o)
                0x0000000008009294                __swbuf_r
                0x00000000080093e8                __swbuf
 .text          0x0000000008009404      0x174 c:/altera/15.0/_/nios2eds/bin/gnu/h-x86_64-mingw32/bin/../lib/gcc/nios2-elf/4.9.1/../../../../../H-x86_64-mingw32/nios2-elf/lib\libc.a(lib_a-wcrtomb.o)
                0x0000000008009404                _wcrtomb_r
                0x00000000080094a0                wcrtomb
 .text          0x0000000008009578       0x8c c:/altera/15.0/_/nios2eds/bin/gnu/h-x86_64-mingw32/bin/../lib/gcc/nios2-elf/4.9.1/../../../../../H-x86_64-mingw32/nios2-elf/lib\libc.a(lib_a-wctomb_r.o)
                0x0000000008009578                __ascii_wctomb
                0x00000000080095a8                _wctomb_r
 .text          0x0000000008009604      0x5c0 c:/altera/15.0/_/nios2eds/bin/gnu/h-x86_64-mingw32/bin/../lib/gcc/nios2-elf/4.9.1\libgcc.a(_udivdi3.o)
                0x0000000008009604                __udivdi3
 .text          0x0000000008009bc4      0x590 c:/altera/15.0/_/nios2eds/bin/gnu/h-x86_64-mingw32/bin/../lib/gcc/nios2-elf/4.9.1\libgcc.a(_umoddi3.o)
                0x0000000008009bc4                __umoddi3
 .text          0x000000000800a154      0x12c c:/altera/15.0/_/nios2eds/bin/gnu/h-x86_64-mingw32/bin/../lib/gcc/nios2-elf/4.9.1\libgcc.a(lib2-divmod.o)
                0x000000000800a1c0                __divsi3
                0x000000000800a214                __modsi3
                0x000000000800a270                __udivsi3
                0x000000000800a278                __umodsi3
 .text          0x000000000800a280      0x89c c:/altera/15.0/_/nios2eds/bin/gnu/h-x86_64-mingw32/bin/../lib/gcc/nios2-elf/4.9.1\libgcc.a(adddf3.o)
                0x000000000800a280                __adddf3
 .text          0x000000000800ab1c      0x8cc c:/altera/15.0/_/nios2eds/bin/gnu/h-x86_64-mingw32/bin/../lib/gcc/nios2-elf/4.9.1\libgcc.a(divdf3.o)
                0x000000000800ab1c                __divdf3
 .text          0x000000000800b3e8       0x84 c:/altera/15.0/_/nios2eds/bin/gnu/h-x86_64-mingw32/bin/../lib/gcc/nios2-elf/4.9.1\libgcc.a(eqdf2.o)
                0x000000000800b3e8                __nedf2
                0x000000000800b3e8                __eqdf2
 .text          0x000000000800b46c       0xe0 c:/altera/15.0/_/nios2eds/bin/gnu/h-x86_64-mingw32/bin/../lib/gcc/nios2-elf/4.9.1\libgcc.a(gedf2.o)
                0x000000000800b46c                __gedf2
                0x000000000800b46c                __gtdf2
 .text          0x000000000800b54c       0xe0 c:/altera/15.0/_/nios2eds/bin/gnu/h-x86_64-mingw32/bin/../lib/gcc/nios2-elf/4.9.1\libgcc.a(ledf2.o)
                0x000000000800b54c                __ledf2
                0x000000000800b54c                __ltdf2
 .text          0x000000000800b62c      0x724 c:/altera/15.0/_/nios2eds/bin/gnu/h-x86_64-mingw32/bin/../lib/gcc/nios2-elf/4.9.1\libgcc.a(muldf3.o)
                0x000000000800b62c                __muldf3
 .text          0x000000000800bd50      0x8d0 c:/altera/15.0/_/nios2eds/bin/gnu/h-x86_64-mingw32/bin/../lib/gcc/nios2-elf/4.9.1\libgcc.a(subdf3.o)
                0x000000000800bd50                __subdf3
 .text          0x000000000800c620       0x88 c:/altera/15.0/_/nios2eds/bin/gnu/h-x86_64-mingw32/bin/../lib/gcc/nios2-elf/4.9.1\libgcc.a(fixdfsi.o)
                0x000000000800c620                __fixdfsi
 .text          0x000000000800c6a8       0xd0 c:/altera/15.0/_/nios2eds/bin/gnu/h-x86_64-mingw32/bin/../lib/gcc/nios2-elf/4.9.1\libgcc.a(floatsidf.o)
                0x000000000800c6a8                __floatsidf
 .text          0x000000000800c778       0xa4 c:/altera/15.0/_/nios2eds/bin/gnu/h-x86_64-mingw32/bin/../lib/gcc/nios2-elf/4.9.1\libgcc.a(floatunsidf.o)
                0x000000000800c778                __floatunsidf
 .text          0x000000000800c81c        0x0 c:/altera/15.0/_/nios2eds/bin/gnu/h-x86_64-mingw32/bin/../lib/gcc/nios2-elf/4.9.1\libgcc.a(_clz.o)
 .text          0x000000000800c81c       0x64 c:/altera/15.0/_/nios2eds/bin/gnu/h-x86_64-mingw32/bin/../lib/gcc/nios2-elf/4.9.1\libgcc.a(_clzsi2.o)
                0x000000000800c81c                __clzsi2
 .text          0x000000000800c880      0x120 ../healthsensor_bsp/\libhal_bsp.a(alt_close.o)
                0x000000000800c8d0                close
 .text          0x000000000800c9a0       0x2c ../healthsensor_bsp/\libhal_bsp.a(alt_dev.o)
 .text          0x000000000800c9cc        0x0 ../healthsensor_bsp/\libhal_bsp.a(alt_errno.o)
 .text          0x000000000800c9cc      0x100 ../healthsensor_bsp/\libhal_bsp.a(alt_fstat.o)
                0x000000000800ca1c                fstat
 .text          0x000000000800cacc      0x1f4 ../healthsensor_bsp/\libhal_bsp.a(alt_gettod.o)
                0x000000000800cacc                gettimeofday
 .text          0x000000000800ccc0       0xf4 ../healthsensor_bsp/\libhal_bsp.a(alt_isatty.o)
                0x000000000800cd10                isatty
 .text          0x000000000800cdb4       0xe4 ../healthsensor_bsp/\libhal_bsp.a(alt_load.o)
                0x000000000800ce18                alt_load
 .text          0x000000000800ce98      0x124 ../healthsensor_bsp/\libhal_bsp.a(alt_lseek.o)
                0x000000000800cee8                lseek
 .text          0x000000000800cfbc       0x78 ../healthsensor_bsp/\libhal_bsp.a(alt_main.o)
                0x000000000800cfbc                alt_main
 .text          0x000000000800d034       0x40 ../healthsensor_bsp/\libhal_bsp.a(alt_malloc_lock.o)
                0x000000000800d034                __malloc_lock
                0x000000000800d054                __malloc_unlock
 .text          0x000000000800d074      0x14c ../healthsensor_bsp/\libhal_bsp.a(alt_read.o)
                0x000000000800d0c4                read
 .text          0x000000000800d1c0       0x60 ../healthsensor_bsp/\libhal_bsp.a(alt_release_fd.o)
                0x000000000800d1c0                alt_release_fd
 .text          0x000000000800d220       0xb0 ../healthsensor_bsp/\libhal_bsp.a(alt_sbrk.o)
                0x000000000800d220                sbrk
 .text          0x000000000800d2d0      0x19c ../healthsensor_bsp/\libhal_bsp.a(alt_tick.o)
                0x000000000800d2d0                alt_alarm_stop
                0x000000000800d368                alt_tick
 .text          0x000000000800d46c      0x148 ../healthsensor_bsp/\libhal_bsp.a(alt_write.o)
                0x000000000800d4bc                write
 .text          0x000000000800d5b4       0xdc ../healthsensor_bsp/\libhal_bsp.a(alt_sys_init.o)
                0x000000000800d5ec                alt_irq_init
                0x000000000800d620                alt_sys_init
 .text          0x000000000800d690      0x164 ../healthsensor_bsp/\libhal_bsp.a(altera_avalon_jtag_uart_fd.o)
                0x000000000800d690                altera_avalon_jtag_uart_read_fd
                0x000000000800d6f0                altera_avalon_jtag_uart_write_fd
                0x000000000800d750                altera_avalon_jtag_uart_close_fd
                0x000000000800d7a0                altera_avalon_jtag_uart_ioctl_fd
 .text          0x000000000800d7f4      0x3d8 ../healthsensor_bsp/\libhal_bsp.a(altera_avalon_jtag_uart_init.o)
                0x000000000800d7f4                altera_avalon_jtag_uart_init
                0x000000000800db64                altera_avalon_jtag_uart_close
 .text          0x000000000800dbcc       0xec ../healthsensor_bsp/\libhal_bsp.a(altera_avalon_jtag_uart_ioctl.o)
                0x000000000800dbcc                altera_avalon_jtag_uart_ioctl
 .text          0x000000000800dcb8      0x20c ../healthsensor_bsp/\libhal_bsp.a(altera_avalon_jtag_uart_read.o)
                0x000000000800dcb8                altera_avalon_jtag_uart_read
 .text          0x000000000800dec4      0x218 ../healthsensor_bsp/\libhal_bsp.a(altera_avalon_jtag_uart_write.o)
                0x000000000800dec4                altera_avalon_jtag_uart_write
 .text          0x000000000800e0dc       0xfc ../healthsensor_bsp/\libhal_bsp.a(altera_avalon_timer_sc.o)
                0x000000000800e150                alt_avalon_timer_sc_init
 .text          0x000000000800e1d8      0x4d8 ../healthsensor_bsp/\libhal_bsp.a(altera_up_avalon_character_lcd.o)
                0x000000000800e1d8                get_DDRAM_addr
                0x000000000800e24c                alt_up_character_lcd_send_cmd
                0x000000000800e288                alt_up_character_lcd_init
                0x000000000800e2bc                alt_up_character_lcd_open_dev
                0x000000000800e2fc                alt_up_character_lcd_write
                0x000000000800e374                alt_up_character_lcd_string
                0x000000000800e3e8                alt_up_character_lcd_write_fd
                0x000000000800e438                alt_up_character_lcd_set_cursor_pos
                0x000000000800e4ac                alt_up_character_lcd_shift_cursor
                0x000000000800e534                alt_up_character_lcd_shift_display
                0x000000000800e5bc                alt_up_character_lcd_erase_pos
                0x000000000800e648                alt_up_character_lcd_cursor_off
                0x000000000800e67c                alt_up_character_lcd_cursor_blink_on
 .text          0x000000000800e6b0      0x140 ../healthsensor_bsp/\libhal_bsp.a(alt_alarm_start.o)
                0x000000000800e6b0                alt_alarm_start
 .text          0x000000000800e7f0       0x1c ../healthsensor_bsp/\libhal_bsp.a(alt_dcache_flush_all.o)
                0x000000000800e7f0                alt_dcache_flush_all
 .text          0x000000000800e80c       0xf4 ../healthsensor_bsp/\libhal_bsp.a(alt_dev_llist_insert.o)
                0x000000000800e85c                alt_dev_llist_insert
 .text          0x000000000800e900       0x5c ../healthsensor_bsp/\libhal_bsp.a(alt_do_ctors.o)
                0x000000000800e900                _do_ctors
 .text          0x000000000800e95c       0x5c ../healthsensor_bsp/\libhal_bsp.a(alt_do_dtors.o)
                0x000000000800e95c                _do_dtors
 .text          0x000000000800e9b8       0x90 ../healthsensor_bsp/\libhal_bsp.a(alt_find_dev.o)
                0x000000000800e9b8                alt_find_dev
 .text          0x000000000800ea48       0x30 ../healthsensor_bsp/\libhal_bsp.a(alt_icache_flush_all.o)
                0x000000000800ea48                alt_icache_flush_all
 .text          0x000000000800ea78      0x1e0 ../healthsensor_bsp/\libhal_bsp.a(alt_iic.o)
                0x000000000800ea78                alt_ic_isr_register
                0x000000000800eac8                alt_ic_irq_enable
                0x000000000800eb68                alt_ic_irq_disable
                0x000000000800ec0c                alt_ic_irq_enabled
 .text          0x000000000800ec58       0xf0 ../healthsensor_bsp/\libhal_bsp.a(alt_iic_isr_register.o)
                0x000000000800ec58                alt_iic_isr_register
 .text          0x000000000800ed48      0x138 ../healthsensor_bsp/\libhal_bsp.a(alt_io_redirect.o)
                0x000000000800ee08                alt_io_redirect
 .text          0x000000000800ee80        0x0 ../healthsensor_bsp/\libhal_bsp.a(alt_irq_entry.o)
 .text          0x000000000800ee80        0x0 ../healthsensor_bsp/\libhal_bsp.a(alt_irq_handler.o)
 .text          0x000000000800ee80        0x0 ../healthsensor_bsp/\libhal_bsp.a(alt_irq_vars.o)
 .text          0x000000000800ee80      0x274 ../healthsensor_bsp/\libhal_bsp.a(alt_open.o)
                0x000000000800ef9c                open
 .text          0x000000000800f0f4       0x20 ../healthsensor_bsp/\libhal_bsp.a(altera_nios2_qsys_irq.o)
                0x000000000800f0f4                altera_nios2_qsys_irq_init
 .text          0x000000000800f114        0x0 ../healthsensor_bsp/\libhal_bsp.a(alt_exception_entry.o)
 .text          0x000000000800f114      0x114 ../healthsensor_bsp/\libhal_bsp.a(alt_find_file.o)
                0x000000000800f114                alt_find_file
 .text          0x000000000800f228       0xb4 ../healthsensor_bsp/\libhal_bsp.a(alt_get_fd.o)
                0x000000000800f228                alt_get_fd
 .text          0x000000000800f2dc       0x8c ../healthsensor_bsp/\libhal_bsp.a(alt_icache_flush.o)
                0x000000000800f2dc                alt_icache_flush
 .text          0x000000000800f368       0x14 c:/altera/15.0/_/nios2eds/bin/gnu/h-x86_64-mingw32/bin/../lib/gcc/nios2-elf/4.9.1/../../../../../H-x86_64-mingw32/nios2-elf/lib\libc.a(lib_a-atexit.o)
                0x000000000800f368                atexit
 .text          0x000000000800f37c       0x38 c:/altera/15.0/_/nios2eds/bin/gnu/h-x86_64-mingw32/bin/../lib/gcc/nios2-elf/4.9.1/../../../../../H-x86_64-mingw32/nios2-elf/lib\libc.a(lib_a-exit.o)
                0x000000000800f37c                exit
 .text          0x000000000800f3b4       0x7c c:/altera/15.0/_/nios2eds/bin/gnu/h-x86_64-mingw32/bin/../lib/gcc/nios2-elf/4.9.1/../../../../../H-x86_64-mingw32/nios2-elf/lib\libc.a(lib_a-memcmp.o)
                0x000000000800f3b4                memcmp
 .text          0x000000000800f430      0x114 c:/altera/15.0/_/nios2eds/bin/gnu/h-x86_64-mingw32/bin/../lib/gcc/nios2-elf/4.9.1/../../../../../H-x86_64-mingw32/nios2-elf/lib\libc.a(lib_a-__atexit.o)
                0x000000000800f430                __register_exitproc
 .text          0x000000000800f544      0x194 c:/altera/15.0/_/nios2eds/bin/gnu/h-x86_64-mingw32/bin/../lib/gcc/nios2-elf/4.9.1/../../../../../H-x86_64-mingw32/nios2-elf/lib\libc.a(lib_a-__call_atexit.o)
                0x000000000800f544                __call_exitprocs
 .text          0x000000000800f6d8       0x60 c:/altera/15.0/_/nios2eds/bin/gnu/h-x86_64-mingw32/bin/../lib/gcc/nios2-elf/4.9.1\libgcc.a(_muldi3.o)
                0x000000000800f6d8                __muldi3
 .text          0x000000000800f738       0x34 ../healthsensor_bsp/\libhal_bsp.a(alt_exit.o)
                0x000000000800f738                _exit
 *(.gnu.warning.*)
 *(.fini)
                0x000000000800f76c                PROVIDE (__etext, ABSOLUTE (.))
                0x000000000800f76c                PROVIDE (_etext, ABSOLUTE (.))
                0x000000000800f76c                PROVIDE (etext, ABSOLUTE (.))
 *(.eh_frame_hdr)
                0x000000000800f76c                . = ALIGN (0x4)
                0x000000000800f76c                PROVIDE (__preinit_array_start, ABSOLUTE (.))
 *(.preinit_array)
                0x000000000800f76c                PROVIDE (__preinit_array_end, ABSOLUTE (.))
                0x000000000800f76c                PROVIDE (__init_array_start, ABSOLUTE (.))
 *(.init_array)
                0x000000000800f76c                PROVIDE (__init_array_end, ABSOLUTE (.))
                0x000000000800f76c                PROVIDE (__fini_array_start, ABSOLUTE (.))
 *(.fini_array)
                0x000000000800f76c                PROVIDE (__fini_array_end, ABSOLUTE (.))
 *(.eh_frame)
 *(.gcc_except_table .gcc_except_table.*)
 *(.dynamic)
                0x000000000800f76c                PROVIDE (__CTOR_LIST__, ABSOLUTE (.))
 *(.ctors)
 *(SORT(.ctors.*))
                0x000000000800f76c                PROVIDE (__CTOR_END__, ABSOLUTE (.))
                0x000000000800f76c                PROVIDE (__DTOR_LIST__, ABSOLUTE (.))
 *(.dtors)
 *(SORT(.dtors.*))
                0x000000000800f76c                PROVIDE (__DTOR_END__, ABSOLUTE (.))
 *(.jcr)
                0x000000000800f76c                . = ALIGN (0x4)

.rodata         0x000000000800f76c      0x358
                0x000000000800f76c                PROVIDE (__ram_rodata_start, ABSOLUTE (.))
                0x000000000800f76c                . = ALIGN (0x4)
 *(.rodata .rodata.* .gnu.linkonce.r.*)
 .rodata        0x000000000800f76c       0x40 obj/default/hello_world.o
 .rodata.str1.4
                0x000000000800f7ac        0x2 c:/altera/15.0/_/nios2eds/bin/gnu/h-x86_64-mingw32/bin/../lib/gcc/nios2-elf/4.9.1/../../../../../H-x86_64-mingw32/nios2-elf/lib\libc.a(lib_a-puts.o)
                                          0x4 (size before relaxing)
 *fill*         0x000000000800f7ae        0x2 
 .rodata.str1.4
                0x000000000800f7b0       0x42 c:/altera/15.0/_/nios2eds/bin/gnu/h-x86_64-mingw32/bin/../lib/gcc/nios2-elf/4.9.1/../../../../../H-x86_64-mingw32/nios2-elf/lib\libc.a(lib_a-vfprintf.o)
                                         0x44 (size before relaxing)
 .rodata        0x000000000800f7f2       0x20 c:/altera/15.0/_/nios2eds/bin/gnu/h-x86_64-mingw32/bin/../lib/gcc/nios2-elf/4.9.1/../../../../../H-x86_64-mingw32/nios2-elf/lib\libc.a(lib_a-vfprintf.o)
 *fill*         0x000000000800f812        0x2 
 .rodata.str1.4
                0x000000000800f814       0x10 c:/altera/15.0/_/nios2eds/bin/gnu/h-x86_64-mingw32/bin/../lib/gcc/nios2-elf/4.9.1/../../../../../H-x86_64-mingw32/nios2-elf/lib\libc.a(lib_a-dtoa.o)
                                         0x14 (size before relaxing)
 .rodata.str1.4
                0x000000000800f824        0x2 c:/altera/15.0/_/nios2eds/bin/gnu/h-x86_64-mingw32/bin/../lib/gcc/nios2-elf/4.9.1/../../../../../H-x86_64-mingw32/nios2-elf/lib\libc.a(lib_a-impure.o)
                                          0x4 (size before relaxing)
 *fill*         0x000000000800f826        0x2 
 .rodata.str1.4
                0x000000000800f828        0xc c:/altera/15.0/_/nios2eds/bin/gnu/h-x86_64-mingw32/bin/../lib/gcc/nios2-elf/4.9.1/../../../../../H-x86_64-mingw32/nios2-elf/lib\libc.a(lib_a-locale.o)
                                         0x14 (size before relaxing)
 .rodata        0x000000000800f834      0x124 c:/altera/15.0/_/nios2eds/bin/gnu/h-x86_64-mingw32/bin/../lib/gcc/nios2-elf/4.9.1/../../../../../H-x86_64-mingw32/nios2-elf/lib\libc.a(lib_a-mprec.o)
                0x000000000800f840                __mprec_tinytens
                0x000000000800f868                __mprec_bigtens
                0x000000000800f890                __mprec_tens
 .rodata.str1.4
                0x0000000000000000       0x30 c:/altera/15.0/_/nios2eds/bin/gnu/h-x86_64-mingw32/bin/../lib/gcc/nios2-elf/4.9.1/../../../../../H-x86_64-mingw32/nios2-elf/lib\libc.a(lib_a-vfiprintf.o)
 .rodata        0x000000000800f958       0x20 c:/altera/15.0/_/nios2eds/bin/gnu/h-x86_64-mingw32/bin/../lib/gcc/nios2-elf/4.9.1/../../../../../H-x86_64-mingw32/nios2-elf/lib\libc.a(lib_a-vfiprintf.o)
 .rodata        0x000000000800f978      0x100 c:/altera/15.0/_/nios2eds/bin/gnu/h-x86_64-mingw32/bin/../lib/gcc/nios2-elf/4.9.1\libgcc.a(_clz.o)
                0x000000000800f978                __clz_tab
 .rodata        0x000000000800fa78        0xc ../healthsensor_bsp/\libhal_bsp.a(alt_dev.o)
 .rodata        0x000000000800fa84       0x14 ../healthsensor_bsp/\libhal_bsp.a(alt_main.o)
 .rodata        0x000000000800fa98       0x2c ../healthsensor_bsp/\libhal_bsp.a(alt_sys_init.o)
 *(.rodata1)
                0x000000000800fac4                . = ALIGN (0x4)
                0x000000000800fac4                PROVIDE (__ram_rodata_end, ABSOLUTE (.))
                0x000000000800f76c                PROVIDE (__flash_rodata_start, LOADADDR (.rodata))

.rwdata         0x000000000800fac4     0x1b18 load address 0x00000000080115dc
                0x000000000800fac4                PROVIDE (__ram_rwdata_start, ABSOLUTE (.))
                0x000000000800fac4                . = ALIGN (0x4)
 *(.got.plt)
 *(.got)
 *(.data1)
 *(.data .data.* .gnu.linkonce.d.*)
 .data          0x000000000800fac4        0x0 ../healthsensor_bsp//obj/HAL/src/crt0.o
 .data          0x000000000800fac4        0x0 obj/default/hello_world.o
 .data          0x000000000800fac4        0x0 c:/altera/15.0/_/nios2eds/bin/gnu/h-x86_64-mingw32/bin/../lib/gcc/nios2-elf/4.9.1/../../../../../H-x86_64-mingw32/nios2-elf/lib\libc.a(lib_a-printf.o)
 .data          0x000000000800fac4        0x0 c:/altera/15.0/_/nios2eds/bin/gnu/h-x86_64-mingw32/bin/../lib/gcc/nios2-elf/4.9.1/../../../../../H-x86_64-mingw32/nios2-elf/lib\libc.a(lib_a-puts.o)
 .data          0x000000000800fac4        0x0 c:/altera/15.0/_/nios2eds/bin/gnu/h-x86_64-mingw32/bin/../lib/gcc/nios2-elf/4.9.1/../../../../../H-x86_64-mingw32/nios2-elf/lib\libc.a(lib_a-strlen.o)
 .data          0x000000000800fac4        0x0 c:/altera/15.0/_/nios2eds/bin/gnu/h-x86_64-mingw32/bin/../lib/gcc/nios2-elf/4.9.1/../../../../../H-x86_64-mingw32/nios2-elf/lib\libc.a(lib_a-time.o)
 .data          0x000000000800fac4        0x0 c:/altera/15.0/_/nios2eds/bin/gnu/h-x86_64-mingw32/bin/../lib/gcc/nios2-elf/4.9.1/../../../../../H-x86_64-mingw32/nios2-elf/lib\libc.a(lib_a-vfprintf.o)
 .data          0x000000000800fac4        0x0 c:/altera/15.0/_/nios2eds/bin/gnu/h-x86_64-mingw32/bin/../lib/gcc/nios2-elf/4.9.1/../../../../../H-x86_64-mingw32/nios2-elf/lib\libc.a(lib_a-wsetup.o)
 .data          0x000000000800fac4        0x0 c:/altera/15.0/_/nios2eds/bin/gnu/h-x86_64-mingw32/bin/../lib/gcc/nios2-elf/4.9.1/../../../../../H-x86_64-mingw32/nios2-elf/lib\libc.a(lib_a-dtoa.o)
 .data          0x000000000800fac4        0x0 c:/altera/15.0/_/nios2eds/bin/gnu/h-x86_64-mingw32/bin/../lib/gcc/nios2-elf/4.9.1/../../../../../H-x86_64-mingw32/nios2-elf/lib\libc.a(lib_a-fflush.o)
 .data          0x000000000800fac4        0x0 c:/altera/15.0/_/nios2eds/bin/gnu/h-x86_64-mingw32/bin/../lib/gcc/nios2-elf/4.9.1/../../../../../H-x86_64-mingw32/nios2-elf/lib\libc.a(lib_a-findfp.o)
 .data          0x000000000800fac4        0x0 c:/altera/15.0/_/nios2eds/bin/gnu/h-x86_64-mingw32/bin/../lib/gcc/nios2-elf/4.9.1/../../../../../H-x86_64-mingw32/nios2-elf/lib\libc.a(lib_a-freer.o)
 .data          0x000000000800fac4        0x0 c:/altera/15.0/_/nios2eds/bin/gnu/h-x86_64-mingw32/bin/../lib/gcc/nios2-elf/4.9.1/../../../../../H-x86_64-mingw32/nios2-elf/lib\libc.a(lib_a-fvwrite.o)
 .data          0x000000000800fac4        0x0 c:/altera/15.0/_/nios2eds/bin/gnu/h-x86_64-mingw32/bin/../lib/gcc/nios2-elf/4.9.1/../../../../../H-x86_64-mingw32/nios2-elf/lib\libc.a(lib_a-fwalk.o)
 .data          0x000000000800fac4        0x0 c:/altera/15.0/_/nios2eds/bin/gnu/h-x86_64-mingw32/bin/../lib/gcc/nios2-elf/4.9.1/../../../../../H-x86_64-mingw32/nios2-elf/lib\libc.a(lib_a-gettimeofdayr.o)
 .data          0x000000000800fac4      0x424 c:/altera/15.0/_/nios2eds/bin/gnu/h-x86_64-mingw32/bin/../lib/gcc/nios2-elf/4.9.1/../../../../../H-x86_64-mingw32/nios2-elf/lib\libc.a(lib_a-impure.o)
 .data          0x000000000800fee8        0x0 c:/altera/15.0/_/nios2eds/bin/gnu/h-x86_64-mingw32/bin/../lib/gcc/nios2-elf/4.9.1/../../../../../H-x86_64-mingw32/nios2-elf/lib\libc.a(lib_a-int_errno.o)
 .data          0x000000000800fee8       0x78 c:/altera/15.0/_/nios2eds/bin/gnu/h-x86_64-mingw32/bin/../lib/gcc/nios2-elf/4.9.1/../../../../../H-x86_64-mingw32/nios2-elf/lib\libc.a(lib_a-locale.o)
 .data          0x000000000800ff60        0x0 c:/altera/15.0/_/nios2eds/bin/gnu/h-x86_64-mingw32/bin/../lib/gcc/nios2-elf/4.9.1/../../../../../H-x86_64-mingw32/nios2-elf/lib\libc.a(lib_a-makebuf.o)
 .data          0x000000000800ff60      0x408 c:/altera/15.0/_/nios2eds/bin/gnu/h-x86_64-mingw32/bin/../lib/gcc/nios2-elf/4.9.1/../../../../../H-x86_64-mingw32/nios2-elf/lib\libc.a(lib_a-mallocr.o)
                0x000000000800ff60                __malloc_av_
 .data          0x0000000008010368        0x0 c:/altera/15.0/_/nios2eds/bin/gnu/h-x86_64-mingw32/bin/../lib/gcc/nios2-elf/4.9.1/../../../../../H-x86_64-mingw32/nios2-elf/lib\libc.a(lib_a-memchr.o)
 .data          0x0000000008010368        0x0 c:/altera/15.0/_/nios2eds/bin/gnu/h-x86_64-mingw32/bin/../lib/gcc/nios2-elf/4.9.1/../../../../../H-x86_64-mingw32/nios2-elf/lib\libc.a(lib_a-memcpy.o)
 .data          0x0000000008010368        0x0 c:/altera/15.0/_/nios2eds/bin/gnu/h-x86_64-mingw32/bin/../lib/gcc/nios2-elf/4.9.1/../../../../../H-x86_64-mingw32/nios2-elf/lib\libc.a(lib_a-memmove.o)
 .data          0x0000000008010368        0x0 c:/altera/15.0/_/nios2eds/bin/gnu/h-x86_64-mingw32/bin/../lib/gcc/nios2-elf/4.9.1/../../../../../H-x86_64-mingw32/nios2-elf/lib\libc.a(lib_a-memset.o)
 .data          0x0000000008010368        0x0 c:/altera/15.0/_/nios2eds/bin/gnu/h-x86_64-mingw32/bin/../lib/gcc/nios2-elf/4.9.1/../../../../../H-x86_64-mingw32/nios2-elf/lib\libc.a(lib_a-mprec.o)
 .data          0x0000000008010368        0x0 c:/altera/15.0/_/nios2eds/bin/gnu/h-x86_64-mingw32/bin/../lib/gcc/nios2-elf/4.9.1/../../../../../H-x86_64-mingw32/nios2-elf/lib\libc.a(lib_a-reallocr.o)
 .data          0x0000000008010368        0x0 c:/altera/15.0/_/nios2eds/bin/gnu/h-x86_64-mingw32/bin/../lib/gcc/nios2-elf/4.9.1/../../../../../H-x86_64-mingw32/nios2-elf/lib\libc.a(lib_a-s_fpclassify.o)
 .data          0x0000000008010368        0x0 c:/altera/15.0/_/nios2eds/bin/gnu/h-x86_64-mingw32/bin/../lib/gcc/nios2-elf/4.9.1/../../../../../H-x86_64-mingw32/nios2-elf/lib\libc.a(lib_a-sbrkr.o)
 .data          0x0000000008010368        0x0 c:/altera/15.0/_/nios2eds/bin/gnu/h-x86_64-mingw32/bin/../lib/gcc/nios2-elf/4.9.1/../../../../../H-x86_64-mingw32/nios2-elf/lib\libc.a(lib_a-stdio.o)
 .data          0x0000000008010368        0x0 c:/altera/15.0/_/nios2eds/bin/gnu/h-x86_64-mingw32/bin/../lib/gcc/nios2-elf/4.9.1/../../../../../H-x86_64-mingw32/nios2-elf/lib\libc.a(lib_a-strcmp.o)
 .data          0x0000000008010368        0x0 c:/altera/15.0/_/nios2eds/bin/gnu/h-x86_64-mingw32/bin/../lib/gcc/nios2-elf/4.9.1/../../../../../H-x86_64-mingw32/nios2-elf/lib\libc.a(lib_a-vfiprintf.o)
 .data          0x0000000008010368        0x0 c:/altera/15.0/_/nios2eds/bin/gnu/h-x86_64-mingw32/bin/../lib/gcc/nios2-elf/4.9.1/../../../../../H-x86_64-mingw32/nios2-elf/lib\libc.a(lib_a-writer.o)
 .data          0x0000000008010368        0x0 c:/altera/15.0/_/nios2eds/bin/gnu/h-x86_64-mingw32/bin/../lib/gcc/nios2-elf/4.9.1/../../../../../H-x86_64-mingw32/nios2-elf/lib\libc.a(closer.o)
 .data          0x0000000008010368        0x0 c:/altera/15.0/_/nios2eds/bin/gnu/h-x86_64-mingw32/bin/../lib/gcc/nios2-elf/4.9.1/../../../../../H-x86_64-mingw32/nios2-elf/lib\libc.a(lib_a-callocr.o)
 .data          0x0000000008010368        0x0 c:/altera/15.0/_/nios2eds/bin/gnu/h-x86_64-mingw32/bin/../lib/gcc/nios2-elf/4.9.1/../../../../../H-x86_64-mingw32/nios2-elf/lib\libc.a(lib_a-fclose.o)
 .data          0x0000000008010368        0x0 c:/altera/15.0/_/nios2eds/bin/gnu/h-x86_64-mingw32/bin/../lib/gcc/nios2-elf/4.9.1/../../../../../H-x86_64-mingw32/nios2-elf/lib\libc.a(lib_a-fputwc.o)
 .data          0x0000000008010368        0x0 c:/altera/15.0/_/nios2eds/bin/gnu/h-x86_64-mingw32/bin/../lib/gcc/nios2-elf/4.9.1/../../../../../H-x86_64-mingw32/nios2-elf/lib\libc.a(lib_a-fstatr.o)
 .data          0x0000000008010368        0x0 c:/altera/15.0/_/nios2eds/bin/gnu/h-x86_64-mingw32/bin/../lib/gcc/nios2-elf/4.9.1/../../../../../H-x86_64-mingw32/nios2-elf/lib\libc.a(lib_a-isattyr.o)
 .data          0x0000000008010368        0x0 c:/altera/15.0/_/nios2eds/bin/gnu/h-x86_64-mingw32/bin/../lib/gcc/nios2-elf/4.9.1/../../../../../H-x86_64-mingw32/nios2-elf/lib\libc.a(lib_a-lseekr.o)
 .data          0x0000000008010368        0x0 c:/altera/15.0/_/nios2eds/bin/gnu/h-x86_64-mingw32/bin/../lib/gcc/nios2-elf/4.9.1/../../../../../H-x86_64-mingw32/nios2-elf/lib\libc.a(lib_a-readr.o)
 .data          0x0000000008010368        0x0 c:/altera/15.0/_/nios2eds/bin/gnu/h-x86_64-mingw32/bin/../lib/gcc/nios2-elf/4.9.1/../../../../../H-x86_64-mingw32/nios2-elf/lib\libc.a(lib_a-wbuf.o)
 .data          0x0000000008010368        0x0 c:/altera/15.0/_/nios2eds/bin/gnu/h-x86_64-mingw32/bin/../lib/gcc/nios2-elf/4.9.1/../../../../../H-x86_64-mingw32/nios2-elf/lib\libc.a(lib_a-wcrtomb.o)
 .data          0x0000000008010368        0x0 c:/altera/15.0/_/nios2eds/bin/gnu/h-x86_64-mingw32/bin/../lib/gcc/nios2-elf/4.9.1/../../../../../H-x86_64-mingw32/nios2-elf/lib\libc.a(lib_a-wctomb_r.o)
 .data          0x0000000008010368        0x0 c:/altera/15.0/_/nios2eds/bin/gnu/h-x86_64-mingw32/bin/../lib/gcc/nios2-elf/4.9.1\libgcc.a(_udivdi3.o)
 .data          0x0000000008010368        0x0 c:/altera/15.0/_/nios2eds/bin/gnu/h-x86_64-mingw32/bin/../lib/gcc/nios2-elf/4.9.1\libgcc.a(_umoddi3.o)
 .data          0x0000000008010368        0x0 c:/altera/15.0/_/nios2eds/bin/gnu/h-x86_64-mingw32/bin/../lib/gcc/nios2-elf/4.9.1\libgcc.a(lib2-divmod.o)
 .data          0x0000000008010368        0x0 c:/altera/15.0/_/nios2eds/bin/gnu/h-x86_64-mingw32/bin/../lib/gcc/nios2-elf/4.9.1\libgcc.a(adddf3.o)
 .data          0x0000000008010368        0x0 c:/altera/15.0/_/nios2eds/bin/gnu/h-x86_64-mingw32/bin/../lib/gcc/nios2-elf/4.9.1\libgcc.a(divdf3.o)
 .data          0x0000000008010368        0x0 c:/altera/15.0/_/nios2eds/bin/gnu/h-x86_64-mingw32/bin/../lib/gcc/nios2-elf/4.9.1\libgcc.a(eqdf2.o)
 .data          0x0000000008010368        0x0 c:/altera/15.0/_/nios2eds/bin/gnu/h-x86_64-mingw32/bin/../lib/gcc/nios2-elf/4.9.1\libgcc.a(gedf2.o)
 .data          0x0000000008010368        0x0 c:/altera/15.0/_/nios2eds/bin/gnu/h-x86_64-mingw32/bin/../lib/gcc/nios2-elf/4.9.1\libgcc.a(ledf2.o)
 .data          0x0000000008010368        0x0 c:/altera/15.0/_/nios2eds/bin/gnu/h-x86_64-mingw32/bin/../lib/gcc/nios2-elf/4.9.1\libgcc.a(muldf3.o)
 .data          0x0000000008010368        0x0 c:/altera/15.0/_/nios2eds/bin/gnu/h-x86_64-mingw32/bin/../lib/gcc/nios2-elf/4.9.1\libgcc.a(subdf3.o)
 .data          0x0000000008010368        0x0 c:/altera/15.0/_/nios2eds/bin/gnu/h-x86_64-mingw32/bin/../lib/gcc/nios2-elf/4.9.1\libgcc.a(fixdfsi.o)
 .data          0x0000000008010368        0x0 c:/altera/15.0/_/nios2eds/bin/gnu/h-x86_64-mingw32/bin/../lib/gcc/nios2-elf/4.9.1\libgcc.a(floatsidf.o)
 .data          0x0000000008010368        0x0 c:/altera/15.0/_/nios2eds/bin/gnu/h-x86_64-mingw32/bin/../lib/gcc/nios2-elf/4.9.1\libgcc.a(floatunsidf.o)
 .data          0x0000000008010368        0x0 c:/altera/15.0/_/nios2eds/bin/gnu/h-x86_64-mingw32/bin/../lib/gcc/nios2-elf/4.9.1\libgcc.a(_clz.o)
 .data          0x0000000008010368        0x0 c:/altera/15.0/_/nios2eds/bin/gnu/h-x86_64-mingw32/bin/../lib/gcc/nios2-elf/4.9.1\libgcc.a(_clzsi2.o)
 .data          0x0000000008010368        0x0 ../healthsensor_bsp/\libhal_bsp.a(alt_close.o)
 .data          0x0000000008010368      0x1a8 ../healthsensor_bsp/\libhal_bsp.a(alt_dev.o)
                0x0000000008010368                alt_dev_null
                0x0000000008010390                alt_fd_list
 .data          0x0000000008010510        0x0 ../healthsensor_bsp/\libhal_bsp.a(alt_errno.o)
 .data          0x0000000008010510        0x0 ../healthsensor_bsp/\libhal_bsp.a(alt_fstat.o)
 .data          0x0000000008010510        0x0 ../healthsensor_bsp/\libhal_bsp.a(alt_gettod.o)
 .data          0x0000000008010510        0x0 ../healthsensor_bsp/\libhal_bsp.a(alt_isatty.o)
 .data          0x0000000008010510        0x0 ../healthsensor_bsp/\libhal_bsp.a(alt_load.o)
 .data          0x0000000008010510        0x0 ../healthsensor_bsp/\libhal_bsp.a(alt_lseek.o)
 .data          0x0000000008010510        0x0 ../healthsensor_bsp/\libhal_bsp.a(alt_main.o)
 .data          0x0000000008010510        0x0 ../healthsensor_bsp/\libhal_bsp.a(alt_malloc_lock.o)
 .data          0x0000000008010510        0x0 ../healthsensor_bsp/\libhal_bsp.a(alt_read.o)
 .data          0x0000000008010510        0x0 ../healthsensor_bsp/\libhal_bsp.a(alt_release_fd.o)
 .data          0x0000000008010510        0x0 ../healthsensor_bsp/\libhal_bsp.a(alt_sbrk.o)
 .data          0x0000000008010510        0x0 ../healthsensor_bsp/\libhal_bsp.a(alt_tick.o)
 .data          0x0000000008010510        0x0 ../healthsensor_bsp/\libhal_bsp.a(alt_write.o)
 .data          0x0000000008010510     0x108c ../healthsensor_bsp/\libhal_bsp.a(alt_sys_init.o)
 .data          0x000000000801159c        0x0 ../healthsensor_bsp/\libhal_bsp.a(altera_avalon_jtag_uart_fd.o)
 .data          0x000000000801159c        0x0 ../healthsensor_bsp/\libhal_bsp.a(altera_avalon_jtag_uart_init.o)
 .data          0x000000000801159c        0x0 ../healthsensor_bsp/\libhal_bsp.a(altera_avalon_jtag_uart_ioctl.o)
 .data          0x000000000801159c        0x0 ../healthsensor_bsp/\libhal_bsp.a(altera_avalon_jtag_uart_read.o)
 .data          0x000000000801159c        0x0 ../healthsensor_bsp/\libhal_bsp.a(altera_avalon_jtag_uart_write.o)
 .data          0x000000000801159c        0x0 ../healthsensor_bsp/\libhal_bsp.a(altera_avalon_timer_sc.o)
 .data          0x000000000801159c        0x0 ../healthsensor_bsp/\libhal_bsp.a(altera_up_avalon_character_lcd.o)
 .data          0x000000000801159c        0x0 ../healthsensor_bsp/\libhal_bsp.a(alt_alarm_start.o)
 .data          0x000000000801159c        0x0 ../healthsensor_bsp/\libhal_bsp.a(alt_dcache_flush_all.o)
 .data          0x000000000801159c        0x0 ../healthsensor_bsp/\libhal_bsp.a(alt_dev_llist_insert.o)
 .data          0x000000000801159c        0x0 ../healthsensor_bsp/\libhal_bsp.a(alt_do_ctors.o)
 .data          0x000000000801159c        0x0 ../healthsensor_bsp/\libhal_bsp.a(alt_do_dtors.o)
 .data          0x000000000801159c        0x0 ../healthsensor_bsp/\libhal_bsp.a(alt_find_dev.o)
 .data          0x000000000801159c        0x0 ../healthsensor_bsp/\libhal_bsp.a(alt_icache_flush_all.o)
 .data          0x000000000801159c        0x0 ../healthsensor_bsp/\libhal_bsp.a(alt_iic.o)
 .data          0x000000000801159c        0x0 ../healthsensor_bsp/\libhal_bsp.a(alt_iic_isr_register.o)
 .data          0x000000000801159c        0x0 ../healthsensor_bsp/\libhal_bsp.a(alt_io_redirect.o)
 .data          0x000000000801159c        0x0 ../healthsensor_bsp/\libhal_bsp.a(alt_irq_entry.o)
 .data          0x000000000801159c        0x0 ../healthsensor_bsp/\libhal_bsp.a(alt_irq_handler.o)
 .data          0x000000000801159c        0x0 ../healthsensor_bsp/\libhal_bsp.a(alt_irq_vars.o)
 .data          0x000000000801159c        0x0 ../healthsensor_bsp/\libhal_bsp.a(alt_open.o)
 .data          0x000000000801159c        0x0 ../healthsensor_bsp/\libhal_bsp.a(altera_nios2_qsys_irq.o)
 .data          0x000000000801159c        0x0 ../healthsensor_bsp/\libhal_bsp.a(alt_exception_entry.o)
 .data          0x000000000801159c        0x0 ../healthsensor_bsp/\libhal_bsp.a(alt_find_file.o)
 .data          0x000000000801159c        0x0 ../healthsensor_bsp/\libhal_bsp.a(alt_get_fd.o)
 .data          0x000000000801159c        0x0 ../healthsensor_bsp/\libhal_bsp.a(alt_icache_flush.o)
 .data          0x000000000801159c        0x0 c:/altera/15.0/_/nios2eds/bin/gnu/h-x86_64-mingw32/bin/../lib/gcc/nios2-elf/4.9.1/../../../../../H-x86_64-mingw32/nios2-elf/lib\libc.a(lib_a-atexit.o)
 .data          0x000000000801159c        0x0 c:/altera/15.0/_/nios2eds/bin/gnu/h-x86_64-mingw32/bin/../lib/gcc/nios2-elf/4.9.1/../../../../../H-x86_64-mingw32/nios2-elf/lib\libc.a(lib_a-exit.o)
 .data          0x000000000801159c        0x0 c:/altera/15.0/_/nios2eds/bin/gnu/h-x86_64-mingw32/bin/../lib/gcc/nios2-elf/4.9.1/../../../../../H-x86_64-mingw32/nios2-elf/lib\libc.a(lib_a-memcmp.o)
 .data          0x000000000801159c        0x0 c:/altera/15.0/_/nios2eds/bin/gnu/h-x86_64-mingw32/bin/../lib/gcc/nios2-elf/4.9.1/../../../../../H-x86_64-mingw32/nios2-elf/lib\libc.a(lib_a-__atexit.o)
 .data          0x000000000801159c        0x0 c:/altera/15.0/_/nios2eds/bin/gnu/h-x86_64-mingw32/bin/../lib/gcc/nios2-elf/4.9.1/../../../../../H-x86_64-mingw32/nios2-elf/lib\libc.a(lib_a-__call_atexit.o)
 .data          0x000000000801159c        0x0 c:/altera/15.0/_/nios2eds/bin/gnu/h-x86_64-mingw32/bin/../lib/gcc/nios2-elf/4.9.1\libgcc.a(_muldi3.o)
 .data          0x000000000801159c        0x0 ../healthsensor_bsp/\libhal_bsp.a(alt_exit.o)
                0x000000000801959c                _gp = ABSOLUTE ((. + 0x8000))
                0x000000000801959c                PROVIDE (gp, _gp)
 *(.rwdata .rwdata.*)
 *(.sdata .sdata.* .gnu.linkonce.s.*)
 .sdata         0x000000000801159c        0x8 c:/altera/15.0/_/nios2eds/bin/gnu/h-x86_64-mingw32/bin/../lib/gcc/nios2-elf/4.9.1/../../../../../H-x86_64-mingw32/nios2-elf/lib\libc.a(lib_a-impure.o)
                0x000000000801159c                _global_impure_ptr
                0x00000000080115a0                _impure_ptr
 .sdata         0x00000000080115a4        0x4 c:/altera/15.0/_/nios2eds/bin/gnu/h-x86_64-mingw32/bin/../lib/gcc/nios2-elf/4.9.1/../../../../../H-x86_64-mingw32/nios2-elf/lib\libc.a(lib_a-locale.o)
                0x00000000080115a4                __mb_cur_max
 .sdata         0x00000000080115a8        0x8 c:/altera/15.0/_/nios2eds/bin/gnu/h-x86_64-mingw32/bin/../lib/gcc/nios2-elf/4.9.1/../../../../../H-x86_64-mingw32/nios2-elf/lib\libc.a(lib_a-mallocr.o)
                0x00000000080115a8                __malloc_sbrk_base
                0x00000000080115ac                __malloc_trim_threshold
 .sdata         0x00000000080115b0        0x4 c:/altera/15.0/_/nios2eds/bin/gnu/h-x86_64-mingw32/bin/../lib/gcc/nios2-elf/4.9.1/../../../../../H-x86_64-mingw32/nios2-elf/lib\libc.a(lib_a-wctomb_r.o)
                0x00000000080115b0                __wctomb
 .sdata         0x00000000080115b4       0x14 ../healthsensor_bsp/\libhal_bsp.a(alt_dev.o)
                0x00000000080115b4                alt_fs_list
                0x00000000080115bc                alt_dev_list
                0x00000000080115c4                alt_max_fd
 .sdata         0x00000000080115c8        0x4 ../healthsensor_bsp/\libhal_bsp.a(alt_errno.o)
                0x00000000080115c8                alt_errno
 .sdata         0x00000000080115cc        0x4 ../healthsensor_bsp/\libhal_bsp.a(alt_sbrk.o)
 .sdata         0x00000000080115d0        0x8 ../healthsensor_bsp/\libhal_bsp.a(alt_tick.o)
                0x00000000080115d0                alt_alarm_list
 .sdata         0x00000000080115d8        0x4 ../healthsensor_bsp/\libhal_bsp.a(alt_irq_vars.o)
                0x00000000080115d8                alt_priority_mask
 *(.sdata2 .sdata2.* .gnu.linkonce.s2.*)
                0x00000000080115dc                . = ALIGN (0x4)
                0x00000000080115dc                _edata = ABSOLUTE (.)
                0x00000000080115dc                PROVIDE (edata, ABSOLUTE (.))
                0x00000000080115dc                PROVIDE (__ram_rwdata_end, ABSOLUTE (.))
                0x00000000080115dc                PROVIDE (__flash_rwdata_start, LOADADDR (.rwdata))

.bss            0x00000000080130f4      0x16c
                0x00000000080130f4                __bss_start = ABSOLUTE (.)
                0x00000000080130f4                PROVIDE (__sbss_start, ABSOLUTE (.))
                0x00000000080130f4                PROVIDE (___sbss_start, ABSOLUTE (.))
 *(.dynsbss)
 *(.sbss .sbss.* .gnu.linkonce.sb.*)
 .sbss          0x00000000080130f4        0x4 c:/altera/15.0/_/nios2eds/bin/gnu/h-x86_64-mingw32/bin/../lib/gcc/nios2-elf/4.9.1/../../../../../H-x86_64-mingw32/nios2-elf/lib\libc.a(lib_a-int_errno.o)
                0x00000000080130f4                errno
 .sbss          0x00000000080130f8        0xc c:/altera/15.0/_/nios2eds/bin/gnu/h-x86_64-mingw32/bin/../lib/gcc/nios2-elf/4.9.1/../../../../../H-x86_64-mingw32/nios2-elf/lib\libc.a(lib_a-locale.o)
                0x00000000080130f8                _PathLocale
                0x00000000080130fc                __mlocale_changed
                0x0000000008013100                __nlocale_changed
 .sbss          0x0000000008013104        0xc c:/altera/15.0/_/nios2eds/bin/gnu/h-x86_64-mingw32/bin/../lib/gcc/nios2-elf/4.9.1/../../../../../H-x86_64-mingw32/nios2-elf/lib\libc.a(lib_a-mallocr.o)
                0x0000000008013104                __malloc_max_total_mem
                0x0000000008013108                __malloc_max_sbrked_mem
                0x000000000801310c                __malloc_top_pad
 .sbss          0x0000000008013110       0x10 ../healthsensor_bsp/\libhal_bsp.a(alt_gettod.o)
                0x0000000008013110                alt_timezone
                0x0000000008013118                alt_resettime
 .sbss          0x0000000008013120        0xc ../healthsensor_bsp/\libhal_bsp.a(alt_main.o)
                0x0000000008013120                alt_argc
                0x0000000008013124                alt_argv
                0x0000000008013128                alt_envp
 .sbss          0x000000000801312c        0x8 ../healthsensor_bsp/\libhal_bsp.a(alt_tick.o)
                0x000000000801312c                _alt_tick_rate
                0x0000000008013130                _alt_nticks
 .sbss          0x0000000008013134        0x4 ../healthsensor_bsp/\libhal_bsp.a(alt_irq_vars.o)
                0x0000000008013134                alt_irq_active
 *(.sbss2 .sbss2.* .gnu.linkonce.sb2.*)
 *(.scommon)
                0x0000000008013138                PROVIDE (__sbss_end, ABSOLUTE (.))
                0x0000000008013138                PROVIDE (___sbss_end, ABSOLUTE (.))
 *(.dynbss)
 *(.bss .bss.* .gnu.linkonce.b.*)
 .bss           0x0000000008013138        0x0 ../healthsensor_bsp//obj/HAL/src/crt0.o
 .bss           0x0000000008013138        0x0 obj/default/hello_world.o
 .bss           0x0000000008013138        0x0 c:/altera/15.0/_/nios2eds/bin/gnu/h-x86_64-mingw32/bin/../lib/gcc/nios2-elf/4.9.1/../../../../../H-x86_64-mingw32/nios2-elf/lib\libc.a(lib_a-printf.o)
 .bss           0x0000000008013138        0x0 c:/altera/15.0/_/nios2eds/bin/gnu/h-x86_64-mingw32/bin/../lib/gcc/nios2-elf/4.9.1/../../../../../H-x86_64-mingw32/nios2-elf/lib\libc.a(lib_a-puts.o)
 .bss           0x0000000008013138        0x0 c:/altera/15.0/_/nios2eds/bin/gnu/h-x86_64-mingw32/bin/../lib/gcc/nios2-elf/4.9.1/../../../../../H-x86_64-mingw32/nios2-elf/lib\libc.a(lib_a-strlen.o)
 .bss           0x0000000008013138        0x0 c:/altera/15.0/_/nios2eds/bin/gnu/h-x86_64-mingw32/bin/../lib/gcc/nios2-elf/4.9.1/../../../../../H-x86_64-mingw32/nios2-elf/lib\libc.a(lib_a-time.o)
 .bss           0x0000000008013138        0x0 c:/altera/15.0/_/nios2eds/bin/gnu/h-x86_64-mingw32/bin/../lib/gcc/nios2-elf/4.9.1/../../../../../H-x86_64-mingw32/nios2-elf/lib\libc.a(lib_a-vfprintf.o)
 .bss           0x0000000008013138        0x0 c:/altera/15.0/_/nios2eds/bin/gnu/h-x86_64-mingw32/bin/../lib/gcc/nios2-elf/4.9.1/../../../../../H-x86_64-mingw32/nios2-elf/lib\libc.a(lib_a-wsetup.o)
 .bss           0x0000000008013138        0x0 c:/altera/15.0/_/nios2eds/bin/gnu/h-x86_64-mingw32/bin/../lib/gcc/nios2-elf/4.9.1/../../../../../H-x86_64-mingw32/nios2-elf/lib\libc.a(lib_a-dtoa.o)
 .bss           0x0000000008013138        0x0 c:/altera/15.0/_/nios2eds/bin/gnu/h-x86_64-mingw32/bin/../lib/gcc/nios2-elf/4.9.1/../../../../../H-x86_64-mingw32/nios2-elf/lib\libc.a(lib_a-fflush.o)
 .bss           0x0000000008013138        0x0 c:/altera/15.0/_/nios2eds/bin/gnu/h-x86_64-mingw32/bin/../lib/gcc/nios2-elf/4.9.1/../../../../../H-x86_64-mingw32/nios2-elf/lib\libc.a(lib_a-findfp.o)
 .bss           0x0000000008013138        0x0 c:/altera/15.0/_/nios2eds/bin/gnu/h-x86_64-mingw32/bin/../lib/gcc/nios2-elf/4.9.1/../../../../../H-x86_64-mingw32/nios2-elf/lib\libc.a(lib_a-freer.o)
 .bss           0x0000000008013138        0x0 c:/altera/15.0/_/nios2eds/bin/gnu/h-x86_64-mingw32/bin/../lib/gcc/nios2-elf/4.9.1/../../../../../H-x86_64-mingw32/nios2-elf/lib\libc.a(lib_a-fvwrite.o)
 .bss           0x0000000008013138        0x0 c:/altera/15.0/_/nios2eds/bin/gnu/h-x86_64-mingw32/bin/../lib/gcc/nios2-elf/4.9.1/../../../../../H-x86_64-mingw32/nios2-elf/lib\libc.a(lib_a-fwalk.o)
 .bss           0x0000000008013138        0x0 c:/altera/15.0/_/nios2eds/bin/gnu/h-x86_64-mingw32/bin/../lib/gcc/nios2-elf/4.9.1/../../../../../H-x86_64-mingw32/nios2-elf/lib\libc.a(lib_a-gettimeofdayr.o)
 .bss           0x0000000008013138        0x0 c:/altera/15.0/_/nios2eds/bin/gnu/h-x86_64-mingw32/bin/../lib/gcc/nios2-elf/4.9.1/../../../../../H-x86_64-mingw32/nios2-elf/lib\libc.a(lib_a-impure.o)
 .bss           0x0000000008013138        0x0 c:/altera/15.0/_/nios2eds/bin/gnu/h-x86_64-mingw32/bin/../lib/gcc/nios2-elf/4.9.1/../../../../../H-x86_64-mingw32/nios2-elf/lib\libc.a(lib_a-int_errno.o)
 .bss           0x0000000008013138        0x0 c:/altera/15.0/_/nios2eds/bin/gnu/h-x86_64-mingw32/bin/../lib/gcc/nios2-elf/4.9.1/../../../../../H-x86_64-mingw32/nios2-elf/lib\libc.a(lib_a-locale.o)
 .bss           0x0000000008013138        0x0 c:/altera/15.0/_/nios2eds/bin/gnu/h-x86_64-mingw32/bin/../lib/gcc/nios2-elf/4.9.1/../../../../../H-x86_64-mingw32/nios2-elf/lib\libc.a(lib_a-makebuf.o)
 .bss           0x0000000008013138       0x28 c:/altera/15.0/_/nios2eds/bin/gnu/h-x86_64-mingw32/bin/../lib/gcc/nios2-elf/4.9.1/../../../../../H-x86_64-mingw32/nios2-elf/lib\libc.a(lib_a-mallocr.o)
                0x0000000008013138                __malloc_current_mallinfo
 .bss           0x0000000008013160        0x0 c:/altera/15.0/_/nios2eds/bin/gnu/h-x86_64-mingw32/bin/../lib/gcc/nios2-elf/4.9.1/../../../../../H-x86_64-mingw32/nios2-elf/lib\libc.a(lib_a-memchr.o)
 .bss           0x0000000008013160        0x0 c:/altera/15.0/_/nios2eds/bin/gnu/h-x86_64-mingw32/bin/../lib/gcc/nios2-elf/4.9.1/../../../../../H-x86_64-mingw32/nios2-elf/lib\libc.a(lib_a-memcpy.o)
 .bss           0x0000000008013160        0x0 c:/altera/15.0/_/nios2eds/bin/gnu/h-x86_64-mingw32/bin/../lib/gcc/nios2-elf/4.9.1/../../../../../H-x86_64-mingw32/nios2-elf/lib\libc.a(lib_a-memmove.o)
 .bss           0x0000000008013160        0x0 c:/altera/15.0/_/nios2eds/bin/gnu/h-x86_64-mingw32/bin/../lib/gcc/nios2-elf/4.9.1/../../../../../H-x86_64-mingw32/nios2-elf/lib\libc.a(lib_a-memset.o)
 .bss           0x0000000008013160        0x0 c:/altera/15.0/_/nios2eds/bin/gnu/h-x86_64-mingw32/bin/../lib/gcc/nios2-elf/4.9.1/../../../../../H-x86_64-mingw32/nios2-elf/lib\libc.a(lib_a-mprec.o)
 .bss           0x0000000008013160        0x0 c:/altera/15.0/_/nios2eds/bin/gnu/h-x86_64-mingw32/bin/../lib/gcc/nios2-elf/4.9.1/../../../../../H-x86_64-mingw32/nios2-elf/lib\libc.a(lib_a-reallocr.o)
 .bss           0x0000000008013160        0x0 c:/altera/15.0/_/nios2eds/bin/gnu/h-x86_64-mingw32/bin/../lib/gcc/nios2-elf/4.9.1/../../../../../H-x86_64-mingw32/nios2-elf/lib\libc.a(lib_a-s_fpclassify.o)
 .bss           0x0000000008013160        0x0 c:/altera/15.0/_/nios2eds/bin/gnu/h-x86_64-mingw32/bin/../lib/gcc/nios2-elf/4.9.1/../../../../../H-x86_64-mingw32/nios2-elf/lib\libc.a(lib_a-sbrkr.o)
 .bss           0x0000000008013160        0x0 c:/altera/15.0/_/nios2eds/bin/gnu/h-x86_64-mingw32/bin/../lib/gcc/nios2-elf/4.9.1/../../../../../H-x86_64-mingw32/nios2-elf/lib\libc.a(lib_a-stdio.o)
 .bss           0x0000000008013160        0x0 c:/altera/15.0/_/nios2eds/bin/gnu/h-x86_64-mingw32/bin/../lib/gcc/nios2-elf/4.9.1/../../../../../H-x86_64-mingw32/nios2-elf/lib\libc.a(lib_a-strcmp.o)
 .bss           0x0000000008013160        0x0 c:/altera/15.0/_/nios2eds/bin/gnu/h-x86_64-mingw32/bin/../lib/gcc/nios2-elf/4.9.1/../../../../../H-x86_64-mingw32/nios2-elf/lib\libc.a(lib_a-vfiprintf.o)
 .bss           0x0000000008013160        0x0 c:/altera/15.0/_/nios2eds/bin/gnu/h-x86_64-mingw32/bin/../lib/gcc/nios2-elf/4.9.1/../../../../../H-x86_64-mingw32/nios2-elf/lib\libc.a(lib_a-writer.o)
 .bss           0x0000000008013160        0x0 c:/altera/15.0/_/nios2eds/bin/gnu/h-x86_64-mingw32/bin/../lib/gcc/nios2-elf/4.9.1/../../../../../H-x86_64-mingw32/nios2-elf/lib\libc.a(closer.o)
 .bss           0x0000000008013160        0x0 c:/altera/15.0/_/nios2eds/bin/gnu/h-x86_64-mingw32/bin/../lib/gcc/nios2-elf/4.9.1/../../../../../H-x86_64-mingw32/nios2-elf/lib\libc.a(lib_a-callocr.o)
 .bss           0x0000000008013160        0x0 c:/altera/15.0/_/nios2eds/bin/gnu/h-x86_64-mingw32/bin/../lib/gcc/nios2-elf/4.9.1/../../../../../H-x86_64-mingw32/nios2-elf/lib\libc.a(lib_a-fclose.o)
 .bss           0x0000000008013160        0x0 c:/altera/15.0/_/nios2eds/bin/gnu/h-x86_64-mingw32/bin/../lib/gcc/nios2-elf/4.9.1/../../../../../H-x86_64-mingw32/nios2-elf/lib\libc.a(lib_a-fputwc.o)
 .bss           0x0000000008013160        0x0 c:/altera/15.0/_/nios2eds/bin/gnu/h-x86_64-mingw32/bin/../lib/gcc/nios2-elf/4.9.1/../../../../../H-x86_64-mingw32/nios2-elf/lib\libc.a(lib_a-fstatr.o)
 .bss           0x0000000008013160        0x0 c:/altera/15.0/_/nios2eds/bin/gnu/h-x86_64-mingw32/bin/../lib/gcc/nios2-elf/4.9.1/../../../../../H-x86_64-mingw32/nios2-elf/lib\libc.a(lib_a-isattyr.o)
 .bss           0x0000000008013160        0x0 c:/altera/15.0/_/nios2eds/bin/gnu/h-x86_64-mingw32/bin/../lib/gcc/nios2-elf/4.9.1/../../../../../H-x86_64-mingw32/nios2-elf/lib\libc.a(lib_a-lseekr.o)
 .bss           0x0000000008013160        0x0 c:/altera/15.0/_/nios2eds/bin/gnu/h-x86_64-mingw32/bin/../lib/gcc/nios2-elf/4.9.1/../../../../../H-x86_64-mingw32/nios2-elf/lib\libc.a(lib_a-readr.o)
 .bss           0x0000000008013160        0x0 c:/altera/15.0/_/nios2eds/bin/gnu/h-x86_64-mingw32/bin/../lib/gcc/nios2-elf/4.9.1/../../../../../H-x86_64-mingw32/nios2-elf/lib\libc.a(lib_a-wbuf.o)
 .bss           0x0000000008013160        0x0 c:/altera/15.0/_/nios2eds/bin/gnu/h-x86_64-mingw32/bin/../lib/gcc/nios2-elf/4.9.1/../../../../../H-x86_64-mingw32/nios2-elf/lib\libc.a(lib_a-wcrtomb.o)
 .bss           0x0000000008013160        0x0 c:/altera/15.0/_/nios2eds/bin/gnu/h-x86_64-mingw32/bin/../lib/gcc/nios2-elf/4.9.1/../../../../../H-x86_64-mingw32/nios2-elf/lib\libc.a(lib_a-wctomb_r.o)
 .bss           0x0000000008013160        0x0 c:/altera/15.0/_/nios2eds/bin/gnu/h-x86_64-mingw32/bin/../lib/gcc/nios2-elf/4.9.1\libgcc.a(_udivdi3.o)
 .bss           0x0000000008013160        0x0 c:/altera/15.0/_/nios2eds/bin/gnu/h-x86_64-mingw32/bin/../lib/gcc/nios2-elf/4.9.1\libgcc.a(_umoddi3.o)
 .bss           0x0000000008013160        0x0 c:/altera/15.0/_/nios2eds/bin/gnu/h-x86_64-mingw32/bin/../lib/gcc/nios2-elf/4.9.1\libgcc.a(lib2-divmod.o)
 .bss           0x0000000008013160        0x0 c:/altera/15.0/_/nios2eds/bin/gnu/h-x86_64-mingw32/bin/../lib/gcc/nios2-elf/4.9.1\libgcc.a(adddf3.o)
 .bss           0x0000000008013160        0x0 c:/altera/15.0/_/nios2eds/bin/gnu/h-x86_64-mingw32/bin/../lib/gcc/nios2-elf/4.9.1\libgcc.a(divdf3.o)
 .bss           0x0000000008013160        0x0 c:/altera/15.0/_/nios2eds/bin/gnu/h-x86_64-mingw32/bin/../lib/gcc/nios2-elf/4.9.1\libgcc.a(eqdf2.o)
 .bss           0x0000000008013160        0x0 c:/altera/15.0/_/nios2eds/bin/gnu/h-x86_64-mingw32/bin/../lib/gcc/nios2-elf/4.9.1\libgcc.a(gedf2.o)
 .bss           0x0000000008013160        0x0 c:/altera/15.0/_/nios2eds/bin/gnu/h-x86_64-mingw32/bin/../lib/gcc/nios2-elf/4.9.1\libgcc.a(ledf2.o)
 .bss           0x0000000008013160        0x0 c:/altera/15.0/_/nios2eds/bin/gnu/h-x86_64-mingw32/bin/../lib/gcc/nios2-elf/4.9.1\libgcc.a(muldf3.o)
 .bss           0x0000000008013160        0x0 c:/altera/15.0/_/nios2eds/bin/gnu/h-x86_64-mingw32/bin/../lib/gcc/nios2-elf/4.9.1\libgcc.a(subdf3.o)
 .bss           0x0000000008013160        0x0 c:/altera/15.0/_/nios2eds/bin/gnu/h-x86_64-mingw32/bin/../lib/gcc/nios2-elf/4.9.1\libgcc.a(fixdfsi.o)
 .bss           0x0000000008013160        0x0 c:/altera/15.0/_/nios2eds/bin/gnu/h-x86_64-mingw32/bin/../lib/gcc/nios2-elf/4.9.1\libgcc.a(floatsidf.o)
 .bss           0x0000000008013160        0x0 c:/altera/15.0/_/nios2eds/bin/gnu/h-x86_64-mingw32/bin/../lib/gcc/nios2-elf/4.9.1\libgcc.a(floatunsidf.o)
 .bss           0x0000000008013160        0x0 c:/altera/15.0/_/nios2eds/bin/gnu/h-x86_64-mingw32/bin/../lib/gcc/nios2-elf/4.9.1\libgcc.a(_clz.o)
 .bss           0x0000000008013160        0x0 c:/altera/15.0/_/nios2eds/bin/gnu/h-x86_64-mingw32/bin/../lib/gcc/nios2-elf/4.9.1\libgcc.a(_clzsi2.o)
 .bss           0x0000000008013160        0x0 ../healthsensor_bsp/\libhal_bsp.a(alt_close.o)
 .bss           0x0000000008013160        0x0 ../healthsensor_bsp/\libhal_bsp.a(alt_dev.o)
 .bss           0x0000000008013160        0x0 ../healthsensor_bsp/\libhal_bsp.a(alt_errno.o)
 .bss           0x0000000008013160        0x0 ../healthsensor_bsp/\libhal_bsp.a(alt_fstat.o)
 .bss           0x0000000008013160        0x0 ../healthsensor_bsp/\libhal_bsp.a(alt_gettod.o)
 .bss           0x0000000008013160        0x0 ../healthsensor_bsp/\libhal_bsp.a(alt_isatty.o)
 .bss           0x0000000008013160        0x0 ../healthsensor_bsp/\libhal_bsp.a(alt_load.o)
 .bss           0x0000000008013160        0x0 ../healthsensor_bsp/\libhal_bsp.a(alt_lseek.o)
 .bss           0x0000000008013160        0x0 ../healthsensor_bsp/\libhal_bsp.a(alt_main.o)
 .bss           0x0000000008013160        0x0 ../healthsensor_bsp/\libhal_bsp.a(alt_malloc_lock.o)
 .bss           0x0000000008013160        0x0 ../healthsensor_bsp/\libhal_bsp.a(alt_read.o)
 .bss           0x0000000008013160        0x0 ../healthsensor_bsp/\libhal_bsp.a(alt_release_fd.o)
 .bss           0x0000000008013160        0x0 ../healthsensor_bsp/\libhal_bsp.a(alt_sbrk.o)
 .bss           0x0000000008013160        0x0 ../healthsensor_bsp/\libhal_bsp.a(alt_tick.o)
 .bss           0x0000000008013160        0x0 ../healthsensor_bsp/\libhal_bsp.a(alt_write.o)
 .bss           0x0000000008013160        0x0 ../healthsensor_bsp/\libhal_bsp.a(alt_sys_init.o)
 .bss           0x0000000008013160        0x0 ../healthsensor_bsp/\libhal_bsp.a(altera_avalon_jtag_uart_fd.o)
 .bss           0x0000000008013160        0x0 ../healthsensor_bsp/\libhal_bsp.a(altera_avalon_jtag_uart_init.o)
 .bss           0x0000000008013160        0x0 ../healthsensor_bsp/\libhal_bsp.a(altera_avalon_jtag_uart_ioctl.o)
 .bss           0x0000000008013160        0x0 ../healthsensor_bsp/\libhal_bsp.a(altera_avalon_jtag_uart_read.o)
 .bss           0x0000000008013160        0x0 ../healthsensor_bsp/\libhal_bsp.a(altera_avalon_jtag_uart_write.o)
 .bss           0x0000000008013160        0x0 ../healthsensor_bsp/\libhal_bsp.a(altera_avalon_timer_sc.o)
 .bss           0x0000000008013160        0x0 ../healthsensor_bsp/\libhal_bsp.a(altera_up_avalon_character_lcd.o)
 .bss           0x0000000008013160        0x0 ../healthsensor_bsp/\libhal_bsp.a(alt_alarm_start.o)
 .bss           0x0000000008013160        0x0 ../healthsensor_bsp/\libhal_bsp.a(alt_dcache_flush_all.o)
 .bss           0x0000000008013160        0x0 ../healthsensor_bsp/\libhal_bsp.a(alt_dev_llist_insert.o)
 .bss           0x0000000008013160        0x0 ../healthsensor_bsp/\libhal_bsp.a(alt_do_ctors.o)
 .bss           0x0000000008013160        0x0 ../healthsensor_bsp/\libhal_bsp.a(alt_do_dtors.o)
 .bss           0x0000000008013160        0x0 ../healthsensor_bsp/\libhal_bsp.a(alt_find_dev.o)
 .bss           0x0000000008013160        0x0 ../healthsensor_bsp/\libhal_bsp.a(alt_icache_flush_all.o)
 .bss           0x0000000008013160        0x0 ../healthsensor_bsp/\libhal_bsp.a(alt_iic.o)
 .bss           0x0000000008013160        0x0 ../healthsensor_bsp/\libhal_bsp.a(alt_iic_isr_register.o)
 .bss           0x0000000008013160        0x0 ../healthsensor_bsp/\libhal_bsp.a(alt_io_redirect.o)
 .bss           0x0000000008013160        0x0 ../healthsensor_bsp/\libhal_bsp.a(alt_irq_entry.o)
 .bss           0x0000000008013160        0x0 ../healthsensor_bsp/\libhal_bsp.a(alt_irq_handler.o)
 .bss           0x0000000008013160        0x0 ../healthsensor_bsp/\libhal_bsp.a(alt_irq_vars.o)
 .bss           0x0000000008013160        0x0 ../healthsensor_bsp/\libhal_bsp.a(alt_open.o)
 .bss           0x0000000008013160        0x0 ../healthsensor_bsp/\libhal_bsp.a(altera_nios2_qsys_irq.o)
 .bss           0x0000000008013160        0x0 ../healthsensor_bsp/\libhal_bsp.a(alt_exception_entry.o)
 .bss           0x0000000008013160        0x0 ../healthsensor_bsp/\libhal_bsp.a(alt_find_file.o)
 .bss           0x0000000008013160        0x0 ../healthsensor_bsp/\libhal_bsp.a(alt_get_fd.o)
 .bss           0x0000000008013160        0x0 ../healthsensor_bsp/\libhal_bsp.a(alt_icache_flush.o)
 .bss           0x0000000008013160        0x0 c:/altera/15.0/_/nios2eds/bin/gnu/h-x86_64-mingw32/bin/../lib/gcc/nios2-elf/4.9.1/../../../../../H-x86_64-mingw32/nios2-elf/lib\libc.a(lib_a-atexit.o)
 .bss           0x0000000008013160        0x0 c:/altera/15.0/_/nios2eds/bin/gnu/h-x86_64-mingw32/bin/../lib/gcc/nios2-elf/4.9.1/../../../../../H-x86_64-mingw32/nios2-elf/lib\libc.a(lib_a-exit.o)
 .bss           0x0000000008013160        0x0 c:/altera/15.0/_/nios2eds/bin/gnu/h-x86_64-mingw32/bin/../lib/gcc/nios2-elf/4.9.1/../../../../../H-x86_64-mingw32/nios2-elf/lib\libc.a(lib_a-memcmp.o)
 .bss           0x0000000008013160        0x0 c:/altera/15.0/_/nios2eds/bin/gnu/h-x86_64-mingw32/bin/../lib/gcc/nios2-elf/4.9.1/../../../../../H-x86_64-mingw32/nios2-elf/lib\libc.a(lib_a-__atexit.o)
 .bss           0x0000000008013160        0x0 c:/altera/15.0/_/nios2eds/bin/gnu/h-x86_64-mingw32/bin/../lib/gcc/nios2-elf/4.9.1/../../../../../H-x86_64-mingw32/nios2-elf/lib\libc.a(lib_a-__call_atexit.o)
 .bss           0x0000000008013160        0x0 c:/altera/15.0/_/nios2eds/bin/gnu/h-x86_64-mingw32/bin/../lib/gcc/nios2-elf/4.9.1\libgcc.a(_muldi3.o)
 .bss           0x0000000008013160        0x0 ../healthsensor_bsp/\libhal_bsp.a(alt_exit.o)
 *(COMMON)
 COMMON         0x0000000008013160      0x100 ../healthsensor_bsp/\libhal_bsp.a(alt_irq_handler.o)
                0x0000000008013160                alt_irq
                0x0000000008013260                . = ALIGN (0x4)
                0x0000000008013260                __bss_end = ABSOLUTE (.)

.sdram          0x0000000008013260        0x0
                0x0000000008013260                PROVIDE (_alt_partition_sdram_start, ABSOLUTE (.))
 *(.sdram .sdram. sdram.*)
                0x0000000008013260                . = ALIGN (0x4)
                0x0000000008013260                PROVIDE (_alt_partition_sdram_end, ABSOLUTE (.))
                0x0000000008013260                _end = ABSOLUTE (.)
                0x0000000008013260                end = ABSOLUTE (.)
                0x0000000008013260                __alt_stack_base = ABSOLUTE (.)
                0x0000000008013260                PROVIDE (_alt_partition_sdram_load_addr, LOADADDR (.sdram))

.stab
 *(.stab)

.stabstr
 *(.stabstr)

.stab.excl
 *(.stab.excl)

.stab.exclstr
 *(.stab.exclstr)

.stab.index
 *(.stab.index)

.stab.indexstr
 *(.stab.indexstr)

.comment        0x0000000000000000       0x23
 *(.comment)
 .comment       0x0000000000000000       0x23 obj/default/hello_world.o
                                         0x24 (size before relaxing)
 .comment       0x0000000000000000       0x24 c:/altera/15.0/_/nios2eds/bin/gnu/h-x86_64-mingw32/bin/../lib/gcc/nios2-elf/4.9.1/../../../../../H-x86_64-mingw32/nios2-elf/lib\libc.a(lib_a-printf.o)
 .comment       0x0000000000000000       0x24 c:/altera/15.0/_/nios2eds/bin/gnu/h-x86_64-mingw32/bin/../lib/gcc/nios2-elf/4.9.1/../../../../../H-x86_64-mingw32/nios2-elf/lib\libc.a(lib_a-puts.o)
 .comment       0x0000000000000000       0x24 c:/altera/15.0/_/nios2eds/bin/gnu/h-x86_64-mingw32/bin/../lib/gcc/nios2-elf/4.9.1/../../../../../H-x86_64-mingw32/nios2-elf/lib\libc.a(lib_a-strlen.o)
 .comment       0x0000000000000000       0x24 c:/altera/15.0/_/nios2eds/bin/gnu/h-x86_64-mingw32/bin/../lib/gcc/nios2-elf/4.9.1/../../../../../H-x86_64-mingw32/nios2-elf/lib\libc.a(lib_a-time.o)
 .comment       0x0000000000000000       0x24 c:/altera/15.0/_/nios2eds/bin/gnu/h-x86_64-mingw32/bin/../lib/gcc/nios2-elf/4.9.1/../../../../../H-x86_64-mingw32/nios2-elf/lib\libc.a(lib_a-vfprintf.o)
 .comment       0x0000000000000000       0x24 c:/altera/15.0/_/nios2eds/bin/gnu/h-x86_64-mingw32/bin/../lib/gcc/nios2-elf/4.9.1/../../../../../H-x86_64-mingw32/nios2-elf/lib\libc.a(lib_a-wsetup.o)
 .comment       0x0000000000000000       0x24 c:/altera/15.0/_/nios2eds/bin/gnu/h-x86_64-mingw32/bin/../lib/gcc/nios2-elf/4.9.1/../../../../../H-x86_64-mingw32/nios2-elf/lib\libc.a(lib_a-dtoa.o)
 .comment       0x0000000000000000       0x24 c:/altera/15.0/_/nios2eds/bin/gnu/h-x86_64-mingw32/bin/../lib/gcc/nios2-elf/4.9.1/../../../../../H-x86_64-mingw32/nios2-elf/lib\libc.a(lib_a-fflush.o)
 .comment       0x0000000000000000       0x24 c:/altera/15.0/_/nios2eds/bin/gnu/h-x86_64-mingw32/bin/../lib/gcc/nios2-elf/4.9.1/../../../../../H-x86_64-mingw32/nios2-elf/lib\libc.a(lib_a-findfp.o)
 .comment       0x0000000000000000       0x24 c:/altera/15.0/_/nios2eds/bin/gnu/h-x86_64-mingw32/bin/../lib/gcc/nios2-elf/4.9.1/../../../../../H-x86_64-mingw32/nios2-elf/lib\libc.a(lib_a-freer.o)
 .comment       0x0000000000000000       0x24 c:/altera/15.0/_/nios2eds/bin/gnu/h-x86_64-mingw32/bin/../lib/gcc/nios2-elf/4.9.1/../../../../../H-x86_64-mingw32/nios2-elf/lib\libc.a(lib_a-fvwrite.o)
 .comment       0x0000000000000000       0x24 c:/altera/15.0/_/nios2eds/bin/gnu/h-x86_64-mingw32/bin/../lib/gcc/nios2-elf/4.9.1/../../../../../H-x86_64-mingw32/nios2-elf/lib\libc.a(lib_a-fwalk.o)
 .comment       0x0000000000000000       0x24 c:/altera/15.0/_/nios2eds/bin/gnu/h-x86_64-mingw32/bin/../lib/gcc/nios2-elf/4.9.1/../../../../../H-x86_64-mingw32/nios2-elf/lib\libc.a(lib_a-gettimeofdayr.o)
 .comment       0x0000000000000000       0x24 c:/altera/15.0/_/nios2eds/bin/gnu/h-x86_64-mingw32/bin/../lib/gcc/nios2-elf/4.9.1/../../../../../H-x86_64-mingw32/nios2-elf/lib\libc.a(lib_a-impure.o)
 .comment       0x0000000000000000       0x24 c:/altera/15.0/_/nios2eds/bin/gnu/h-x86_64-mingw32/bin/../lib/gcc/nios2-elf/4.9.1/../../../../../H-x86_64-mingw32/nios2-elf/lib\libc.a(lib_a-int_errno.o)
 .comment       0x0000000000000000       0x24 c:/altera/15.0/_/nios2eds/bin/gnu/h-x86_64-mingw32/bin/../lib/gcc/nios2-elf/4.9.1/../../../../../H-x86_64-mingw32/nios2-elf/lib\libc.a(lib_a-locale.o)
 .comment       0x0000000000000000       0x24 c:/altera/15.0/_/nios2eds/bin/gnu/h-x86_64-mingw32/bin/../lib/gcc/nios2-elf/4.9.1/../../../../../H-x86_64-mingw32/nios2-elf/lib\libc.a(lib_a-makebuf.o)
 .comment       0x0000000000000000       0x24 c:/altera/15.0/_/nios2eds/bin/gnu/h-x86_64-mingw32/bin/../lib/gcc/nios2-elf/4.9.1/../../../../../H-x86_64-mingw32/nios2-elf/lib\libc.a(lib_a-mallocr.o)
 .comment       0x0000000000000000       0x24 c:/altera/15.0/_/nios2eds/bin/gnu/h-x86_64-mingw32/bin/../lib/gcc/nios2-elf/4.9.1/../../../../../H-x86_64-mingw32/nios2-elf/lib\libc.a(lib_a-memchr.o)
 .comment       0x0000000000000000       0x24 c:/altera/15.0/_/nios2eds/bin/gnu/h-x86_64-mingw32/bin/../lib/gcc/nios2-elf/4.9.1/../../../../../H-x86_64-mingw32/nios2-elf/lib\libc.a(lib_a-memcpy.o)
 .comment       0x0000000000000000       0x24 c:/altera/15.0/_/nios2eds/bin/gnu/h-x86_64-mingw32/bin/../lib/gcc/nios2-elf/4.9.1/../../../../../H-x86_64-mingw32/nios2-elf/lib\libc.a(lib_a-memmove.o)
 .comment       0x0000000000000000       0x24 c:/altera/15.0/_/nios2eds/bin/gnu/h-x86_64-mingw32/bin/../lib/gcc/nios2-elf/4.9.1/../../../../../H-x86_64-mingw32/nios2-elf/lib\libc.a(lib_a-memset.o)
 .comment       0x0000000000000000       0x24 c:/altera/15.0/_/nios2eds/bin/gnu/h-x86_64-mingw32/bin/../lib/gcc/nios2-elf/4.9.1/../../../../../H-x86_64-mingw32/nios2-elf/lib\libc.a(lib_a-mprec.o)
 .comment       0x0000000000000000       0x24 c:/altera/15.0/_/nios2eds/bin/gnu/h-x86_64-mingw32/bin/../lib/gcc/nios2-elf/4.9.1/../../../../../H-x86_64-mingw32/nios2-elf/lib\libc.a(lib_a-reallocr.o)
 .comment       0x0000000000000000       0x24 c:/altera/15.0/_/nios2eds/bin/gnu/h-x86_64-mingw32/bin/../lib/gcc/nios2-elf/4.9.1/../../../../../H-x86_64-mingw32/nios2-elf/lib\libc.a(lib_a-s_fpclassify.o)
 .comment       0x0000000000000000       0x24 c:/altera/15.0/_/nios2eds/bin/gnu/h-x86_64-mingw32/bin/../lib/gcc/nios2-elf/4.9.1/../../../../../H-x86_64-mingw32/nios2-elf/lib\libc.a(lib_a-sbrkr.o)
 .comment       0x0000000000000000       0x24 c:/altera/15.0/_/nios2eds/bin/gnu/h-x86_64-mingw32/bin/../lib/gcc/nios2-elf/4.9.1/../../../../../H-x86_64-mingw32/nios2-elf/lib\libc.a(lib_a-stdio.o)
 .comment       0x0000000000000000       0x24 c:/altera/15.0/_/nios2eds/bin/gnu/h-x86_64-mingw32/bin/../lib/gcc/nios2-elf/4.9.1/../../../../../H-x86_64-mingw32/nios2-elf/lib\libc.a(lib_a-strcmp.o)
 .comment       0x0000000000000000       0x24 c:/altera/15.0/_/nios2eds/bin/gnu/h-x86_64-mingw32/bin/../lib/gcc/nios2-elf/4.9.1/../../../../../H-x86_64-mingw32/nios2-elf/lib\libc.a(lib_a-vfiprintf.o)
 .comment       0x0000000000000000       0x24 c:/altera/15.0/_/nios2eds/bin/gnu/h-x86_64-mingw32/bin/../lib/gcc/nios2-elf/4.9.1/../../../../../H-x86_64-mingw32/nios2-elf/lib\libc.a(lib_a-writer.o)
 .comment       0x0000000000000000       0x24 c:/altera/15.0/_/nios2eds/bin/gnu/h-x86_64-mingw32/bin/../lib/gcc/nios2-elf/4.9.1/../../../../../H-x86_64-mingw32/nios2-elf/lib\libc.a(closer.o)
 .comment       0x0000000000000000       0x24 c:/altera/15.0/_/nios2eds/bin/gnu/h-x86_64-mingw32/bin/../lib/gcc/nios2-elf/4.9.1/../../../../../H-x86_64-mingw32/nios2-elf/lib\libc.a(lib_a-callocr.o)
 .comment       0x0000000000000000       0x24 c:/altera/15.0/_/nios2eds/bin/gnu/h-x86_64-mingw32/bin/../lib/gcc/nios2-elf/4.9.1/../../../../../H-x86_64-mingw32/nios2-elf/lib\libc.a(lib_a-fclose.o)
 .comment       0x0000000000000000       0x24 c:/altera/15.0/_/nios2eds/bin/gnu/h-x86_64-mingw32/bin/../lib/gcc/nios2-elf/4.9.1/../../../../../H-x86_64-mingw32/nios2-elf/lib\libc.a(lib_a-fputwc.o)
 .comment       0x0000000000000000       0x24 c:/altera/15.0/_/nios2eds/bin/gnu/h-x86_64-mingw32/bin/../lib/gcc/nios2-elf/4.9.1/../../../../../H-x86_64-mingw32/nios2-elf/lib\libc.a(lib_a-fstatr.o)
 .comment       0x0000000000000000       0x24 c:/altera/15.0/_/nios2eds/bin/gnu/h-x86_64-mingw32/bin/../lib/gcc/nios2-elf/4.9.1/../../../../../H-x86_64-mingw32/nios2-elf/lib\libc.a(lib_a-isattyr.o)
 .comment       0x0000000000000000       0x24 c:/altera/15.0/_/nios2eds/bin/gnu/h-x86_64-mingw32/bin/../lib/gcc/nios2-elf/4.9.1/../../../../../H-x86_64-mingw32/nios2-elf/lib\libc.a(lib_a-lseekr.o)
 .comment       0x0000000000000000       0x24 c:/altera/15.0/_/nios2eds/bin/gnu/h-x86_64-mingw32/bin/../lib/gcc/nios2-elf/4.9.1/../../../../../H-x86_64-mingw32/nios2-elf/lib\libc.a(lib_a-readr.o)
 .comment       0x0000000000000000       0x24 c:/altera/15.0/_/nios2eds/bin/gnu/h-x86_64-mingw32/bin/../lib/gcc/nios2-elf/4.9.1/../../../../../H-x86_64-mingw32/nios2-elf/lib\libc.a(lib_a-wbuf.o)
 .comment       0x0000000000000000       0x24 c:/altera/15.0/_/nios2eds/bin/gnu/h-x86_64-mingw32/bin/../lib/gcc/nios2-elf/4.9.1/../../../../../H-x86_64-mingw32/nios2-elf/lib\libc.a(lib_a-wcrtomb.o)
 .comment       0x0000000000000000       0x24 c:/altera/15.0/_/nios2eds/bin/gnu/h-x86_64-mingw32/bin/../lib/gcc/nios2-elf/4.9.1/../../../../../H-x86_64-mingw32/nios2-elf/lib\libc.a(lib_a-wctomb_r.o)
 .comment       0x0000000000000000       0x24 c:/altera/15.0/_/nios2eds/bin/gnu/h-x86_64-mingw32/bin/../lib/gcc/nios2-elf/4.9.1\libgcc.a(_udivdi3.o)
 .comment       0x0000000000000000       0x24 c:/altera/15.0/_/nios2eds/bin/gnu/h-x86_64-mingw32/bin/../lib/gcc/nios2-elf/4.9.1\libgcc.a(_umoddi3.o)
 .comment       0x0000000000000000       0x24 c:/altera/15.0/_/nios2eds/bin/gnu/h-x86_64-mingw32/bin/../lib/gcc/nios2-elf/4.9.1\libgcc.a(lib2-divmod.o)
 .comment       0x0000000000000000       0x24 c:/altera/15.0/_/nios2eds/bin/gnu/h-x86_64-mingw32/bin/../lib/gcc/nios2-elf/4.9.1\libgcc.a(adddf3.o)
 .comment       0x0000000000000000       0x24 c:/altera/15.0/_/nios2eds/bin/gnu/h-x86_64-mingw32/bin/../lib/gcc/nios2-elf/4.9.1\libgcc.a(divdf3.o)
 .comment       0x0000000000000000       0x24 c:/altera/15.0/_/nios2eds/bin/gnu/h-x86_64-mingw32/bin/../lib/gcc/nios2-elf/4.9.1\libgcc.a(eqdf2.o)
 .comment       0x0000000000000000       0x24 c:/altera/15.0/_/nios2eds/bin/gnu/h-x86_64-mingw32/bin/../lib/gcc/nios2-elf/4.9.1\libgcc.a(gedf2.o)
 .comment       0x0000000000000000       0x24 c:/altera/15.0/_/nios2eds/bin/gnu/h-x86_64-mingw32/bin/../lib/gcc/nios2-elf/4.9.1\libgcc.a(ledf2.o)
 .comment       0x0000000000000000       0x24 c:/altera/15.0/_/nios2eds/bin/gnu/h-x86_64-mingw32/bin/../lib/gcc/nios2-elf/4.9.1\libgcc.a(muldf3.o)
 .comment       0x0000000000000000       0x24 c:/altera/15.0/_/nios2eds/bin/gnu/h-x86_64-mingw32/bin/../lib/gcc/nios2-elf/4.9.1\libgcc.a(subdf3.o)
 .comment       0x0000000000000000       0x24 c:/altera/15.0/_/nios2eds/bin/gnu/h-x86_64-mingw32/bin/../lib/gcc/nios2-elf/4.9.1\libgcc.a(fixdfsi.o)
 .comment       0x0000000000000000       0x24 c:/altera/15.0/_/nios2eds/bin/gnu/h-x86_64-mingw32/bin/../lib/gcc/nios2-elf/4.9.1\libgcc.a(floatsidf.o)
 .comment       0x0000000000000000       0x24 c:/altera/15.0/_/nios2eds/bin/gnu/h-x86_64-mingw32/bin/../lib/gcc/nios2-elf/4.9.1\libgcc.a(floatunsidf.o)
 .comment       0x0000000000000000       0x24 c:/altera/15.0/_/nios2eds/bin/gnu/h-x86_64-mingw32/bin/../lib/gcc/nios2-elf/4.9.1\libgcc.a(_clz.o)
 .comment       0x0000000000000000       0x24 c:/altera/15.0/_/nios2eds/bin/gnu/h-x86_64-mingw32/bin/../lib/gcc/nios2-elf/4.9.1\libgcc.a(_clzsi2.o)
 .comment       0x0000000000000000       0x24 ../healthsensor_bsp/\libhal_bsp.a(alt_close.o)
 .comment       0x0000000000000000       0x24 ../healthsensor_bsp/\libhal_bsp.a(alt_dev.o)
 .comment       0x0000000000000000       0x24 ../healthsensor_bsp/\libhal_bsp.a(alt_errno.o)
 .comment       0x0000000000000000       0x24 ../healthsensor_bsp/\libhal_bsp.a(alt_fstat.o)
 .comment       0x0000000000000000       0x24 ../healthsensor_bsp/\libhal_bsp.a(alt_gettod.o)
 .comment       0x0000000000000000       0x24 ../healthsensor_bsp/\libhal_bsp.a(alt_isatty.o)
 .comment       0x0000000000000000       0x24 ../healthsensor_bsp/\libhal_bsp.a(alt_load.o)
 .comment       0x0000000000000000       0x24 ../healthsensor_bsp/\libhal_bsp.a(alt_lseek.o)
 .comment       0x0000000000000000       0x24 ../healthsensor_bsp/\libhal_bsp.a(alt_main.o)
 .comment       0x0000000000000000       0x24 ../healthsensor_bsp/\libhal_bsp.a(alt_malloc_lock.o)
 .comment       0x0000000000000000       0x24 ../healthsensor_bsp/\libhal_bsp.a(alt_read.o)
 .comment       0x0000000000000000       0x24 ../healthsensor_bsp/\libhal_bsp.a(alt_release_fd.o)
 .comment       0x0000000000000000       0x24 ../healthsensor_bsp/\libhal_bsp.a(alt_sbrk.o)
 .comment       0x0000000000000000       0x24 ../healthsensor_bsp/\libhal_bsp.a(alt_tick.o)
 .comment       0x0000000000000000       0x24 ../healthsensor_bsp/\libhal_bsp.a(alt_write.o)
 .comment       0x0000000000000000       0x24 ../healthsensor_bsp/\libhal_bsp.a(alt_sys_init.o)
 .comment       0x0000000000000000       0x24 ../healthsensor_bsp/\libhal_bsp.a(altera_avalon_jtag_uart_fd.o)
 .comment       0x0000000000000000       0x24 ../healthsensor_bsp/\libhal_bsp.a(altera_avalon_jtag_uart_init.o)
 .comment       0x0000000000000000       0x24 ../healthsensor_bsp/\libhal_bsp.a(altera_avalon_jtag_uart_ioctl.o)
 .comment       0x0000000000000000       0x24 ../healthsensor_bsp/\libhal_bsp.a(altera_avalon_jtag_uart_read.o)
 .comment       0x0000000000000000       0x24 ../healthsensor_bsp/\libhal_bsp.a(altera_avalon_jtag_uart_write.o)
 .comment       0x0000000000000000       0x24 ../healthsensor_bsp/\libhal_bsp.a(altera_avalon_timer_sc.o)
 .comment       0x0000000000000000       0x24 ../healthsensor_bsp/\libhal_bsp.a(altera_up_avalon_character_lcd.o)
 .comment       0x0000000000000000       0x24 ../healthsensor_bsp/\libhal_bsp.a(alt_alarm_start.o)
 .comment       0x0000000000000000       0x24 ../healthsensor_bsp/\libhal_bsp.a(alt_dcache_flush_all.o)
 .comment       0x0000000000000000       0x24 ../healthsensor_bsp/\libhal_bsp.a(alt_dev_llist_insert.o)
 .comment       0x0000000000000000       0x24 ../healthsensor_bsp/\libhal_bsp.a(alt_do_ctors.o)
 .comment       0x0000000000000000       0x24 ../healthsensor_bsp/\libhal_bsp.a(alt_do_dtors.o)
 .comment       0x0000000000000000       0x24 ../healthsensor_bsp/\libhal_bsp.a(alt_find_dev.o)
 .comment       0x0000000000000000       0x24 ../healthsensor_bsp/\libhal_bsp.a(alt_icache_flush_all.o)
 .comment       0x0000000000000000       0x24 ../healthsensor_bsp/\libhal_bsp.a(alt_iic.o)
 .comment       0x0000000000000000       0x24 ../healthsensor_bsp/\libhal_bsp.a(alt_iic_isr_register.o)
 .comment       0x0000000000000000       0x24 ../healthsensor_bsp/\libhal_bsp.a(alt_io_redirect.o)
 .comment       0x0000000000000000       0x24 ../healthsensor_bsp/\libhal_bsp.a(alt_irq_handler.o)
 .comment       0x0000000000000000       0x24 ../healthsensor_bsp/\libhal_bsp.a(alt_irq_vars.o)
 .comment       0x0000000000000000       0x24 ../healthsensor_bsp/\libhal_bsp.a(alt_open.o)
 .comment       0x0000000000000000       0x24 ../healthsensor_bsp/\libhal_bsp.a(altera_nios2_qsys_irq.o)
 .comment       0x0000000000000000       0x24 ../healthsensor_bsp/\libhal_bsp.a(alt_find_file.o)
 .comment       0x0000000000000000       0x24 ../healthsensor_bsp/\libhal_bsp.a(alt_get_fd.o)
 .comment       0x0000000000000000       0x24 ../healthsensor_bsp/\libhal_bsp.a(alt_icache_flush.o)
 .comment       0x0000000000000000       0x24 c:/altera/15.0/_/nios2eds/bin/gnu/h-x86_64-mingw32/bin/../lib/gcc/nios2-elf/4.9.1/../../../../../H-x86_64-mingw32/nios2-elf/lib\libc.a(lib_a-atexit.o)
 .comment       0x0000000000000000       0x24 c:/altera/15.0/_/nios2eds/bin/gnu/h-x86_64-mingw32/bin/../lib/gcc/nios2-elf/4.9.1/../../../../../H-x86_64-mingw32/nios2-elf/lib\libc.a(lib_a-exit.o)
 .comment       0x0000000000000000       0x24 c:/altera/15.0/_/nios2eds/bin/gnu/h-x86_64-mingw32/bin/../lib/gcc/nios2-elf/4.9.1/../../../../../H-x86_64-mingw32/nios2-elf/lib\libc.a(lib_a-memcmp.o)
 .comment       0x0000000000000000       0x24 c:/altera/15.0/_/nios2eds/bin/gnu/h-x86_64-mingw32/bin/../lib/gcc/nios2-elf/4.9.1/../../../../../H-x86_64-mingw32/nios2-elf/lib\libc.a(lib_a-__atexit.o)
 .comment       0x0000000000000000       0x24 c:/altera/15.0/_/nios2eds/bin/gnu/h-x86_64-mingw32/bin/../lib/gcc/nios2-elf/4.9.1/../../../../../H-x86_64-mingw32/nios2-elf/lib\libc.a(lib_a-__call_atexit.o)
 .comment       0x0000000000000000       0x24 c:/altera/15.0/_/nios2eds/bin/gnu/h-x86_64-mingw32/bin/../lib/gcc/nios2-elf/4.9.1\libgcc.a(_muldi3.o)
 .comment       0x0000000000000000       0x24 ../healthsensor_bsp/\libhal_bsp.a(alt_exit.o)

.debug
 *(.debug)

.line
 *(.line)

.debug_srcinfo
 *(.debug_srcinfo)

.debug_sfnames
 *(.debug_sfnames)

.debug_aranges  0x0000000000000000      0xd68
 *(.debug_aranges)
 .debug_aranges
                0x0000000000000000       0x28 ../healthsensor_bsp//obj/HAL/src/crt0.o
 .debug_aranges
                0x0000000000000028       0x20 obj/default/hello_world.o
 .debug_aranges
                0x0000000000000048       0x20 c:/altera/15.0/_/nios2eds/bin/gnu/h-x86_64-mingw32/bin/../lib/gcc/nios2-elf/4.9.1/../../../../../H-x86_64-mingw32/nios2-elf/lib\libc.a(lib_a-printf.o)
 .debug_aranges
                0x0000000000000068       0x20 c:/altera/15.0/_/nios2eds/bin/gnu/h-x86_64-mingw32/bin/../lib/gcc/nios2-elf/4.9.1/../../../../../H-x86_64-mingw32/nios2-elf/lib\libc.a(lib_a-puts.o)
 .debug_aranges
                0x0000000000000088       0x20 c:/altera/15.0/_/nios2eds/bin/gnu/h-x86_64-mingw32/bin/../lib/gcc/nios2-elf/4.9.1/../../../../../H-x86_64-mingw32/nios2-elf/lib\libc.a(lib_a-strlen.o)
 .debug_aranges
                0x00000000000000a8       0x20 c:/altera/15.0/_/nios2eds/bin/gnu/h-x86_64-mingw32/bin/../lib/gcc/nios2-elf/4.9.1/../../../../../H-x86_64-mingw32/nios2-elf/lib\libc.a(lib_a-time.o)
 .debug_aranges
                0x00000000000000c8       0x20 c:/altera/15.0/_/nios2eds/bin/gnu/h-x86_64-mingw32/bin/../lib/gcc/nios2-elf/4.9.1/../../../../../H-x86_64-mingw32/nios2-elf/lib\libc.a(lib_a-vfprintf.o)
 .debug_aranges
                0x00000000000000e8       0x20 c:/altera/15.0/_/nios2eds/bin/gnu/h-x86_64-mingw32/bin/../lib/gcc/nios2-elf/4.9.1/../../../../../H-x86_64-mingw32/nios2-elf/lib\libc.a(lib_a-wsetup.o)
 .debug_aranges
                0x0000000000000108       0x20 c:/altera/15.0/_/nios2eds/bin/gnu/h-x86_64-mingw32/bin/../lib/gcc/nios2-elf/4.9.1/../../../../../H-x86_64-mingw32/nios2-elf/lib\libc.a(lib_a-dtoa.o)
 .debug_aranges
                0x0000000000000128       0x20 c:/altera/15.0/_/nios2eds/bin/gnu/h-x86_64-mingw32/bin/../lib/gcc/nios2-elf/4.9.1/../../../../../H-x86_64-mingw32/nios2-elf/lib\libc.a(lib_a-fflush.o)
 .debug_aranges